Archive member included to satisfy reference by file (symbol)

/home/gary9555/Desktop/pushbot_new/EDVSBoardOS/MotionDriver/mpl/libmpllib.a(accel_auto_cal.o)
                              ./src/mpu9150.o (inv_enable_in_use_auto_calibration)
/home/gary9555/Desktop/pushbot_new/EDVSBoardOS/MotionDriver/mpl/libmpllib.a(compass_vec_cal.o)
                              /home/gary9555/Desktop/pushbot_new/EDVSBoardOS/MotionDriver/mpl/libmpllib.a(accel_auto_cal.o) (inv_combine_compass_data)
/home/gary9555/Desktop/pushbot_new/EDVSBoardOS/MotionDriver/mpl/libmpllib.a(fast_no_motion.o)
                              /home/gary9555/Desktop/pushbot_new/EDVSBoardOS/MotionDriver/mpl/libmpllib.a(accel_auto_cal.o) (inv_fast_nomot_parameter)
/home/gary9555/Desktop/pushbot_new/EDVSBoardOS/MotionDriver/mpl/libmpllib.a(fusion_9axis.o)
                              ./src/mpu9150.o (inv_9x_fusion_use_timestamps)
/home/gary9555/Desktop/pushbot_new/EDVSBoardOS/MotionDriver/mpl/libmpllib.a(gyro_tc.o)
                              ./src/mpu9150.o (inv_enable_gyro_tc)
/home/gary9555/Desktop/pushbot_new/EDVSBoardOS/MotionDriver/mpl/libmpllib.a(heading_from_gyro.o)
                              ./src/mpu9150.o (inv_enable_heading_from_gyro)
/home/gary9555/Desktop/pushbot_new/EDVSBoardOS/MotionDriver/mpl/libmpllib.a(mag_disturb.o)
                              /home/gary9555/Desktop/pushbot_new/EDVSBoardOS/MotionDriver/mpl/libmpllib.a(compass_vec_cal.o) (inv_set_magnetic_disturbance)
/home/gary9555/Desktop/pushbot_new/EDVSBoardOS/MotionDriver/mpl/libmpllib.a(quaternion_supervisor.o)
                              ./src/mpu9150.o (inv_enable_quaternion)
/home/gary9555/Desktop/pushbot_new/lpc_chip_43xx/Debug/liblpc_chip_43xx.a(adc_18xx_43xx.o)
                              ./src/sensors.o (Chip_ADC_Init)
/home/gary9555/Desktop/pushbot_new/lpc_chip_43xx/Debug/liblpc_chip_43xx.a(chip_18xx_43xx.o)
                              ./src/uart.o (SystemCoreClock)
/home/gary9555/Desktop/pushbot_new/lpc_chip_43xx/Debug/liblpc_chip_43xx.a(clock_18xx_43xx.o)
                              /home/gary9555/Desktop/pushbot_new/lpc_chip_43xx/Debug/liblpc_chip_43xx.a(chip_18xx_43xx.o) (Chip_Clock_GetClockInputHz)
/home/gary9555/Desktop/pushbot_new/lpc_chip_43xx/Debug/liblpc_chip_43xx.a(dac_18xx_43xx.o)
                              ./src/sleep.o (Chip_DAC_Init)
/home/gary9555/Desktop/pushbot_new/lpc_chip_43xx/Debug/liblpc_chip_43xx.a(evrt_18xx_43xx.o)
                              ./src/sleep.o (Chip_EVRT_ConfigIntSrcActiveType)
/home/gary9555/Desktop/pushbot_new/lpc_chip_43xx/Debug/liblpc_chip_43xx.a(fpu_init.o)
                              ./src/sysinit.o (fpuInit)
/home/gary9555/Desktop/pushbot_new/lpc_chip_43xx/Debug/liblpc_chip_43xx.a(i2c_18xx_43xx.o)
                              ./src/mpu9150.o (Chip_I2C_EventHandlerPolling)
/home/gary9555/Desktop/pushbot_new/lpc_chip_43xx/Debug/liblpc_chip_43xx.a(iap_18xx_43xx.o)
                              ./src/utils.o (Chip_IAP_ReinvokeISP)
/home/gary9555/Desktop/pushbot_new/lpc_chip_43xx/Debug/liblpc_chip_43xx.a(otp_18xx_43xx.o)
                              ./src/sysinit.o (Chip_OTP_Init)
/home/gary9555/Desktop/pushbot_new/lpc_chip_43xx/Debug/liblpc_chip_43xx.a(pmc_18xx_43xx.o)
                              ./src/sleep.o (Chip_PMC_Set_PwrState)
/home/gary9555/Desktop/pushbot_new/lpc_chip_43xx/Debug/liblpc_chip_43xx.a(rgu_18xx_43xx.o)
                              ./src/uart.o (Chip_RGU_TriggerReset)
/home/gary9555/Desktop/pushbot_new/lpc_chip_43xx/Debug/liblpc_chip_43xx.a(ritimer_18xx_43xx.o)
                              ./src/main.o (Chip_RIT_Init)
/home/gary9555/Desktop/pushbot_new/lpc_chip_43xx/Debug/liblpc_chip_43xx.a(rtc_18xx_43xx.o)
                              ./src/uart.o (Chip_RTC_Init)
/home/gary9555/Desktop/pushbot_new/lpc_chip_43xx/Debug/liblpc_chip_43xx.a(sysinit_18xx_43xx.o)
                              ./src/sysinit.o (Chip_SetupCoreClock)
/home/gary9555/Desktop/pushbot_new/lpc_chip_43xx/Debug/liblpc_chip_43xx.a(timer_18xx_43xx.o)
                              ./src/DVS128Chip.o (Chip_TIMER_Init)
/home/gary9555/Desktop/pushbot_new/lpc_chip_43xx/Debug/liblpc_chip_43xx.a(uart_18xx_43xx.o)
                              ./src/uart.o (Chip_UART_Init)
/home/gary9555/Desktop/pushbot_new/lpc_chip_43xx/Debug/liblpc_chip_43xx.a(ring_buffer.o)
                              /home/gary9555/Desktop/pushbot_new/lpc_chip_43xx/Debug/liblpc_chip_43xx.a(uart_18xx_43xx.o) (RingBuffer_Insert)
/usr/local/lpcxpresso_8.1.4_606/lpcxpresso/tools/bin/../lib/gcc/arm-none-eabi/5.2.1/armv7e-m/softfp/libgcc.a(_arm_addsubdf3.o)
                              ./src/xprintf.o (__aeabi_dsub)
/usr/local/lpcxpresso_8.1.4_606/lpcxpresso/tools/bin/../lib/gcc/arm-none-eabi/5.2.1/armv7e-m/softfp/libgcc.a(_arm_muldivdf3.o)
                              ./src/xprintf.o (__aeabi_dmul)
/usr/local/lpcxpresso_8.1.4_606/lpcxpresso/tools/bin/../lib/gcc/arm-none-eabi/5.2.1/armv7e-m/softfp/libgcc.a(_arm_cmpdf2.o)
[...]
Memory Configuration

Name             Origin             Length             Attributes
MFlashA512       0x1a000000         0x00040000         xr
MFlashA512_256   0x1a040000         0x00040000         xr
MFlashB512       0x1b000000         0x00080000         xr
RamLoc40         0x10086014         0x00003fec         xrw
M0CodeRam        0x20008000         0x00000400         xrw
RamLoc32         0x10002014         0x00005fec         xrw
EventsBuffer32   0x10080000         0x00006010         xrw
UartBuffer       0x10000000         0x00002014         xrw
M0Start          0x10086010         0x00000004         xrw
RamAHB32         0x20000000         0x00008000         xrw
RamAHB16         0x20008400         0x00003c00         xrw
RamAHB_ETB16     0x2000c000         0x00004000         xrw
*default*        0x00000000         0xffffffff

Linker script and memory map

LOAD ./src/DVS128Chip.o
LOAD ./src/cr_start_m0.o
LOAD ./src/cr_startup_lpc43xx.o
LOAD ./src/extra_pins.o
LOAD ./src/main.o
LOAD ./src/motors.o
LOAD ./src/mpu9150.o
LOAD ./src/pushbot.o
LOAD ./src/pwm.o
LOAD ./src/sdcard.o
LOAD ./src/sensors.o
LOAD ./src/sleep.o
LOAD ./src/sysinit.o
LOAD ./src/test.o
LOAD ./src/uart.o
LOAD ./src/utils.o
LOAD ./src/xprintf.o
LOAD ./MotionDriver/mllite/data_builder.o
LOAD ./MotionDriver/mllite/hal_outputs.o
LOAD ./MotionDriver/mllite/message_layer.o
LOAD ./MotionDriver/mllite/ml_math_func.o
LOAD ./MotionDriver/mllite/mlmath.o
LOAD ./MotionDriver/mllite/mpl.o
LOAD ./MotionDriver/mllite/results_holder.o
LOAD ./MotionDriver/mllite/start_manager.o
LOAD ./MotionDriver/mllite/storage_manager.o
LOAD ./MotionDriver/eMPL-hal/eMPL_outputs.o
LOAD ./MotionDriver/driver/eMPL/inv_mpu.o
LOAD ./MotionDriver/driver/eMPL/inv_mpu_dmp_motion_driver.o
LOAD ./FatFs/src/option/ccsbcs.o
LOAD ./FatFs/src/option/syscall.o
LOAD ./FatFs/src/ff.o
LOAD /home/gary9555/Desktop/pushbot_new/EDVSBoardOSM0/Debug/EDVSBoardOSM0.axf.o
LOAD /home/gary9555/Desktop/pushbot_new/EDVSBoardOS/MotionDriver/mpl/libmpllib.a
LOAD /home/gary9555/Desktop/pushbot_new/lpc_chip_43xx/Debug/liblpc_chip_43xx.a
START GROUP
LOAD /usr/local/lpcxpresso_8.1.4_606/lpcxpresso/tools/bin/../lib/gcc/arm-none-eabi/5.2.1/armv7e-m/softfp/libgcc.a
LOAD /usr/local/lpcxpresso_8.1.4_606/lpcxpresso/tools/bin/../lib/gcc/arm-none-eabi/5.2.1/../../../../arm-none-eabi/lib/armv7e-m/softfp/libc.a
LOAD /usr/local/lpcxpresso_8.1.4_606/lpcxpresso/tools/bin/../lib/gcc/arm-none-eabi/5.2.1/../../../../arm-none-eabi/lib/armv7e-m/softfp/libm.a
LOAD /usr/local/lpcxpresso_8.1.4_606/lpcxpresso/tools/bin/../lib/gcc/arm-none-eabi/5.2.1/../../../../arm-none-eabi/lib/armv7e-m/softfp/libcr_newlib_nohost.a
END GROUP
                0x1a000000                __base_MFlashA512 = 0x1a000000
                0x1a000000                __base_Flash = 0x1a000000
                0x1a040000                __top_MFlashA512 = 0x1a040000
                0x1a040000                __top_Flash = 0x1a040000
                0x1a040000                __base_MFlashA512_256 = 0x1a040000
                0x1a040000                __base_Flash2 = 0x1a040000
                0x1a080000                __top_MFlashA512_256 = 0x1a080000
                0x1a080000                __top_Flash2 = 0x1a080000
                0x1b000000                __base_MFlashB512 = 0x1b000000
                0x1b000000                __base_Flash3 = 0x1b000000
                0x1b080000                __top_MFlashB512 = 0x1b080000
                0x1b080000                __top_Flash3 = 0x1b080000
                0x10086014                __base_RamLoc40 = 0x10086014
                0x10086014                __base_RAM = 0x10086014
                0x1008a000                __top_RamLoc40 = 0x1008a000
                0x1008a000                __top_RAM = 0x1008a000
                0x20008000                __base_M0CodeRam = 0x20008000
                0x20008000                __base_RAM2 = 0x20008000
                0x20008400                __top_M0CodeRam = 0x20008400
                0x20008400                __top_RAM2 = 0x20008400
                0x10002014                __base_RamLoc32 = 0x10002014
                0x10002014                __base_RAM3 = 0x10002014
                0x10008000                __top_RamLoc32 = 0x10008000
                0x10008000                __top_RAM3 = 0x10008000
                0x10080000                __base_EventsBuffer32 = 0x10080000
                0x10080000                __base_RAM4 = 0x10080000
                0x10086010                __top_EventsBuffer32 = 0x10086010
                0x10086010                __top_RAM4 = 0x10086010
                0x10000000                __base_UartBuffer = 0x10000000
                0x10000000                __base_RAM5 = 0x10000000
                0x10002014                __top_UartBuffer = 0x10002014
                0x10002014                __top_RAM5 = 0x10002014
                0x10086010                __base_M0Start = 0x10086010
                0x10086010                __base_RAM6 = 0x10086010
                0x10086014                __top_M0Start = 0x10086014
                0x10086014                __top_RAM6 = 0x10086014
                0x20000000                __base_RamAHB32 = 0x20000000
                0x20000000                __base_RAM7 = 0x20000000
                0x20008000                __top_RamAHB32 = 0x20008000
                0x20008000                __top_RAM7 = 0x20008000
                0x20008400                __base_RamAHB16 = 0x20008400
                0x20008400                __base_RAM8 = 0x20008400
                0x2000c000                __top_RamAHB16 = 0x2000c000
                0x2000c000                __top_RAM8 = 0x2000c000
                0x2000c000                __base_RamAHB_ETB16 = 0x2000c000
                0x2000c000                __base_RAM9 = 0x2000c000
                0x20010000                __top_RamAHB_ETB16 = 0x20010000
                0x20010000                __top_RAM9 = 0x20010000

.text.core_m0app_text
                0x1a040000      0x490
 FILL mask 0xff
                0x1a040000                __core_m0app_START__ = .
 *(.core_m0app)
 .core_m0app    0x1a040000      0x490 /home/gary9555/Desktop/pushbot_new/EDVSBoardOSM0/Debug/EDVSBoardOSM0.axf.o

.text.core_m0app_ARM_extab
                0x1a040490        0x0
 FILL mask 0xff
 *(.core_m0app.ARM.extab)

.text.core_m0app_ARM_exidx
                0x1a040490        0x0
 FILL mask 0xff
 *(.core_m0app.ARM.exidx)

.text.core_m0app_data
                0x1a040490      0x270
 FILL mask 0xff
 *(.core_m0app.data_*)
 .core_m0app.data_RAM2
                0x1a040490        0x0 /home/gary9555/Desktop/pushbot_new/EDVSBoardOSM0/Debug/EDVSBoardOSM0.axf.o
 .core_m0app.data_RAM3
                0x1a040490        0x0 /home/gary9555/Desktop/pushbot_new/EDVSBoardOSM0/Debug/EDVSBoardOSM0.axf.o
 .core_m0app.data_RAM4
                0x1a040490        0x0 /home/gary9555/Desktop/pushbot_new/EDVSBoardOSM0/Debug/EDVSBoardOSM0.axf.o
 .core_m0app.data_RAM5
                0x1a040490        0x0 /home/gary9555/Desktop/pushbot_new/EDVSBoardOSM0/Debug/EDVSBoardOSM0.axf.o
 .core_m0app.data_RAM6
                0x1a040490        0x0 /home/gary9555/Desktop/pushbot_new/EDVSBoardOSM0/Debug/EDVSBoardOSM0.axf.o
 .core_m0app.data_RAM7
                0x1a040490        0x0 /home/gary9555/Desktop/pushbot_new/EDVSBoardOSM0/Debug/EDVSBoardOSM0.axf.o
 .core_m0app.data_RAM8
                0x1a040490        0x0 /home/gary9555/Desktop/pushbot_new/EDVSBoardOSM0/Debug/EDVSBoardOSM0.axf.o
 .core_m0app.data_RAM9
                0x1a040490        0x0 /home/gary9555/Desktop/pushbot_new/EDVSBoardOSM0/Debug/EDVSBoardOSM0.axf.o
 *(.core_m0app.data)
 .core_m0app.data
                0x1a040490      0x270 /home/gary9555/Desktop/pushbot_new/EDVSBoardOSM0/Debug/EDVSBoardOSM0.axf.o
                0x1a040490                __start_data_core_m0app
                0x1a040700                __end_data_core_m0app
                0x1a040700                __core_m0app_END__ = .
                0x00000001                ASSERT (! ((__core_m0app_START__ == __core_m0app_END__)), No slave code for _core_m0app)
                0x00000001                ASSERT ((ABSOLUTE (__core_m0app_START__) == __vectors_start___core_m0app), M0APP execute address differs from address provided in source image)

.text_Flash2    0x1a040490        0x0
 FILL mask 0xff
 *(.text_Flash2*)
 *(.text_MFlashA512_256*)
 *(.text.$Flash2*)
 *(.text.$MFlashA512_256*)
 *(.rodata.$Flash2*)
 *(.rodata.$MFlashA512_256*)

.text_Flash3    0x1b000000        0x0
 FILL mask 0xff
 *(.text_Flash3*)
 *(.text_MFlashB512*)
 *(.text.$Flash3*)
 *(.text.$MFlashB512*)
 *(.rodata.$Flash3*)
 *(.rodata.$MFlashB512*)

.text           0x1a000000    0x1b28c
 FILL mask 0xff
                0x1a000000                __vectors_start__ = ABSOLUTE (.)
 *(.isr_vector)
 .isr_vector    0x1a000000      0x114 ./src/cr_startup_lpc43xx.o
                0x1a000000                g_pfnVectors
                0x1a000114                . = ALIGN (0x4)
                0x1a000114                __section_table_start = .
                0x1a000114                __data_section_table = .
                0x1a000114        0x4 LONG 0x1a01b298 LOADADDR (.data)
                0x1a000118        0x4 LONG 0x10086018 ADDR (.data)
                0x1a00011c        0x4 LONG 0x4cc SIZEOF (.data)
                0x1a000120        0x4 LONG 0x1a01b294 LOADADDR (.data_RAM2)
                0x1a000124        0x4 LONG 0x20008000 ADDR (.data_RAM2)
                0x1a000128        0x4 LONG 0x0 SIZEOF (.data_RAM2)
                0x1a00012c        0x4 LONG 0x1a01b294 LOADADDR (.data_RAM3)
                0x1a000130        0x4 LONG 0x10002014 ADDR (.data_RAM3)
                0x1a000134        0x4 LONG 0x0 SIZEOF (.data_RAM3)
                0x1a000138        0x4 LONG 0x1a01b294 LOADADDR (.data_RAM4)
                0x1a00013c        0x4 LONG 0x10080000 ADDR (.data_RAM4)
                0x1a000140        0x4 LONG 0x0 SIZEOF (.data_RAM4)
                0x1a000144        0x4 LONG 0x1a01b294 LOADADDR (.data_RAM5)
                0x1a000148        0x4 LONG 0x10000000 ADDR (.data_RAM5)
                0x1a00014c        0x4 LONG 0x0 SIZEOF (.data_RAM5)
                0x1a000150        0x4 LONG 0x1a01b294 LOADADDR (.data_RAM6)
                0x1a000154        0x4 LONG 0x10086010 ADDR (.data_RAM6)
                0x1a000158        0x4 LONG 0x4 SIZEOF (.data_RAM6)
                0x1a00015c        0x4 LONG 0x1a01b298 LOADADDR (.data_RAM7)
                0x1a000160        0x4 LONG 0x20000000 ADDR (.data_RAM7)
                0x1a000164        0x4 LONG 0x0 SIZEOF (.data_RAM7)
                0x1a000168        0x4 LONG 0x1a01b298 LOADADDR (.data_RAM8)
                0x1a00016c        0x4 LONG 0x20008400 ADDR (.data_RAM8)
                0x1a000170        0x4 LONG 0x0 SIZEOF (.data_RAM8)
                0x1a000174        0x4 LONG 0x1a01b298 LOADADDR (.data_RAM9)
                0x1a000178        0x4 LONG 0x2000c000 ADDR (.data_RAM9)
                0x1a00017c        0x4 LONG 0x0 SIZEOF (.data_RAM9)
                0x1a000180                __data_section_table_end = .
                0x1a000180                __bss_section_table = .
                0x1a000180        0x4 LONG 0x100864e8 ADDR (.bss)
                0x1a000184        0x4 LONG 0x1c14 SIZEOF (.bss)
                0x1a000188        0x4 LONG 0x20008000 ADDR (.bss_RAM2)
                0x1a00018c        0x4 LONG 0x0 SIZEOF (.bss_RAM2)
                0x1a000190        0x4 LONG 0x10002014 ADDR (.bss_RAM3)
                0x1a000194        0x4 LONG 0x0 SIZEOF (.bss_RAM3)
                0x1a000198        0x4 LONG 0x10080000 ADDR (.bss_RAM4)
                0x1a00019c        0x4 LONG 0x0 SIZEOF (.bss_RAM4)
                0x1a0001a0        0x4 LONG 0x10000000 ADDR (.bss_RAM5)
                0x1a0001a4        0x4 LONG 0x0 SIZEOF (.bss_RAM5)
                0x1a0001a8        0x4 LONG 0x10086014 ADDR (.bss_RAM6)
                0x1a0001ac        0x4 LONG 0x0 SIZEOF (.bss_RAM6)
                0x1a0001b0        0x4 LONG 0x20000000 ADDR (.bss_RAM7)
                0x1a0001b4        0x4 LONG 0x0 SIZEOF (.bss_RAM7)
                0x1a0001b8        0x4 LONG 0x20008400 ADDR (.bss_RAM8)
                0x1a0001bc        0x4 LONG 0x0 SIZEOF (.bss_RAM8)
                0x1a0001c0        0x4 LONG 0x2000c000 ADDR (.bss_RAM9)
                0x1a0001c4        0x4 LONG 0x0 SIZEOF (.bss_RAM9)
                0x1a0001c8                __bss_section_table_end = .
                0x1a0001c8                __section_table_end = .
 *(.after_vectors*)
 .after_vectors
                0x1a0001c8       0x3e ./src/cr_startup_lpc43xx.o
                0x1a0001c8                NMI_Handler
                0x1a0001ca                HardFault_Handler
                0x1a0001cc                MemManage_Handler
                0x1a0001ce                BusFault_Handler
                0x1a0001d0                UsageFault_Handler
                0x1a0001d2                SVC_Handler
                0x1a0001d4                DebugMon_Handler
                0x1a0001d6                PendSV_Handler
                0x1a0001da                TIMER2_IRQHandler
                0x1a0001da                RIT_IRQHandler
                0x1a0001da                ADCHS_IRQHandler
                0x1a0001da                FLASH_EEPROM_IRQHandler
                0x1a0001da                I2C0_IRQHandler
                0x1a0001da                SDIO_IRQHandler
                0x1a0001da                ATIMER_IRQHandler
                0x1a0001da                I2C1_IRQHandler
                0x1a0001da                UART1_IRQHandler
                0x1a0001da                GPIO5_IRQHandler
                0x1a0001da                CAN1_IRQHandler
                0x1a0001da                USB1_IRQHandler
                0x1a0001da                I2S0_IRQHandler
                0x1a0001da                TIMER3_IRQHandler
                0x1a0001da                UART0_IRQHandler
                0x1a0001da                SGPIO_IRQHandler
                0x1a0001da                ADC0_IRQHandler
                0x1a0001da                GPIO6_IRQHandler
                0x1a0001da                IntDefaultHandler
                0x1a0001da                GPIO1_IRQHandler
                0x1a0001da                SSP0_IRQHandler
                0x1a0001da                ADC1_IRQHandler
                0x1a0001da                RTC_IRQHandler
                0x1a0001da                TIMER0_IRQHandler
                0x1a0001da                SPI_IRQHandler
                0x1a0001da                LCD_IRQHandler
                0x1a0001da                TIMER1_IRQHandler
                0x1a0001da                UART2_IRQHandler
                0x1a0001da                GPIO2_IRQHandler
                0x1a0001da                I2S1_IRQHandler
                0x1a0001da                SSP1_IRQHandler
                0x1a0001da                USB0_IRQHandler
                0x1a0001da                GPIO3_IRQHandler
                0x1a0001da                SCT_IRQHandler
                0x1a0001da                WDT_IRQHandler
                0x1a0001da                GPIO7_IRQHandler
                0x1a0001da                SPIFI_IRQHandler
                0x1a0001da                QEI_IRQHandler
                0x1a0001da                ETH_IRQHandler
                0x1a0001da                CAN0_IRQHandler
                0x1a0001da                GINT0_IRQHandler
                0x1a0001da                DAC_IRQHandler
                0x1a0001da                M0SUB_IRQHandler
                0x1a0001da                GPIO0_IRQHandler
                0x1a0001da                DMA_IRQHandler
                0x1a0001da                EVRT_IRQHandler
                0x1a0001da                UART3_IRQHandler
                0x1a0001da                MCPWM_IRQHandler
                0x1a0001da                M0APP_IRQHandler
                0x1a0001da                GINT1_IRQHandler
                0x1a0001da                GPIO4_IRQHandler
                0x1a0001dc                data_init
                0x1a0001f2                bss_init
                0x000002fc                . = 0x2fc
 *fill*         0x1a000206       0xf6 ff
                0x1a0002fc                PROVIDE (__CRP_WORD_START__, .)
 *(.crp)
 .crp           0x1a0002fc        0x4 ./src/main.o
                0x1a0002fc                CRP_WORD
                0x1a000300                PROVIDE (__CRP_WORD_END__, .)
                0x00000001                ASSERT (! ((__CRP_WORD_START__ == __CRP_WORD_END__)), Linker CRP Enabled, but no CRP_WORD provided within application)
 *(.text*)
 .text.Chip_SCU_PinMuxSet
                0x1a000300       0x34 ./src/DVS128Chip.o
 .text.Chip_GPIO_SetPinDIROutput
                0x1a000334       0x40 ./src/DVS128Chip.o
 .text.Chip_GPIO_SetPinOutHigh
                0x1a000374       0x34 ./src/DVS128Chip.o
 .text.Chip_GPIO_SetPinOutLow
                0x1a0003a8       0x34 ./src/DVS128Chip.o
 .text.Chip_TIMER_Enable
                0x1a0003dc       0x20 ./src/DVS128Chip.o
 .text.Chip_TIMER_PrescaleSet
                0x1a0003fc       0x1c ./src/DVS128Chip.o
 .text.Chip_TIMER_MatchDisableInt
                0x1a000418       0x38 ./src/DVS128Chip.o
 .text.Chip_TIMER_ResetOnMatchDisable
                0x1a000450       0x38 ./src/DVS128Chip.o
 .text.Chip_TIMER_StopOnMatchDisable
                0x1a000488       0x38 ./src/DVS128Chip.o
 .text.Chip_TIMER_CaptureRisingEdgeDisable
                0x1a0004c0       0x38 ./src/DVS128Chip.o
 .text.Chip_TIMER_CaptureFallingEdgeEnable
                0x1a0004f8       0x38 ./src/DVS128Chip.o
 .text.Chip_TIMER_CaptureDisableInt
                0x1a000530       0x38 ./src/DVS128Chip.o
 .text.DVS128InitTimer
                0x1a000568       0x64 ./src/DVS128Chip.o
                0x1a000568                DVS128InitTimer
 .text.DVS128ChipInit
                0x1a0005cc      0x1b4 ./src/DVS128Chip.o
                0x1a0005cc                DVS128ChipInit
 .text.DVS128BiasSet
                0x1a000780       0x2c ./src/DVS128Chip.o
                0x1a000780                DVS128BiasSet
 .text.DVS128BiasGet
                0x1a0007ac       0x2c ./src/DVS128Chip.o
                0x1a0007ac                DVS128BiasGet
 .text.DVS128BiasLoadDefaultSet
                0x1a0007d8      0x27c ./src/DVS128Chip.o
                0x1a0007d8                DVS128BiasLoadDefaultSet
 .text.DVS128BiasFlush
                0x1a000a54      0x678 ./src/DVS128Chip.o
                0x1a000a54                DVS128BiasFlush
 .text.startSlave
                0x1a0010cc       0x44 ./src/cr_start_m0.o
 .text.haltSlave
                0x1a001110       0x44 ./src/cr_start_m0.o
                0x1a001110                haltSlave
 .text.cr_start_m0
                0x1a001154       0x38 ./src/cr_start_m0.o
                0x1a001154                cr_start_m0
 .text.ResetISR
                0x1a00118c       0x78 ./src/cr_startup_lpc43xx.o
                0x1a00118c                ResetISR
 .text.Chip_SCU_PinMuxSet
                0x1a001204       0x34 ./src/extra_pins.o
 .text.Chip_GPIO_SetPinDIROutput
                0x1a001238       0x40 ./src/extra_pins.o
 .text.Chip_GPIO_SetPinOutHigh
                0x1a001278       0x34 ./src/extra_pins.o
 .text.Chip_GPIO_SetPinOutLow
                0x1a0012ac       0x34 ./src/extra_pins.o
 .text.ExtraPinsInit
                0x1a0012e0       0x98 ./src/extra_pins.o
                0x1a0012e0                ExtraPinsInit
 .text.Chip_GPIO_SetPinOutHigh
                0x1a001378       0x34 ./src/main.o
 .text.Chip_GPIO_SetPinOutLow
                0x1a0013ac       0x34 ./src/main.o
 .text.Chip_GPIO_SetPinToggle
                0x1a0013e0       0x34 ./src/main.o
 .text.bytesReceived
                0x1a001414       0x34 ./src/main.o
 .text.popByteFromReceptionBuffer
                0x1a001448       0x4c ./src/main.o
 .text.LED0SetOn
                0x1a001494       0x18 ./src/main.o
 .text.LED0Toggle
                0x1a0014ac       0x18 ./src/main.o
 .text.LED1SetOff
                0x1a0014c4       0x18 ./src/main.o
 .text.LED1SetOn
                0x1a0014dc       0x18 ./src/main.o
 .text.LED0SetBlinking
                0x1a0014f4       0x2c ./src/main.o
 .text.main     0x1a001520      0x2f0 ./src/main.o
                0x1a001520                main
 .text.Chip_SCU_PinMuxSet
                0x1a001810       0x34 ./src/motors.o
 .text.Chip_GPIO_SetPinDIROutput
                0x1a001844       0x40 ./src/motors.o
 .text.Chip_GPIO_SetPinDIRInput
                0x1a001884       0x40 ./src/motors.o
 .text.Chip_GPIO_SetPinOutHigh
                0x1a0018c4       0x34 ./src/motors.o
 .text.Chip_GPIO_SetPinOutLow
                0x1a0018f8       0x34 ./src/motors.o
 .text.updateMotorPWMPeriod
                0x1a00192c       0xe0 ./src/motors.o
                0x1a00192c                updateMotorPWMPeriod
 .text.updateMotorMode
                0x1a001a0c       0x40 ./src/motors.o
                0x1a001a0c                updateMotorMode
 .text.getMotorDutycycle
                0x1a001a4c       0x58 ./src/motors.o
                0x1a001a4c                getMotorDutycycle
 .text.getMotorWidth
                0x1a001aa4      0x114 ./src/motors.o
                0x1a001aa4                getMotorWidth
 .text.updateMotorPID
                0x1a001bb8       0x5c ./src/motors.o
                0x1a001bb8                updateMotorPID
 .text.updateMotorVelocity
                0x1a001c14       0xa4 ./src/motors.o
                0x1a001c14                updateMotorVelocity
 .text.updateMotorController
                0x1a001cb8      0x1f4 ./src/motors.o
                0x1a001cb8                updateMotorController
 .text.updateMotorVelocityDecay
                0x1a001eac       0x58 ./src/motors.o
                0x1a001eac                updateMotorVelocityDecay
 .text.updateMotorDutyCycleDecay
                0x1a001f04       0x90 ./src/motors.o
                0x1a001f04                updateMotorDutyCycleDecay
 .text.updateMotorWidthUsDecay
                0x1a001f94       0x78 ./src/motors.o
                0x1a001f94                updateMotorWidthUsDecay
 .text.updateMotorWidthDecay
                0x1a00200c       0x9c ./src/motors.o
                0x1a00200c                updateMotorWidthDecay
 .text.updateMotorDutyCycle
                0x1a0020a8       0x90 ./src/motors.o
                0x1a0020a8                updateMotorDutyCycle
 .text.updateMotorWidthUs
                0x1a002138       0x78 ./src/motors.o
                0x1a002138                updateMotorWidthUs
 .text.updateMotorWidth
                0x1a0021b0      0x1a4 ./src/motors.o
                0x1a0021b0                updateMotorWidth
 .text.enableMotorDriver
                0x1a002354       0x48 ./src/motors.o
                0x1a002354                enableMotorDriver
 .text.initMotors
                0x1a00239c      0x1e8 ./src/motors.o
                0x1a00239c                initMotors
 .text.Chip_SCU_PinMuxSet
                0x1a002584       0x34 ./src/mpu9150.o
 .text.Chip_GPIO_ReadPortBit
                0x1a0025b8       0x34 ./src/mpu9150.o
 .text.Chip_GPIO_SetPinDIRInput
                0x1a0025ec       0x40 ./src/mpu9150.o
 .text.fixedpt_str
                0x1a00262c      0x1c8 ./src/mpu9150.o
 .text.fixedpt_cstr
                0x1a0027f4       0x28 ./src/mpu9150.o
 .text.printLongHexData
                0x1a00281c       0x3c ./src/mpu9150.o
 .text.printShortData
                0x1a002858       0x40 ./src/mpu9150.o
 .text.readFromMpl
                0x1a002898      0x22c ./src/mpu9150.o
 .text.RawGyroReport
                0x1a002ac4       0x10 ./src/mpu9150.o
                0x1a002ac4                RawGyroReport
 .text.RawAccelerometerReport
                0x1a002ad4       0x10 ./src/mpu9150.o
                0x1a002ad4                RawAccelerometerReport
 .text.RawCompassReport
                0x1a002ae4       0x10 ./src/mpu9150.o
                0x1a002ae4                RawCompassReport
 .text.CalGyroReport
                0x1a002af4       0x10 ./src/mpu9150.o
                0x1a002af4                CalGyroReport
 .text.CalAccelerometerReport
                0x1a002b04       0x10 ./src/mpu9150.o
                0x1a002b04                CalAccelerometerReport
 .text.CalCompassReport
                0x1a002b14       0x10 ./src/mpu9150.o
                0x1a002b14                CalCompassReport
 .text.IMUStatusReport
                0x1a002b24       0x10 ./src/mpu9150.o
                0x1a002b24                IMUStatusReport
 .text.QuaternionReport
                0x1a002b34       0x10 ./src/mpu9150.o
                0x1a002b34                QuaternionReport
 .text.EulerAnglesReport
                0x1a002b44       0x10 ./src/mpu9150.o
                0x1a002b44                EulerAnglesReport
 .text.RotationMatrixReport
                0x1a002b54       0x10 ./src/mpu9150.o
                0x1a002b54                RotationMatrixReport
 .text.HeadingReport
                0x1a002b64       0x10 ./src/mpu9150.o
                0x1a002b64                HeadingReport
 .text.LinearAccelReport
                0x1a002b74       0x10 ./src/mpu9150.o
                0x1a002b74                LinearAccelReport
 .text.updateIMUData
                0x1a002b84      0x110 ./src/mpu9150.o
                0x1a002b84                updateIMUData
 .text.MPU9105Init
                0x1a002c94      0x23c ./src/mpu9150.o
                0x1a002c94                MPU9105Init
 .text.i2c_write
                0x1a002ed0       0x5c ./src/mpu9150.o
                0x1a002ed0                i2c_write
 .text.i2c_read
                0x1a002f2c       0x3c ./src/mpu9150.o
                0x1a002f2c                i2c_read
 .text._MLPrintLog
                0x1a002f68       0x1c ./src/mpu9150.o
                0x1a002f68                _MLPrintLog
 .text.Chip_SCU_PinMuxSet
                0x1a002f84       0x34 ./src/pushbot.o
 .text.Chip_GPIO_ReadPortBit
                0x1a002fb8       0x34 ./src/pushbot.o
 .text.Chip_GPIO_SetPinDIRInput
                0x1a002fec       0x40 ./src/pushbot.o
 .text.refreshMiniRobSensors
                0x1a00302c      0x13c ./src/pushbot.o
                0x1a00302c                refreshMiniRobSensors
 .text.reportValues
                0x1a003168       0x24 ./src/pushbot.o
                0x1a003168                reportValues
 .text.MiniRobInit
                0x1a00318c      0x108 ./src/pushbot.o
                0x1a00318c                MiniRobInit
 .text.Chip_SCU_PinMuxSet
                0x1a003294       0x34 ./src/pwm.o
 .text.Chip_GPIO_SetPinDIROutput
                0x1a0032c8       0x40 ./src/pwm.o
 .text.Chip_GPIO_SetPinDIRInput
                0x1a003308       0x40 ./src/pwm.o
 .text.Chip_GPIO_SetPinOutHigh
                0x1a003348       0x34 ./src/pwm.o
 .text.Chip_GPIO_SetPinOutLow
                0x1a00337c       0x34 ./src/pwm.o
 .text.Chip_TIMER_Enable
                0x1a0033b0       0x20 ./src/pwm.o
 .text.Chip_TIMER_Disable
                0x1a0033d0       0x20 ./src/pwm.o
 .text.Chip_TIMER_PrescaleSet
                0x1a0033f0       0x1c ./src/pwm.o
 .text.Chip_TIMER_SetMatch
                0x1a00340c       0x28 ./src/pwm.o
 .text.Chip_TIMER_MatchDisableInt
                0x1a003434       0x38 ./src/pwm.o
 .text.Chip_TIMER_ResetOnMatchEnable
                0x1a00346c       0x38 ./src/pwm.o
 .text.Chip_TIMER_ResetOnMatchDisable
                0x1a0034a4       0x38 ./src/pwm.o
 .text.Chip_TIMER_StopOnMatchDisable
                0x1a0034dc       0x38 ./src/pwm.o
 .text.PWMInit  0x1a003514      0x38c ./src/pwm.o
                0x1a003514                PWMInit
 .text.PWMSetPeriod
                0x1a0038a0      0x294 ./src/pwm.o
                0x1a0038a0                PWMSetPeriod
 .text.PWMSetDutyCycle
                0x1a003b34       0x7c ./src/pwm.o
                0x1a003b34                PWMSetDutyCycle
 .text.PWMSetWidth
                0x1a003bb0      0x284 ./src/pwm.o
                0x1a003bb0                PWMSetWidth
 .text.Chip_SCU_PinMuxSet
                0x1a003e34       0x34 ./src/sensors.o
 .text.printADCRead
                0x1a003e68       0x50 ./src/sensors.o
 .text.batteryInit
                0x1a003eb8       0x28 ./src/sensors.o
                0x1a003eb8                batteryInit
 .text.batteryReport
                0x1a003ee0       0x4c ./src/sensors.o
                0x1a003ee0                batteryReport
 .text.ADC0Init
                0x1a003f2c       0x28 ./src/sensors.o
                0x1a003f2c                ADC0Init
 .text.ADC0Report
                0x1a003f54       0x10 ./src/sensors.o
                0x1a003f54                ADC0Report
 .text.ADC1Init
                0x1a003f64       0x28 ./src/sensors.o
                0x1a003f64                ADC1Init
 .text.ADC1Report
                0x1a003f8c       0x10 ./src/sensors.o
                0x1a003f8c                ADC1Report
 .text.ADC2Init
                0x1a003f9c       0x28 ./src/sensors.o
                0x1a003f9c                ADC2Init
 .text.ADC2Report
                0x1a003fc4       0x10 ./src/sensors.o
                0x1a003fc4                ADC2Report
 .text.ADC3Init
                0x1a003fd4       0x28 ./src/sensors.o
                0x1a003fd4                ADC3Init
 .text.ADC3Report
                0x1a003ffc       0x10 ./src/sensors.o
                0x1a003ffc                ADC3Report
 .text.ADC4Init
                0x1a00400c       0x28 ./src/sensors.o
                0x1a00400c                ADC4Init
 .text.ADC4Report
                0x1a004034       0x10 ./src/sensors.o
                0x1a004034                ADC4Report
 .text.ADC5Init
                0x1a004044       0x28 ./src/sensors.o
                0x1a004044                ADC5Init
 .text.ADC5Report
                0x1a00406c       0x10 ./src/sensors.o
                0x1a00406c                ADC5Report
 .text.MotorPWMReport
                0x1a00407c       0x44 ./src/sensors.o
                0x1a00407c                MotorPWMReport
 .text.MotorCurrentsInit
                0x1a0040c0       0x5c ./src/sensors.o
                0x1a0040c0                MotorCurrentsInit
 .text.MotorCurrentsReport
                0x1a00411c       0xf4 ./src/sensors.o
                0x1a00411c                MotorCurrentsReport
 .text.EventCountReport
                0x1a004210       0x20 ./src/sensors.o
                0x1a004210                EventCountReport
 .text.sensorsInit
                0x1a004230      0x200 ./src/sensors.o
                0x1a004230                sensorsInit
 .text.enableSensors
                0x1a004430       0x48 ./src/sensors.o
                0x1a004430                enableSensors
 .text.enableSensor
                0x1a004478      0x1fc ./src/sensors.o
                0x1a004478                enableSensor
 .text.getSensorsOutput
                0x1a004674       0xb8 ./src/sensors.o
                0x1a004674                getSensorsOutput
 .text.SysTick_Handler
                0x1a00472c      0x210 ./src/sensors.o
                0x1a00472c                SysTick_Handler
 .text.Chip_DAC_ConfigDAConverterControl
                0x1a00493c       0x2c ./src/sleep.o
 .text.DacInit  0x1a004968       0x2c ./src/sleep.o
                0x1a004968                DacInit
 .text.SystemInit
                0x1a004994       0x3c ./src/sysinit.o
                0x1a004994                SystemInit
 .text.NVIC_DisableIRQ
                0x1a0049d0       0x34 ./src/uart.o
 .text.Chip_SCU_PinMuxSet
                0x1a004a04       0x34 ./src/uart.o
 .text.Chip_GPIO_SetPinDIROutput
                0x1a004a38       0x40 ./src/uart.o
 .text.Chip_GPIO_SetPinDIRInput
                0x1a004a78       0x40 ./src/uart.o
 .text.Chip_GPIO_SetPinOutHigh
                0x1a004ab8       0x34 ./src/uart.o
 .text.Chip_GPIO_SetPinOutLow
                0x1a004aec       0x34 ./src/uart.o
 .text.Chip_RTC_GetTime
                0x1a004b20       0x24 ./src/uart.o
 .text.Chip_TIMER_Enable
                0x1a004b44       0x20 ./src/uart.o
 .text.Chip_TIMER_Disable
                0x1a004b64       0x20 ./src/uart.o
 .text.Chip_TIMER_PrescaleSet
                0x1a004b84       0x1c ./src/uart.o
 .text.Chip_TIMER_SetMatch
                0x1a004ba0       0x28 ./src/uart.o
 .text.Chip_TIMER_MatchDisableInt
                0x1a004bc8       0x38 ./src/uart.o
 .text.Chip_TIMER_ResetOnMatchEnable
                0x1a004c00       0x38 ./src/uart.o
 .text.Chip_TIMER_StopOnMatchDisable
                0x1a004c38       0x38 ./src/uart.o
 .text.Chip_TIMER_CaptureRisingEdgeEnable
                0x1a004c70       0x34 ./src/uart.o
 .text.Chip_TIMER_CaptureFallingEdgeEnable
                0x1a004ca4       0x38 ./src/uart.o
 .text.Chip_TIMER_CaptureDisableInt
                0x1a004cdc       0x38 ./src/uart.o
 .text.Chip_TIMER_TIMER_SetCountClockSrc
                0x1a004d14       0x2c ./src/uart.o
 .text.Chip_UART_TXEnable
                0x1a004d40       0x1c ./src/uart.o
 .text.Chip_UART_SetModemControl
                0x1a004d5c       0x24 ./src/uart.o
 .text.LED0SetOff
                0x1a004d80       0x18 ./src/uart.o
 .text.LED0SetOn
                0x1a004d98       0x18 ./src/uart.o
 .text.LED0SetBlinking
                0x1a004db0       0x2c ./src/uart.o
 .text.pushByteToTransmission
                0x1a004ddc       0x3c ./src/uart.o
 .text.freeSpaceForReception
                0x1a004e18       0x30 ./src/uart.o
 .text.freeSpaceForTranmission
                0x1a004e48       0x30 ./src/uart.o
 .text.Chip_RTC_Clock_Running
                0x1a004e78       0x24 ./src/uart.o
 .text.DVS128FetchEventsEnable
                0x1a004e9c       0x3c ./src/uart.o
 .text.UARTWriteChar
                0x1a004ed8       0x30 ./src/uart.o
                0x1a004ed8                UARTWriteChar
 .text.UARTInit
                0x1a004f08      0x108 ./src/uart.o
                0x1a004f08                UARTInit
 .text.UARTShowVersion
                0x1a005010       0x64 ./src/uart.o
                0x1a005010                UARTShowVersion
 .text.UARTShowUsage
                0x1a005074      0x1ac ./src/uart.o
 .text.UARTShowEventDataOptions
                0x1a005220       0x5c ./src/uart.o
 .text.UARTShowSensorOptions
                0x1a00527c      0x108 ./src/uart.o
 .text.parseUInt32
                0x1a005384       0x58 ./src/uart.o
 .text.parseInt32
                0x1a0053dc       0x4c ./src/uart.o
 .text.UARTParseGetCommand
                0x1a005428      0x2a8 ./src/uart.o
 .text.UARTParseSetCommand
                0x1a0056d0      0xc34 ./src/uart.o
 .text.parseRS232CommandLine
                0x1a006304      0x250 ./src/uart.o
 .text.UART0ParseNewChar
                0x1a006554      0x11c ./src/uart.o
                0x1a006554                UART0ParseNewChar
 .text.Chip_RIT_GetCounter
                0x1a006670       0x18 ./src/utils.o
 .text.timerDelayUs
                0x1a006688       0x78 ./src/utils.o
                0x1a006688                timerDelayUs
 .text.timerDelayMs
                0x1a006700       0x7c ./src/utils.o
                0x1a006700                timerDelayMs
 .text.getTimerMs
                0x1a00677c       0x2c ./src/utils.o
                0x1a00677c                getTimerMs
 .text.resetDevice
                0x1a0067a8       0x14 ./src/utils.o
                0x1a0067a8                resetDevice
 .text.enterReprogrammingMode
                0x1a0067bc       0x64 ./src/utils.o
                0x1a0067bc                enterReprogrammingMode
 .text.disablePeripherals
                0x1a006820      0x100 ./src/utils.o
                0x1a006820                disablePeripherals
 .text.xputc    0x1a006920       0x44 ./src/xprintf.o
                0x1a006920                xputc
 .text.xputs    0x1a006964       0x28 ./src/xprintf.o
                0x1a006964                xputs
 .text.xvprintf
                0x1a00698c      0x2f8 ./src/xprintf.o
 .text.xprintf  0x1a006c84       0x24 ./src/xprintf.o
                0x1a006c84                xprintf
 .text.inv_db_load_func
                0x1a006ca8       0x58 ./MotionDriver/mllite/data_builder.o
 .text.inv_db_save_func
                0x1a006d00       0x20 ./MotionDriver/mllite/data_builder.o
 .text.inv_init_data_builder
                0x1a006d20       0x44 ./MotionDriver/mllite/data_builder.o
                0x1a006d20                inv_init_data_builder
 .text.set_sensor_orientation_and_scale
                0x1a006d64       0x24 ./MotionDriver/mllite/data_builder.o
                0x1a006d64                set_sensor_orientation_and_scale
 .text.inv_set_gyro_orientation_and_scale
                0x1a006d88       0x20 ./MotionDriver/mllite/data_builder.o
                0x1a006d88                inv_set_gyro_orientation_and_scale
 .text.inv_set_gyro_sample_rate
                0x1a006da8       0x4c ./MotionDriver/mllite/data_builder.o
                0x1a006da8                inv_set_gyro_sample_rate
 .text.inv_set_accel_sample_rate
                0x1a006df4       0x50 ./MotionDriver/mllite/data_builder.o
                0x1a006df4                inv_set_accel_sample_rate
 .text.inv_set_compass_sample_rate
                0x1a006e44       0x54 ./MotionDriver/mllite/data_builder.o
                0x1a006e44                inv_set_compass_sample_rate
 .text.inv_get_compass_on
                0x1a006e98       0x28 ./MotionDriver/mllite/data_builder.o
                0x1a006e98                inv_get_compass_on
 .text.inv_get_gyro_on
                0x1a006ec0       0x24 ./MotionDriver/mllite/data_builder.o
                0x1a006ec0                inv_get_gyro_on
 .text.inv_get_accel_on
                0x1a006ee4       0x24 ./MotionDriver/mllite/data_builder.o
                0x1a006ee4                inv_get_accel_on
 .text.inv_get_last_timestamp
                0x1a006f08       0x90 ./MotionDriver/mllite/data_builder.o
                0x1a006f08                inv_get_last_timestamp
 .text.inv_set_accel_orientation_and_scale
                0x1a006f98       0x20 ./MotionDriver/mllite/data_builder.o
                0x1a006f98                inv_set_accel_orientation_and_scale
 .text.inv_set_compass_orientation_and_scale
                0x1a006fb8       0x20 ./MotionDriver/mllite/data_builder.o
                0x1a006fb8                inv_set_compass_orientation_and_scale
 .text.inv_apply_calibration
                0x1a006fd8       0x94 ./MotionDriver/mllite/data_builder.o
                0x1a006fd8                inv_apply_calibration
 .text.inv_get_compass_bias
                0x1a00706c       0x24 ./MotionDriver/mllite/data_builder.o
                0x1a00706c                inv_get_compass_bias
 .text.inv_set_compass_bias
                0x1a007090       0x60 ./MotionDriver/mllite/data_builder.o
                0x1a007090                inv_set_compass_bias
 .text.inv_set_compass_disturbance
                0x1a0070f0       0x20 ./MotionDriver/mllite/data_builder.o
                0x1a0070f0                inv_set_compass_disturbance
 .text.inv_set_accel_accuracy
                0x1a007110       0x30 ./MotionDriver/mllite/data_builder.o
                0x1a007110                inv_set_accel_accuracy
 .text.inv_set_accel_bias_mask
                0x1a007140       0x88 ./MotionDriver/mllite/data_builder.o
                0x1a007140                inv_set_accel_bias_mask
 .text.inv_set_gyro_bias
                0x1a0071c8       0x88 ./MotionDriver/mllite/data_builder.o
                0x1a0071c8                inv_set_gyro_bias
 .text.inv_get_gyro_bias_tc_set
                0x1a007250       0x34 ./MotionDriver/mllite/data_builder.o
                0x1a007250                inv_get_gyro_bias_tc_set
 .text.inv_get_gyro_bias
                0x1a007284       0x3c ./MotionDriver/mllite/data_builder.o
                0x1a007284                inv_get_gyro_bias
 .text.inv_build_accel
                0x1a0072c0       0xc4 ./MotionDriver/mllite/data_builder.o
                0x1a0072c0                inv_build_accel
 .text.inv_build_gyro
                0x1a007384       0x4c ./MotionDriver/mllite/data_builder.o
                0x1a007384                inv_build_gyro
 .text.inv_build_compass
                0x1a0073d0       0xe4 ./MotionDriver/mllite/data_builder.o
                0x1a0073d0                inv_build_compass
 .text.inv_build_temp
                0x1a0074b4       0x48 ./MotionDriver/mllite/data_builder.o
                0x1a0074b4                inv_build_temp
 .text.inv_build_quat
                0x1a0074fc       0x54 ./MotionDriver/mllite/data_builder.o
                0x1a0074fc                inv_build_quat
 .text.inv_register_data_cb
                0x1a007550      0x14c ./MotionDriver/mllite/data_builder.o
                0x1a007550                inv_register_data_cb
 .text.inv_execute_on_data
                0x1a00769c       0xe8 ./MotionDriver/mllite/data_builder.o
                0x1a00769c                inv_execute_on_data
 .text.inv_set_contiguous
                0x1a007784      0x130 ./MotionDriver/mllite/data_builder.o
 .text.inv_get_accel_set
                0x1a0078b4       0x4c ./MotionDriver/mllite/data_builder.o
                0x1a0078b4                inv_get_accel_set
 .text.inv_get_gyro_set
                0x1a007900       0x44 ./MotionDriver/mllite/data_builder.o
                0x1a007900                inv_get_gyro_set
 .text.inv_get_gyro
                0x1a007944       0x20 ./MotionDriver/mllite/data_builder.o
                0x1a007944                inv_get_gyro
 .text.inv_get_compass_set
                0x1a007964       0x60 ./MotionDriver/mllite/data_builder.o
                0x1a007964                inv_get_compass_set
 .text.inv_get_gyro_accuracy
                0x1a0079c4       0x18 ./MotionDriver/mllite/data_builder.o
                0x1a0079c4                inv_get_gyro_accuracy
 .text.inv_get_mag_accuracy
                0x1a0079dc       0x2c ./MotionDriver/mllite/data_builder.o
                0x1a0079dc                inv_get_mag_accuracy
 .text.inv_get_accel_accuracy
                0x1a007a08       0x18 ./MotionDriver/mllite/data_builder.o
                0x1a007a08                inv_get_accel_accuracy
 .text.inv_get_compass_soft_iron_output_data
                0x1a007a20       0x40 ./MotionDriver/mllite/data_builder.o
                0x1a007a20                inv_get_compass_soft_iron_output_data
 .text.inv_set_compass_soft_iron_input_data
                0x1a007a60       0x80 ./MotionDriver/mllite/data_builder.o
                0x1a007a60                inv_set_compass_soft_iron_input_data
 .text.inv_reset_compass_soft_iron_matrix
                0x1a007ae0       0x80 ./MotionDriver/mllite/data_builder.o
                0x1a007ae0                inv_reset_compass_soft_iron_matrix
 .text.inv_disable_compass_soft_iron_matrix
                0x1a007b60       0x1c ./MotionDriver/mllite/data_builder.o
                0x1a007b60                inv_disable_compass_soft_iron_matrix
 .text.inv_get_sensor_type_linear_acceleration
                0x1a007b7c       0xa4 ./MotionDriver/mllite/hal_outputs.o
                0x1a007b7c                inv_get_sensor_type_linear_acceleration
 .text.inv_set_message
                0x1a007c20       0x3c ./MotionDriver/mllite/message_layer.o
                0x1a007c20                inv_set_message
 .text.inv_q30_to_float
                0x1a007c5c       0x30 ./MotionDriver/mllite/ml_math_func.o
 .text.inv_compass_angle
                0x1a007c8c      0x110 ./MotionDriver/mllite/ml_math_func.o
                0x1a007c8c                inv_compass_angle
 .text.inv_get_gyro_sum_of_sqr
                0x1a007d9c       0x4c ./MotionDriver/mllite/ml_math_func.o
                0x1a007d9c                inv_get_gyro_sum_of_sqr
 .text.inv_q29_mult
                0x1a007de8       0x4c ./MotionDriver/mllite/ml_math_func.o
                0x1a007de8                inv_q29_mult
 .text.inv_q30_mult
                0x1a007e34       0x4c ./MotionDriver/mllite/ml_math_func.o
                0x1a007e34                inv_q30_mult
 .text.inv_q_mult
                0x1a007e80      0x198 ./MotionDriver/mllite/ml_math_func.o
                0x1a007e80                inv_q_mult
 .text.inv_q_add
                0x1a008018       0x64 ./MotionDriver/mllite/ml_math_func.o
                0x1a008018                inv_q_add
 .text.inv_q_invert
                0x1a00807c       0x48 ./MotionDriver/mllite/ml_math_func.o
                0x1a00807c                inv_q_invert
 .text.inv_q_rotate
                0x1a0080c4       0x68 ./MotionDriver/mllite/ml_math_func.o
                0x1a0080c4                inv_q_rotate
 .text.inv_q_multf
                0x1a00812c      0x198 ./MotionDriver/mllite/ml_math_func.o
                0x1a00812c                inv_q_multf
 .text.inv_q_addf
                0x1a0082c4       0x84 ./MotionDriver/mllite/ml_math_func.o
                0x1a0082c4                inv_q_addf
 .text.inv_q_normalizef
                0x1a008348      0x220 ./MotionDriver/mllite/ml_math_func.o
                0x1a008348                inv_q_normalizef
 .text.inv_q_norm4
                0x1a008568      0x104 ./MotionDriver/mllite/ml_math_func.o
                0x1a008568                inv_q_norm4
 .text.inv_q_invertf
                0x1a00866c       0x5c ./MotionDriver/mllite/ml_math_func.o
                0x1a00866c                inv_q_invertf
 .text.inv_quaternion_to_rotation
                0x1a0086c8      0x1e8 ./MotionDriver/mllite/ml_math_func.o
                0x1a0086c8                inv_quaternion_to_rotation
 .text.inv_row_2_scale
                0x1a0088b0       0x84 ./MotionDriver/mllite/ml_math_func.o
 .text.inv_orientation_matrix_to_scalar
                0x1a008934       0x4c ./MotionDriver/mllite/ml_math_func.o
                0x1a008934                inv_orientation_matrix_to_scalar
 .text.inv_convert_to_body_with_scale
                0x1a008980       0xbc ./MotionDriver/mllite/ml_math_func.o
                0x1a008980                inv_convert_to_body_with_scale
 .text.mlMatrixVectorMult
                0x1a008a3c       0x74 ./MotionDriver/mllite/ml_math_func.o
                0x1a008a3c                mlMatrixVectorMult
 .text.__print_result_location
                0x1a008ab0       0x34 ./MotionDriver/mllite/mpl.o
 .text.inv_init_mpl
                0x1a008ae4       0x78 ./MotionDriver/mllite/mpl.o
                0x1a008ae4                inv_init_mpl
 .text.inv_start_mpl
                0x1a008b5c       0x34 ./MotionDriver/mllite/mpl.o
                0x1a008b5c                inv_start_mpl
 .text.inv_store_gaming_quaternion
                0x1a008b90       0x38 ./MotionDriver/mllite/results_holder.o
                0x1a008b90                inv_store_gaming_quaternion
 .text.inv_set_compass_correction
                0x1a008bc8       0x38 ./MotionDriver/mllite/results_holder.o
                0x1a008bc8                inv_set_compass_correction
 .text.inv_get_compass_correction
                0x1a008c00       0x2c ./MotionDriver/mllite/results_holder.o
                0x1a008c00                inv_get_compass_correction
 .text.inv_get_large_mag_field
                0x1a008c2c       0x18 ./MotionDriver/mllite/results_holder.o
                0x1a008c2c                inv_get_large_mag_field
 .text.inv_get_acc_state
                0x1a008c44       0x18 ./MotionDriver/mllite/results_holder.o
                0x1a008c44                inv_get_acc_state
 .text.inv_get_motion_state
                0x1a008c5c       0x28 ./MotionDriver/mllite/results_holder.o
                0x1a008c5c                inv_get_motion_state
 .text.inv_set_motion_state
                0x1a008c84       0x64 ./MotionDriver/mllite/results_holder.o
                0x1a008c84                inv_set_motion_state
 .text.inv_get_local_field
                0x1a008ce8       0x20 ./MotionDriver/mllite/results_holder.o
                0x1a008ce8                inv_get_local_field
 .text.inv_get_gravity
                0x1a008d08       0xa0 ./MotionDriver/mllite/results_holder.o
                0x1a008d08                inv_get_gravity
 .text.inv_get_6axis_quaternion
                0x1a008da8       0x20 ./MotionDriver/mllite/results_holder.o
                0x1a008da8                inv_get_6axis_quaternion
 .text.inv_get_quaternion
                0x1a008dc8       0x4c ./MotionDriver/mllite/results_holder.o
                0x1a008dc8                inv_get_quaternion
 .text.inv_get_quaternion_set
                0x1a008e14       0x6c ./MotionDriver/mllite/results_holder.o
                0x1a008e14                inv_get_quaternion_set
 .text.inv_generate_results
                0x1a008e80       0x24 ./MotionDriver/mllite/results_holder.o
                0x1a008e80                inv_generate_results
 .text.inv_start_results_holder
                0x1a008ea4       0x1c ./MotionDriver/mllite/results_holder.o
                0x1a008ea4                inv_start_results_holder
 .text.inv_init_results_holder
                0x1a008ec0       0x54 ./MotionDriver/mllite/results_holder.o
                0x1a008ec0                inv_init_results_holder
 .text.inv_enable_results_holder
                0x1a008f14       0x2c ./MotionDriver/mllite/results_holder.o
                0x1a008f14                inv_enable_results_holder
 .text.inv_set_accel_bias_found
                0x1a008f40       0x20 ./MotionDriver/mllite/results_holder.o
                0x1a008f40                inv_set_accel_bias_found
 .text.inv_got_compass_bias
                0x1a008f60       0x18 ./MotionDriver/mllite/results_holder.o
                0x1a008f60                inv_got_compass_bias
 .text.inv_set_compass_bias_found
                0x1a008f78       0x20 ./MotionDriver/mllite/results_holder.o
                0x1a008f78                inv_set_compass_bias_found
 .text.inv_set_compass_state
                0x1a008f98       0x20 ./MotionDriver/mllite/results_holder.o
                0x1a008f98                inv_set_compass_state
 .text.inv_get_compass_state
                0x1a008fb8       0x18 ./MotionDriver/mllite/results_holder.o
                0x1a008fb8                inv_get_compass_state
 .text.inv_set_compass_bias_error
                0x1a008fd0       0x20 ./MotionDriver/mllite/results_holder.o
                0x1a008fd0                inv_set_compass_bias_error
 .text.inv_get_compass_bias_error
                0x1a008ff0       0x20 ./MotionDriver/mllite/results_holder.o
                0x1a008ff0                inv_get_compass_bias_error
 .text.inv_get_linear_accel
                0x1a009010       0x64 ./MotionDriver/mllite/results_holder.o
                0x1a009010                inv_get_linear_accel
 .text.inv_get_linear_accel_float
                0x1a009074       0x6c ./MotionDriver/mllite/results_holder.o
                0x1a009074                inv_get_linear_accel_float
 .text.inv_init_start_manager
                0x1a0090e0       0x18 ./MotionDriver/mllite/start_manager.o
                0x1a0090e0                inv_init_start_manager
 .text.inv_register_mpl_start_notification
                0x1a0090f8       0x40 ./MotionDriver/mllite/start_manager.o
                0x1a0090f8                inv_register_mpl_start_notification
 .text.inv_execute_mpl_start_notification
                0x1a009138       0x4c ./MotionDriver/mllite/start_manager.o
                0x1a009138                inv_execute_mpl_start_notification
 .text.inv_init_storage_manager
                0x1a009184       0x20 ./MotionDriver/mllite/storage_manager.o
                0x1a009184                inv_init_storage_manager
 .text.inv_register_load_store
                0x1a0091a4       0xc0 ./MotionDriver/mllite/storage_manager.o
                0x1a0091a4                inv_register_load_store
 .text.inv_get_sensor_type_accel
                0x1a009264       0x34 ./MotionDriver/eMPL-hal/eMPL_outputs.o
                0x1a009264                inv_get_sensor_type_accel
 .text.inv_get_sensor_type_gyro
                0x1a009298       0x34 ./MotionDriver/eMPL-hal/eMPL_outputs.o
                0x1a009298                inv_get_sensor_type_gyro
 .text.inv_get_sensor_type_compass
                0x1a0092cc       0x34 ./MotionDriver/eMPL-hal/eMPL_outputs.o
                0x1a0092cc                inv_get_sensor_type_compass
 .text.inv_get_sensor_type_quat
                0x1a009300       0x38 ./MotionDriver/eMPL-hal/eMPL_outputs.o
                0x1a009300                inv_get_sensor_type_quat
 .text.inv_get_sensor_type_heading
                0x1a009338      0x108 ./MotionDriver/eMPL-hal/eMPL_outputs.o
                0x1a009338                inv_get_sensor_type_heading
 .text.inv_get_sensor_type_euler
                0x1a009440      0x300 ./MotionDriver/eMPL-hal/eMPL_outputs.o
                0x1a009440                inv_get_sensor_type_euler
 .text.inv_get_sensor_type_rot_mat
                0x1a009740       0x38 ./MotionDriver/eMPL-hal/eMPL_outputs.o
                0x1a009740                inv_get_sensor_type_rot_mat
 .text.inv_generate_eMPL_outputs
                0x1a009778      0x168 ./MotionDriver/eMPL-hal/eMPL_outputs.o
 .text.inv_start_eMPL_outputs
                0x1a0098e0       0x1c ./MotionDriver/eMPL-hal/eMPL_outputs.o
 .text.inv_init_eMPL_outputs
                0x1a0098fc       0x18 ./MotionDriver/eMPL-hal/eMPL_outputs.o
 .text.inv_enable_eMPL_outputs
                0x1a009914       0x2c ./MotionDriver/eMPL-hal/eMPL_outputs.o
                0x1a009914                inv_enable_eMPL_outputs
 .text.reg_int_cb
                0x1a009940       0x18 ./MotionDriver/driver/eMPL/inv_mpu.o
 .text.set_int_enable
                0x1a009958       0xb4 ./MotionDriver/driver/eMPL/inv_mpu.o
 .text.mpu_init
                0x1a009a0c      0x16c ./MotionDriver/driver/eMPL/inv_mpu.o
                0x1a009a0c                mpu_init
 .text.mpu_lp_accel_mode
                0x1a009b78       0xf8 ./MotionDriver/driver/eMPL/inv_mpu.o
                0x1a009b78                mpu_lp_accel_mode
 .text.mpu_get_temperature
                0x1a009c70       0xb8 ./MotionDriver/driver/eMPL/inv_mpu.o
                0x1a009c70                mpu_get_temperature
 .text.mpu_reset_fifo
                0x1a009d28      0x208 ./MotionDriver/driver/eMPL/inv_mpu.o
                0x1a009d28                mpu_reset_fifo
 .text.mpu_get_gyro_fsr
                0x1a009f30       0x68 ./MotionDriver/driver/eMPL/inv_mpu.o
                0x1a009f30                mpu_get_gyro_fsr
 .text.mpu_set_gyro_fsr
                0x1a009f98       0xa4 ./MotionDriver/driver/eMPL/inv_mpu.o
                0x1a009f98                mpu_set_gyro_fsr
 .text.mpu_get_accel_fsr
                0x1a00a03c       0x74 ./MotionDriver/driver/eMPL/inv_mpu.o
                0x1a00a03c                mpu_get_accel_fsr
 .text.mpu_set_accel_fsr
                0x1a00a0b0       0xd0 ./MotionDriver/driver/eMPL/inv_mpu.o
                0x1a00a0b0                mpu_set_accel_fsr
 .text.mpu_set_lpf
                0x1a00a180       0x9c ./MotionDriver/driver/eMPL/inv_mpu.o
                0x1a00a180                mpu_set_lpf
 .text.mpu_get_sample_rate
                0x1a00a21c       0x34 ./MotionDriver/driver/eMPL/inv_mpu.o
                0x1a00a21c                mpu_get_sample_rate
 .text.mpu_set_sample_rate
                0x1a00a250       0xdc ./MotionDriver/driver/eMPL/inv_mpu.o
                0x1a00a250                mpu_set_sample_rate
 .text.mpu_set_compass_sample_rate
                0x1a00a32c       0x80 ./MotionDriver/driver/eMPL/inv_mpu.o
                0x1a00a32c                mpu_set_compass_sample_rate
 .text.mpu_configure_fifo
                0x1a00a3ac       0xa4 ./MotionDriver/driver/eMPL/inv_mpu.o
                0x1a00a3ac                mpu_configure_fifo
 .text.mpu_set_sensors
                0x1a00a450      0x1bc ./MotionDriver/driver/eMPL/inv_mpu.o
                0x1a00a450                mpu_set_sensors
 .text.mpu_read_fifo_stream
                0x1a00a60c       0xfc ./MotionDriver/driver/eMPL/inv_mpu.o
                0x1a00a60c                mpu_read_fifo_stream
 .text.mpu_set_bypass
                0x1a00a708      0x18c ./MotionDriver/driver/eMPL/inv_mpu.o
                0x1a00a708                mpu_set_bypass
 .text.mpu_set_int_level
                0x1a00a894       0x24 ./MotionDriver/driver/eMPL/inv_mpu.o
                0x1a00a894                mpu_set_int_level
 .text.mpu_set_int_latched
                0x1a00a8b8       0x88 ./MotionDriver/driver/eMPL/inv_mpu.o
                0x1a00a8b8                mpu_set_int_latched
 .text.mpu_write_mem
                0x1a00a940       0xa4 ./MotionDriver/driver/eMPL/inv_mpu.o
                0x1a00a940                mpu_write_mem
 .text.mpu_read_mem
                0x1a00a9e4       0xa4 ./MotionDriver/driver/eMPL/inv_mpu.o
                0x1a00a9e4                mpu_read_mem
 .text.mpu_load_firmware
                0x1a00aa88       0xfc ./MotionDriver/driver/eMPL/inv_mpu.o
                0x1a00aa88                mpu_load_firmware
 .text.mpu_set_dmp_state
                0x1a00ab84       0xa8 ./MotionDriver/driver/eMPL/inv_mpu.o
                0x1a00ab84                mpu_set_dmp_state
 .text.setup_compass
                0x1a00ac2c      0x2ac ./MotionDriver/driver/eMPL/inv_mpu.o
 .text.mpu_get_compass_reg
                0x1a00aed8      0x110 ./MotionDriver/driver/eMPL/inv_mpu.o
                0x1a00aed8                mpu_get_compass_reg
 .text.mpu_get_compass_fsr
                0x1a00afe8       0x24 ./MotionDriver/driver/eMPL/inv_mpu.o
                0x1a00afe8                mpu_get_compass_fsr
 .text.dmp_load_motion_driver_firmware
                0x1a00b00c       0x20 ./MotionDriver/driver/eMPL/inv_mpu_dmp_motion_driver.o
                0x1a00b00c                dmp_load_motion_driver_firmware
 .text.dmp_set_orientation
                0x1a00b02c      0x1cc ./MotionDriver/driver/eMPL/inv_mpu_dmp_motion_driver.o
                0x1a00b02c                dmp_set_orientation
 .text.dmp_set_fifo_rate
                0x1a00b1f8       0x94 ./MotionDriver/driver/eMPL/inv_mpu_dmp_motion_driver.o
                0x1a00b1f8                dmp_set_fifo_rate
 .text.dmp_set_tap_thresh
                0x1a00b28c      0x27c ./MotionDriver/driver/eMPL/inv_mpu_dmp_motion_driver.o
                0x1a00b28c                dmp_set_tap_thresh
 .text.dmp_set_tap_axes
                0x1a00b508       0x64 ./MotionDriver/driver/eMPL/inv_mpu_dmp_motion_driver.o
                0x1a00b508                dmp_set_tap_axes
 .text.dmp_set_tap_count
                0x1a00b56c       0x44 ./MotionDriver/driver/eMPL/inv_mpu_dmp_motion_driver.o
                0x1a00b56c                dmp_set_tap_count
 .text.dmp_set_tap_time
                0x1a00b5b0       0x44 ./MotionDriver/driver/eMPL/inv_mpu_dmp_motion_driver.o
                0x1a00b5b0                dmp_set_tap_time
 .text.dmp_set_tap_time_multi
                0x1a00b5f4       0x44 ./MotionDriver/driver/eMPL/inv_mpu_dmp_motion_driver.o
                0x1a00b5f4                dmp_set_tap_time_multi
 .text.dmp_set_shake_reject_thresh
                0x1a00b638       0x60 ./MotionDriver/driver/eMPL/inv_mpu_dmp_motion_driver.o
                0x1a00b638                dmp_set_shake_reject_thresh
 .text.dmp_set_shake_reject_time
                0x1a00b698       0x44 ./MotionDriver/driver/eMPL/inv_mpu_dmp_motion_driver.o
                0x1a00b698                dmp_set_shake_reject_time
 .text.dmp_set_shake_reject_timeout
                0x1a00b6dc       0x44 ./MotionDriver/driver/eMPL/inv_mpu_dmp_motion_driver.o
                0x1a00b6dc                dmp_set_shake_reject_timeout
 .text.dmp_enable_feature
                0x1a00b720      0x250 ./MotionDriver/driver/eMPL/inv_mpu_dmp_motion_driver.o
                0x1a00b720                dmp_enable_feature
 .text.dmp_enable_gyro_cal
                0x1a00b970       0x68 ./MotionDriver/driver/eMPL/inv_mpu_dmp_motion_driver.o
                0x1a00b970                dmp_enable_gyro_cal
 .text.dmp_enable_lp_quat
                0x1a00b9d8       0x50 ./MotionDriver/driver/eMPL/inv_mpu_dmp_motion_driver.o
                0x1a00b9d8                dmp_enable_lp_quat
 .text.dmp_enable_6x_lp_quat
                0x1a00ba28       0x50 ./MotionDriver/driver/eMPL/inv_mpu_dmp_motion_driver.o
                0x1a00ba28                dmp_enable_6x_lp_quat
 .text.decode_gesture
                0x1a00ba78       0x88 ./MotionDriver/driver/eMPL/inv_mpu_dmp_motion_driver.o
 .text.dmp_read_fifo
                0x1a00bb00      0x2e4 ./MotionDriver/driver/eMPL/inv_mpu_dmp_motion_driver.o
                0x1a00bb00                dmp_read_fifo
 .text.inv_start_in_use_auto_calibration
                0x1a00bde4       0x10 /home/gary9555/Desktop/pushbot_new/EDVSBoardOS/MotionDriver/mpl/libmpllib.a(accel_auto_cal.o)
                0x1a00bde4                inv_start_in_use_auto_calibration
 .text.set_sample_rate
                0x1a00bdf4       0x4c /home/gary9555/Desktop/pushbot_new/EDVSBoardOS/MotionDriver/mpl/libmpllib.a(accel_auto_cal.o)
 .text.inv_combine_data_calculate_bias.part.1
                0x1a00be40       0xb8 /home/gary9555/Desktop/pushbot_new/EDVSBoardOS/MotionDriver/mpl/libmpllib.a(accel_auto_cal.o)
 .text.inv_get_current_calibrated_accel
                0x1a00bef8       0x44 /home/gary9555/Desktop/pushbot_new/EDVSBoardOS/MotionDriver/mpl/libmpllib.a(accel_auto_cal.o)
                0x1a00bef8                inv_get_current_calibrated_accel
 .text.inv_sort_order_4_T
                0x1a00bf3c       0x98 /home/gary9555/Desktop/pushbot_new/EDVSBoardOS/MotionDriver/mpl/libmpllib.a(accel_auto_cal.o)
                0x1a00bf3c                inv_sort_order_4_T
 .text.inv_init_check_sample_balance_parameter
                0x1a00bfd4       0x28 /home/gary9555/Desktop/pushbot_new/EDVSBoardOS/MotionDriver/mpl/libmpllib.a(accel_auto_cal.o)
                0x1a00bfd4                inv_init_check_sample_balance_parameter
 .text.inv_add_accel_block_data
                0x1a00bffc       0xa0 /home/gary9555/Desktop/pushbot_new/EDVSBoardOS/MotionDriver/mpl/libmpllib.a(accel_auto_cal.o)
                0x1a00bffc                inv_add_accel_block_data
 *fill*         0x1a00c09c        0x4 ff
 .text.inv_check_sample_balance
                0x1a00c0a0      0x1a8 /home/gary9555/Desktop/pushbot_new/EDVSBoardOS/MotionDriver/mpl/libmpllib.a(accel_auto_cal.o)
                0x1a00c0a0                inv_check_sample_balance
 .text.inv_auto_calibrate
                0x1a00c248      0x770 /home/gary9555/Desktop/pushbot_new/EDVSBoardOS/MotionDriver/mpl/libmpllib.a(accel_auto_cal.o)
                0x1a00c248                inv_auto_calibrate
 .text.inv_init_in_use_auto_calibration
                0x1a00c9b8       0x80 /home/gary9555/Desktop/pushbot_new/EDVSBoardOS/MotionDriver/mpl/libmpllib.a(accel_auto_cal.o)
                0x1a00c9b8                inv_init_in_use_auto_calibration
 .text.inv_enable_in_use_auto_calibration
                0x1a00ca38       0x18 /home/gary9555/Desktop/pushbot_new/EDVSBoardOS/MotionDriver/mpl/libmpllib.a(accel_auto_cal.o)
                0x1a00ca38                inv_enable_in_use_auto_calibration
 .text.inv_start_vector_compass_cal
                0x1a00ca50       0x10 /home/gary9555/Desktop/pushbot_new/EDVSBoardOS/MotionDriver/mpl/libmpllib.a(compass_vec_cal.o)
                0x1a00ca50                inv_start_vector_compass_cal
 .text.inv_check_peaks.part.0.constprop.4
                0x1a00ca60      0x1ec /home/gary9555/Desktop/pushbot_new/EDVSBoardOS/MotionDriver/mpl/libmpllib.a(compass_vec_cal.o)
 .text.inv_cheap_rand
                0x1a00cc4c       0x40 /home/gary9555/Desktop/pushbot_new/EDVSBoardOS/MotionDriver/mpl/libmpllib.a(compass_vec_cal.o)
                0x1a00cc4c                inv_cheap_rand
 .text.inv_cheap_gaussian
                0x1a00cc8c       0x6c /home/gary9555/Desktop/pushbot_new/EDVSBoardOS/MotionDriver/mpl/libmpllib.a(compass_vec_cal.o)
                0x1a00cc8c                inv_cheap_gaussian
 .text.inv_combine_compass_data
                0x1a00ccf8      0x154 /home/gary9555/Desktop/pushbot_new/EDVSBoardOS/MotionDriver/mpl/libmpllib.a(compass_vec_cal.o)
                0x1a00ccf8                inv_combine_compass_data
 .text.inv_set_terms
                0x1a00ce4c      0x30c /home/gary9555/Desktop/pushbot_new/EDVSBoardOS/MotionDriver/mpl/libmpllib.a(compass_vec_cal.o)
                0x1a00ce4c                inv_set_terms
 .text.inv_compute_bias
                0x1a00d158      0x78c /home/gary9555/Desktop/pushbot_new/EDVSBoardOS/MotionDriver/mpl/libmpllib.a(compass_vec_cal.o)
                0x1a00d158                inv_compute_bias
 .text.inv_center_sum
                0x1a00d8e4      0x6dc /home/gary9555/Desktop/pushbot_new/EDVSBoardOS/MotionDriver/mpl/libmpllib.a(compass_vec_cal.o)
                0x1a00d8e4                inv_center_sum
 .text.inv_get_current_calibrated_compass
                0x1a00dfc0       0x54 /home/gary9555/Desktop/pushbot_new/EDVSBoardOS/MotionDriver/mpl/libmpllib.a(compass_vec_cal.o)
                0x1a00dfc0                inv_get_current_calibrated_compass
 .text.inv_add_compass_block_data
                0x1a00e014       0x9c /home/gary9555/Desktop/pushbot_new/EDVSBoardOS/MotionDriver/mpl/libmpllib.a(compass_vec_cal.o)
                0x1a00e014                inv_add_compass_block_data
 .text.inv_check_sim
                0x1a00e0b0      0x158 /home/gary9555/Desktop/pushbot_new/EDVSBoardOS/MotionDriver/mpl/libmpllib.a(compass_vec_cal.o)
                0x1a00e0b0                inv_check_sim
 .text.inv_reset_data_collection
                0x1a00e208       0x50 /home/gary9555/Desktop/pushbot_new/EDVSBoardOS/MotionDriver/mpl/libmpllib.a(compass_vec_cal.o)
                0x1a00e208                inv_reset_data_collection
 .text.inv_process_compass_only_cal
                0x1a00e258      0x9d0 /home/gary9555/Desktop/pushbot_new/EDVSBoardOS/MotionDriver/mpl/libmpllib.a(compass_vec_cal.o)
                0x1a00e258                inv_process_compass_only_cal
 .text.inv_generate_vector_compass_cal
                0x1a00ec28       0xa8 /home/gary9555/Desktop/pushbot_new/EDVSBoardOS/MotionDriver/mpl/libmpllib.a(compass_vec_cal.o)
                0x1a00ec28                inv_generate_vector_compass_cal
 .text.inv_init_vector_compass_cal
                0x1a00ecd0       0x6c /home/gary9555/Desktop/pushbot_new/EDVSBoardOS/MotionDriver/mpl/libmpllib.a(compass_vec_cal.o)
                0x1a00ecd0                inv_init_vector_compass_cal
 .text.inv_enable_vector_compass_cal
                0x1a00ed3c       0x18 /home/gary9555/Desktop/pushbot_new/EDVSBoardOS/MotionDriver/mpl/libmpllib.a(compass_vec_cal.o)
                0x1a00ed3c                inv_enable_vector_compass_cal
 .text.inv_init_maxmin
                0x1a00ed54       0x6c /home/gary9555/Desktop/pushbot_new/EDVSBoardOS/MotionDriver/mpl/libmpllib.a(fast_no_motion.o)
                0x1a00ed54                inv_init_maxmin
 .text.inv_start_fast_nomot
                0x1a00edc0       0x40 /home/gary9555/Desktop/pushbot_new/EDVSBoardOS/MotionDriver/mpl/libmpllib.a(fast_no_motion.o)
                0x1a00edc0                inv_start_fast_nomot
 .text.inv_reset_packet
                0x1a00ee00       0x2c /home/gary9555/Desktop/pushbot_new/EDVSBoardOS/MotionDriver/mpl/libmpllib.a(fast_no_motion.o)
 .text.inv_fast_nomot_parameter
                0x1a00ee2c      0x170 /home/gary9555/Desktop/pushbot_new/EDVSBoardOS/MotionDriver/mpl/libmpllib.a(fast_no_motion.o)
                0x1a00ee2c                inv_fast_nomot_parameter
 .text.inv_fast_nomot_parameter_3rd
                0x1a00ef9c       0xd8 /home/gary9555/Desktop/pushbot_new/EDVSBoardOS/MotionDriver/mpl/libmpllib.a(fast_no_motion.o)
                0x1a00ef9c                inv_fast_nomot_parameter_3rd
 .text.inv_fast_nomot_set_gyro_bias
                0x1a00f074       0xcc /home/gary9555/Desktop/pushbot_new/EDVSBoardOS/MotionDriver/mpl/libmpllib.a(fast_no_motion.o)
                0x1a00f074                inv_fast_nomot_set_gyro_bias
 .text.inv_fast_nomot_store_data
                0x1a00f140       0xb0 /home/gary9555/Desktop/pushbot_new/EDVSBoardOS/MotionDriver/mpl/libmpllib.a(fast_no_motion.o)
                0x1a00f140                inv_fast_nomot_store_data
 .text.inv_fast_nomot_store_data_compass
                0x1a00f1f0       0x44 /home/gary9555/Desktop/pushbot_new/EDVSBoardOS/MotionDriver/mpl/libmpllib.a(fast_no_motion.o)
                0x1a00f1f0                inv_fast_nomot_store_data_compass
 .text.inv_reset_min_max_gyro_accel_statistics
                0x1a00f234       0x34 /home/gary9555/Desktop/pushbot_new/EDVSBoardOS/MotionDriver/mpl/libmpllib.a(fast_no_motion.o)
                0x1a00f234                inv_reset_min_max_gyro_accel_statistics
 .text.inv_detect_motion_by_gyro_accel
                0x1a00f268      0x134 /home/gary9555/Desktop/pushbot_new/EDVSBoardOS/MotionDriver/mpl/libmpllib.a(fast_no_motion.o)
                0x1a00f268                inv_detect_motion_by_gyro_accel
 .text.inv_sensor_data_preprocess
                0x1a00f39c       0x9c /home/gary9555/Desktop/pushbot_new/EDVSBoardOS/MotionDriver/mpl/libmpllib.a(fast_no_motion.o)
                0x1a00f39c                inv_sensor_data_preprocess
 .text.inv_generate_fast_nomot
                0x1a00f438      0x350 /home/gary9555/Desktop/pushbot_new/EDVSBoardOS/MotionDriver/mpl/libmpllib.a(fast_no_motion.o)
                0x1a00f438                inv_generate_fast_nomot
 .text.inv_set_default_number_of_samples
                0x1a00f788       0x3c /home/gary9555/Desktop/pushbot_new/EDVSBoardOS/MotionDriver/mpl/libmpllib.a(fast_no_motion.o)
                0x1a00f788                inv_set_default_number_of_samples
 .text.inv_init_fast_nomot
                0x1a00f7c4       0x64 /home/gary9555/Desktop/pushbot_new/EDVSBoardOS/MotionDriver/mpl/libmpllib.a(fast_no_motion.o)
                0x1a00f7c4                inv_init_fast_nomot
 .text.inv_enable_fast_nomot
                0x1a00f828       0x18 /home/gary9555/Desktop/pushbot_new/EDVSBoardOS/MotionDriver/mpl/libmpllib.a(fast_no_motion.o)
                0x1a00f828                inv_enable_fast_nomot
 .text.inv_start_9x_sensor_fusion
                0x1a00f840       0x10 /home/gary9555/Desktop/pushbot_new/EDVSBoardOS/MotionDriver/mpl/libmpllib.a(fusion_9axis.o)
                0x1a00f840                inv_start_9x_sensor_fusion
 .text.inv_filter_correction_angle
                0x1a00f850      0x1f0 /home/gary9555/Desktop/pushbot_new/EDVSBoardOS/MotionDriver/mpl/libmpllib.a(fusion_9axis.o)
                0x1a00f850                inv_filter_correction_angle
 .text.inv_perform_9x_fusion
                0x1a00fa40      0x39c /home/gary9555/Desktop/pushbot_new/EDVSBoardOS/MotionDriver/mpl/libmpllib.a(fusion_9axis.o)
                0x1a00fa40                inv_perform_9x_fusion
 .text.inv_process_9x_sensor_fusion_cb
                0x1a00fddc       0x98 /home/gary9555/Desktop/pushbot_new/EDVSBoardOS/MotionDriver/mpl/libmpllib.a(fusion_9axis.o)
                0x1a00fddc                inv_process_9x_sensor_fusion_cb
 .text.inv_init_9x_fusion
                0x1a00fe74       0x3c /home/gary9555/Desktop/pushbot_new/EDVSBoardOS/MotionDriver/mpl/libmpllib.a(fusion_9axis.o)
                0x1a00fe74                inv_init_9x_fusion
 .text.inv_9x_fusion_use_timestamps
                0x1a00feb0       0x10 /home/gary9555/Desktop/pushbot_new/EDVSBoardOS/MotionDriver/mpl/libmpllib.a(fusion_9axis.o)
                0x1a00feb0                inv_9x_fusion_use_timestamps
 .text.inv_enable_9x_sensor_fusion
                0x1a00fec0       0x24 /home/gary9555/Desktop/pushbot_new/EDVSBoardOS/MotionDriver/mpl/libmpllib.a(fusion_9axis.o)
                0x1a00fec0                inv_enable_9x_sensor_fusion
 .text.inv_gtc_store
                0x1a00fee4       0x34 /home/gary9555/Desktop/pushbot_new/EDVSBoardOS/MotionDriver/mpl/libmpllib.a(gyro_tc.o)
 .text.inv_gtc_load
                0x1a00ff18       0x34 /home/gary9555/Desktop/pushbot_new/EDVSBoardOS/MotionDriver/mpl/libmpllib.a(gyro_tc.o)
 .text.inv_gtc_data_cb
                0x1a00ff4c      0x44c /home/gary9555/Desktop/pushbot_new/EDVSBoardOS/MotionDriver/mpl/libmpllib.a(gyro_tc.o)
 .text.inv_start_gyro_tc
                0x1a010398       0x10 /home/gary9555/Desktop/pushbot_new/EDVSBoardOS/MotionDriver/mpl/libmpllib.a(gyro_tc.o)
                0x1a010398                inv_start_gyro_tc
 .text.inv_init_gyro_ts
                0x1a0103a8       0x38 /home/gary9555/Desktop/pushbot_new/EDVSBoardOS/MotionDriver/mpl/libmpllib.a(gyro_tc.o)
                0x1a0103a8                inv_init_gyro_ts
 .text.inv_enable_gyro_tc
                0x1a0103e0       0x40 /home/gary9555/Desktop/pushbot_new/EDVSBoardOS/MotionDriver/mpl/libmpllib.a(gyro_tc.o)
                0x1a0103e0                inv_enable_gyro_tc
 .text.inv_start_heading_from_gyro
                0x1a010420       0x10 /home/gary9555/Desktop/pushbot_new/EDVSBoardOS/MotionDriver/mpl/libmpllib.a(heading_from_gyro.o)
                0x1a010420                inv_start_heading_from_gyro
 .text.inv_run_heading_from_gyro
                0x1a010430      0x5a8 /home/gary9555/Desktop/pushbot_new/EDVSBoardOS/MotionDriver/mpl/libmpllib.a(heading_from_gyro.o)
                0x1a010430                inv_run_heading_from_gyro
 .text.inv_init_heading_from_gyro
                0x1a0109d8       0x24 /home/gary9555/Desktop/pushbot_new/EDVSBoardOS/MotionDriver/mpl/libmpllib.a(heading_from_gyro.o)
                0x1a0109d8                inv_init_heading_from_gyro
 .text.inv_enable_heading_from_gyro
                0x1a0109fc       0x14 /home/gary9555/Desktop/pushbot_new/EDVSBoardOS/MotionDriver/mpl/libmpllib.a(heading_from_gyro.o)
                0x1a0109fc                inv_enable_heading_from_gyro
 .text.inv_start_magnetic_disturbance
                0x1a010a10       0x10 /home/gary9555/Desktop/pushbot_new/EDVSBoardOS/MotionDriver/mpl/libmpllib.a(mag_disturb.o)
                0x1a010a10                inv_start_magnetic_disturbance
 .text.inv_set_magnetic_disturbance
                0x1a010a20       0x18 /home/gary9555/Desktop/pushbot_new/EDVSBoardOS/MotionDriver/mpl/libmpllib.a(mag_disturb.o)
                0x1a010a20                inv_set_magnetic_disturbance
 .text.inv_init_magnetic_disturbance
                0x1a010a38       0x4c /home/gary9555/Desktop/pushbot_new/EDVSBoardOS/MotionDriver/mpl/libmpllib.a(mag_disturb.o)
                0x1a010a38                inv_init_magnetic_disturbance
 .text.inv_enable_magnetic_disturbance
                0x1a010a84       0x2c /home/gary9555/Desktop/pushbot_new/EDVSBoardOS/MotionDriver/mpl/libmpllib.a(mag_disturb.o)
                0x1a010a84                inv_enable_magnetic_disturbance
 .text.inv_track_dip_angle
                0x1a010ab0       0x9c /home/gary9555/Desktop/pushbot_new/EDVSBoardOS/MotionDriver/mpl/libmpllib.a(mag_disturb.o)
                0x1a010ab0                inv_track_dip_angle
 .text.ComputeAngleVelocity
                0x1a010b4c       0x54 /home/gary9555/Desktop/pushbot_new/EDVSBoardOS/MotionDriver/mpl/libmpllib.a(mag_disturb.o)
                0x1a010b4c                ComputeAngleVelocity
 .text.Mag3ofNormalizedLong
                0x1a010ba0       0x58 /home/gary9555/Desktop/pushbot_new/EDVSBoardOS/MotionDriver/mpl/libmpllib.a(mag_disturb.o)
                0x1a010ba0                Mag3ofNormalizedLong
 .text.MagDisturbSetDisturbance
                0x1a010bf8       0x78 /home/gary9555/Desktop/pushbot_new/EDVSBoardOS/MotionDriver/mpl/libmpllib.a(mag_disturb.o)
                0x1a010bf8                MagDisturbSetDisturbance
 .text.MagDisturbCheckSettling
                0x1a010c70       0x48 /home/gary9555/Desktop/pushbot_new/EDVSBoardOS/MotionDriver/mpl/libmpllib.a(mag_disturb.o)
                0x1a010c70                MagDisturbCheckSettling
 .text.inv_check_magnetic_disturbance
                0x1a010cb8      0x30c /home/gary9555/Desktop/pushbot_new/EDVSBoardOS/MotionDriver/mpl/libmpllib.a(mag_disturb.o)
                0x1a010cb8                inv_check_magnetic_disturbance
 .text.inv_magnetic_disturbance_process
                0x1a010fc4       0x38 /home/gary9555/Desktop/pushbot_new/EDVSBoardOS/MotionDriver/mpl/libmpllib.a(mag_disturb.o)
                0x1a010fc4                inv_magnetic_disturbance_process
 .text.inv_get_magnetic_disturbance_state
                0x1a010ffc        0xc /home/gary9555/Desktop/pushbot_new/EDVSBoardOS/MotionDriver/mpl/libmpllib.a(mag_disturb.o)
                0x1a010ffc                inv_get_magnetic_disturbance_state
 .text.inv_normalize_quat
                0x1a011008       0xec /home/gary9555/Desktop/pushbot_new/EDVSBoardOS/MotionDriver/mpl/libmpllib.a(quaternion_supervisor.o)
 .text.inv_start_quaternion
                0x1a0110f4       0x30 /home/gary9555/Desktop/pushbot_new/EDVSBoardOS/MotionDriver/mpl/libmpllib.a(quaternion_supervisor.o)
                0x1a0110f4                inv_start_quaternion
 *fill*         0x1a011124        0x4 ff
 .text.inv_generate_gyro_quaternion
                0x1a011128      0x128 /home/gary9555/Desktop/pushbot_new/EDVSBoardOS/MotionDriver/mpl/libmpllib.a(quaternion_supervisor.o)
                0x1a011128                inv_generate_gyro_quaternion
 .text.inv_generate_accel_gyro_quaternion
                0x1a011250      0x74c /home/gary9555/Desktop/pushbot_new/EDVSBoardOS/MotionDriver/mpl/libmpllib.a(quaternion_supervisor.o)
                0x1a011250                inv_generate_accel_gyro_quaternion
 .text.inv_generate_quaternion
                0x1a01199c       0x58 /home/gary9555/Desktop/pushbot_new/EDVSBoardOS/MotionDriver/mpl/libmpllib.a(quaternion_supervisor.o)
 .text.inv_init_quaternion
                0x1a0119f4       0x24 /home/gary9555/Desktop/pushbot_new/EDVSBoardOS/MotionDriver/mpl/libmpllib.a(quaternion_supervisor.o)
                0x1a0119f4                inv_init_quaternion
 .text.inv_enable_quaternion
                0x1a011a18       0x18 /home/gary9555/Desktop/pushbot_new/EDVSBoardOS/MotionDriver/mpl/libmpllib.a(quaternion_supervisor.o)
                0x1a011a18                inv_enable_quaternion
 .text.getFullConvClk
                0x1a011a30       0x10 /home/gary9555/Desktop/pushbot_new/lpc_chip_43xx/Debug/liblpc_chip_43xx.a(adc_18xx_43xx.o)
 .text.Chip_ADC_GetClockIndex
                0x1a011a40       0x2c /home/gary9555/Desktop/pushbot_new/lpc_chip_43xx/Debug/liblpc_chip_43xx.a(adc_18xx_43xx.o)
 .text.getClkDiv
                0x1a011a6c       0x68 /home/gary9555/Desktop/pushbot_new/lpc_chip_43xx/Debug/liblpc_chip_43xx.a(adc_18xx_43xx.o)
 .text.setStartMode
                0x1a011ad4       0x30 /home/gary9555/Desktop/pushbot_new/lpc_chip_43xx/Debug/liblpc_chip_43xx.a(adc_18xx_43xx.o)
                0x1a011ad4                setStartMode
 .text.readAdcVal
                0x1a011b04       0x44 /home/gary9555/Desktop/pushbot_new/lpc_chip_43xx/Debug/liblpc_chip_43xx.a(adc_18xx_43xx.o)
                0x1a011b04                readAdcVal
 .text.Chip_ADC_Init
                0x1a011b48       0x88 /home/gary9555/Desktop/pushbot_new/lpc_chip_43xx/Debug/liblpc_chip_43xx.a(adc_18xx_43xx.o)
                0x1a011b48                Chip_ADC_Init
 .text.Chip_ADC_ReadValue
                0x1a011bd0       0x24 /home/gary9555/Desktop/pushbot_new/lpc_chip_43xx/Debug/liblpc_chip_43xx.a(adc_18xx_43xx.o)
                0x1a011bd0                Chip_ADC_ReadValue
 .text.Chip_ADC_SetStartMode
                0x1a011bf4       0x50 /home/gary9555/Desktop/pushbot_new/lpc_chip_43xx/Debug/liblpc_chip_43xx.a(adc_18xx_43xx.o)
                0x1a011bf4                Chip_ADC_SetStartMode
 .text.Chip_ADC_EnableChannel
                0x1a011c44       0x58 /home/gary9555/Desktop/pushbot_new/lpc_chip_43xx/Debug/liblpc_chip_43xx.a(adc_18xx_43xx.o)
                0x1a011c44                Chip_ADC_EnableChannel
 .text.Chip_ADC_SetBurstCmd
                0x1a011c9c       0x3c /home/gary9555/Desktop/pushbot_new/lpc_chip_43xx/Debug/liblpc_chip_43xx.a(adc_18xx_43xx.o)
                0x1a011c9c                Chip_ADC_SetBurstCmd
 .text.SystemCoreClockUpdate
                0x1a011cd8       0x18 /home/gary9555/Desktop/pushbot_new/lpc_chip_43xx/Debug/liblpc_chip_43xx.a(chip_18xx_43xx.o)
                0x1a011cd8                SystemCoreClockUpdate
 .text.Chip_Clock_TestMainPLLMultiplier
                0x1a011cf0       0x48 /home/gary9555/Desktop/pushbot_new/lpc_chip_43xx/Debug/liblpc_chip_43xx.a(clock_18xx_43xx.o)
 .text.Chip_Clock_GetDivRate
                0x1a011d38       0x40 /home/gary9555/Desktop/pushbot_new/lpc_chip_43xx/Debug/liblpc_chip_43xx.a(clock_18xx_43xx.o)
 .text.Chip_Clock_FindBaseClock
                0x1a011d78       0x90 /home/gary9555/Desktop/pushbot_new/lpc_chip_43xx/Debug/liblpc_chip_43xx.a(clock_18xx_43xx.o)
 .text.Chip_Clock_EnableCrystal
                0x1a011e08       0x70 /home/gary9555/Desktop/pushbot_new/lpc_chip_43xx/Debug/liblpc_chip_43xx.a(clock_18xx_43xx.o)
                0x1a011e08                Chip_Clock_EnableCrystal
 .text.Chip_Clock_SetupMainPLLHz
                0x1a011e78      0x128 /home/gary9555/Desktop/pushbot_new/lpc_chip_43xx/Debug/liblpc_chip_43xx.a(clock_18xx_43xx.o)
                0x1a011e78                Chip_Clock_SetupMainPLLHz
 .text.Chip_Clock_SetupMainPLLMult
                0x1a011fa0       0xfc /home/gary9555/Desktop/pushbot_new/lpc_chip_43xx/Debug/liblpc_chip_43xx.a(clock_18xx_43xx.o)
                0x1a011fa0                Chip_Clock_SetupMainPLLMult
 .text.Chip_Clock_GetMainPLLHz
                0x1a01209c       0xc0 /home/gary9555/Desktop/pushbot_new/lpc_chip_43xx/Debug/liblpc_chip_43xx.a(clock_18xx_43xx.o)
                0x1a01209c                Chip_Clock_GetMainPLLHz
 .text.Chip_Clock_DisableMainPLL
                0x1a01215c       0x20 /home/gary9555/Desktop/pushbot_new/lpc_chip_43xx/Debug/liblpc_chip_43xx.a(clock_18xx_43xx.o)
                0x1a01215c                Chip_Clock_DisableMainPLL
 .text.Chip_Clock_GetDividerSource
                0x1a01217c       0x40 /home/gary9555/Desktop/pushbot_new/lpc_chip_43xx/Debug/liblpc_chip_43xx.a(clock_18xx_43xx.o)
                0x1a01217c                Chip_Clock_GetDividerSource
 .text.Chip_Clock_GetDividerDivisor
                0x1a0121bc       0x38 /home/gary9555/Desktop/pushbot_new/lpc_chip_43xx/Debug/liblpc_chip_43xx.a(clock_18xx_43xx.o)
                0x1a0121bc                Chip_Clock_GetDividerDivisor
 .text.Chip_Clock_GetClockInputHz
                0x1a0121f4      0x140 /home/gary9555/Desktop/pushbot_new/lpc_chip_43xx/Debug/liblpc_chip_43xx.a(clock_18xx_43xx.o)
                0x1a0121f4                Chip_Clock_GetClockInputHz
 .text.Chip_Clock_GetBaseClocktHz
                0x1a012334       0x24 /home/gary9555/Desktop/pushbot_new/lpc_chip_43xx/Debug/liblpc_chip_43xx.a(clock_18xx_43xx.o)
                0x1a012334                Chip_Clock_GetBaseClocktHz
 .text.Chip_Clock_SetBaseClock
                0x1a012358       0x9c /home/gary9555/Desktop/pushbot_new/lpc_chip_43xx/Debug/liblpc_chip_43xx.a(clock_18xx_43xx.o)
                0x1a012358                Chip_Clock_SetBaseClock
 .text.Chip_Clock_DisableBaseClock
                0x1a0123f4       0x40 /home/gary9555/Desktop/pushbot_new/lpc_chip_43xx/Debug/liblpc_chip_43xx.a(clock_18xx_43xx.o)
                0x1a0123f4                Chip_Clock_DisableBaseClock
 .text.Chip_Clock_GetBaseClock
                0x1a012434       0x4c /home/gary9555/Desktop/pushbot_new/lpc_chip_43xx/Debug/liblpc_chip_43xx.a(clock_18xx_43xx.o)
                0x1a012434                Chip_Clock_GetBaseClock
 .text.Chip_Clock_EnableOpts
                0x1a012480       0x7c /home/gary9555/Desktop/pushbot_new/lpc_chip_43xx/Debug/liblpc_chip_43xx.a(clock_18xx_43xx.o)
                0x1a012480                Chip_Clock_EnableOpts
 .text.Chip_Clock_Enable
                0x1a0124fc       0x60 /home/gary9555/Desktop/pushbot_new/lpc_chip_43xx/Debug/liblpc_chip_43xx.a(clock_18xx_43xx.o)
                0x1a0124fc                Chip_Clock_Enable
 .text.Chip_Clock_RTCEnable
                0x1a01255c       0x2c /home/gary9555/Desktop/pushbot_new/lpc_chip_43xx/Debug/liblpc_chip_43xx.a(clock_18xx_43xx.o)
                0x1a01255c                Chip_Clock_RTCEnable
 .text.Chip_Clock_Disable
                0x1a012588       0x60 /home/gary9555/Desktop/pushbot_new/lpc_chip_43xx/Debug/liblpc_chip_43xx.a(clock_18xx_43xx.o)
                0x1a012588                Chip_Clock_Disable
 .text.Chip_Clock_GetRate
                0x1a0125e8       0x88 /home/gary9555/Desktop/pushbot_new/lpc_chip_43xx/Debug/liblpc_chip_43xx.a(clock_18xx_43xx.o)
                0x1a0125e8                Chip_Clock_GetRate
 .text.Chip_Clock_DisablePLL
                0x1a012670       0x38 /home/gary9555/Desktop/pushbot_new/lpc_chip_43xx/Debug/liblpc_chip_43xx.a(clock_18xx_43xx.o)
                0x1a012670                Chip_Clock_DisablePLL
 .text.Chip_DAC_Init
                0x1a0126a8       0x24 /home/gary9555/Desktop/pushbot_new/lpc_chip_43xx/Debug/liblpc_chip_43xx.a(dac_18xx_43xx.o)
                0x1a0126a8                Chip_DAC_Init
 .text.Chip_DAC_UpdateValue
                0x1a0126cc       0x34 /home/gary9555/Desktop/pushbot_new/lpc_chip_43xx/Debug/liblpc_chip_43xx.a(dac_18xx_43xx.o)
                0x1a0126cc                Chip_DAC_UpdateValue
 .text.Chip_DAC_SetBias
                0x1a012700       0x34 /home/gary9555/Desktop/pushbot_new/lpc_chip_43xx/Debug/liblpc_chip_43xx.a(dac_18xx_43xx.o)
                0x1a012700                Chip_DAC_SetBias
 .text.fpuInit  0x1a012734       0x74 /home/gary9555/Desktop/pushbot_new/lpc_chip_43xx/Debug/liblpc_chip_43xx.a(fpu_init.o)
                0x1a012734                fpuInit
 .text.enableClk
                0x1a0127a8       0x30 /home/gary9555/Desktop/pushbot_new/lpc_chip_43xx/Debug/liblpc_chip_43xx.a(i2c_18xx_43xx.o)
 .text.disableClk
                0x1a0127d8       0x30 /home/gary9555/Desktop/pushbot_new/lpc_chip_43xx/Debug/liblpc_chip_43xx.a(i2c_18xx_43xx.o)
 .text.getClkRate
                0x1a012808       0x30 /home/gary9555/Desktop/pushbot_new/lpc_chip_43xx/Debug/liblpc_chip_43xx.a(i2c_18xx_43xx.o)
 .text.startMasterXfer
                0x1a012838       0x20 /home/gary9555/Desktop/pushbot_new/lpc_chip_43xx/Debug/liblpc_chip_43xx.a(i2c_18xx_43xx.o)
 .text.startSlaverXfer
                0x1a012858       0x20 /home/gary9555/Desktop/pushbot_new/lpc_chip_43xx/Debug/liblpc_chip_43xx.a(i2c_18xx_43xx.o)
 .text.isI2CBusFree
                0x1a012878       0x28 /home/gary9555/Desktop/pushbot_new/lpc_chip_43xx/Debug/liblpc_chip_43xx.a(i2c_18xx_43xx.o)
 .text.getCurState
                0x1a0128a0       0x1c /home/gary9555/Desktop/pushbot_new/lpc_chip_43xx/Debug/liblpc_chip_43xx.a(i2c_18xx_43xx.o)
 .text.handleMasterXferState
                0x1a0128bc      0x298 /home/gary9555/Desktop/pushbot_new/lpc_chip_43xx/Debug/liblpc_chip_43xx.a(i2c_18xx_43xx.o)
                0x1a0128bc                handleMasterXferState
 .text.Chip_I2C_EventHandler
                0x1a012b54       0x4c /home/gary9555/Desktop/pushbot_new/lpc_chip_43xx/Debug/liblpc_chip_43xx.a(i2c_18xx_43xx.o)
                0x1a012b54                Chip_I2C_EventHandler
 .text.Chip_I2C_EventHandlerPolling
                0x1a012ba0       0x60 /home/gary9555/Desktop/pushbot_new/lpc_chip_43xx/Debug/liblpc_chip_43xx.a(i2c_18xx_43xx.o)
                0x1a012ba0                Chip_I2C_EventHandlerPolling
 .text.Chip_I2C_Init
                0x1a012c00       0x34 /home/gary9555/Desktop/pushbot_new/lpc_chip_43xx/Debug/liblpc_chip_43xx.a(i2c_18xx_43xx.o)
                0x1a012c00                Chip_I2C_Init
 .text.Chip_I2C_DeInit
                0x1a012c34       0x34 /home/gary9555/Desktop/pushbot_new/lpc_chip_43xx/Debug/liblpc_chip_43xx.a(i2c_18xx_43xx.o)
                0x1a012c34                Chip_I2C_DeInit
 .text.Chip_I2C_SetClockRate
                0x1a012c68       0x68 /home/gary9555/Desktop/pushbot_new/lpc_chip_43xx/Debug/liblpc_chip_43xx.a(i2c_18xx_43xx.o)
                0x1a012c68                Chip_I2C_SetClockRate
 .text.Chip_I2C_SetMasterEventHandler
                0x1a012cd0       0x4c /home/gary9555/Desktop/pushbot_new/lpc_chip_43xx/Debug/liblpc_chip_43xx.a(i2c_18xx_43xx.o)
                0x1a012cd0                Chip_I2C_SetMasterEventHandler
 .text.Chip_I2C_MasterTransfer
                0x1a012d1c       0x9c /home/gary9555/Desktop/pushbot_new/lpc_chip_43xx/Debug/liblpc_chip_43xx.a(i2c_18xx_43xx.o)
                0x1a012d1c                Chip_I2C_MasterTransfer
 .text.Chip_I2C_MasterSend
                0x1a012db8       0x74 /home/gary9555/Desktop/pushbot_new/lpc_chip_43xx/Debug/liblpc_chip_43xx.a(i2c_18xx_43xx.o)
                0x1a012db8                Chip_I2C_MasterSend
 .text.Chip_I2C_MasterCmdRead
                0x1a012e2c       0x78 /home/gary9555/Desktop/pushbot_new/lpc_chip_43xx/Debug/liblpc_chip_43xx.a(i2c_18xx_43xx.o)
                0x1a012e2c                Chip_I2C_MasterCmdRead
 .text.Chip_I2C_MasterStateHandler
                0x1a012ea4       0x60 /home/gary9555/Desktop/pushbot_new/lpc_chip_43xx/Debug/liblpc_chip_43xx.a(i2c_18xx_43xx.o)
                0x1a012ea4                Chip_I2C_MasterStateHandler
 .text.Chip_I2C_IsStateChanged
                0x1a012f04       0x3c /home/gary9555/Desktop/pushbot_new/lpc_chip_43xx/Debug/liblpc_chip_43xx.a(i2c_18xx_43xx.o)
                0x1a012f04                Chip_I2C_IsStateChanged
 .text.iap_entry
                0x1a012f40       0x20 /home/gary9555/Desktop/pushbot_new/lpc_chip_43xx/Debug/liblpc_chip_43xx.a(iap_18xx_43xx.o)
 .text.Chip_IAP_ReinvokeISP
                0x1a012f60       0x24 /home/gary9555/Desktop/pushbot_new/lpc_chip_43xx/Debug/liblpc_chip_43xx.a(iap_18xx_43xx.o)
                0x1a012f60                Chip_IAP_ReinvokeISP
 .text.Chip_OTP_Init
                0x1a012f84       0xd0 /home/gary9555/Desktop/pushbot_new/lpc_chip_43xx/Debug/liblpc_chip_43xx.a(otp_18xx_43xx.o)
                0x1a012f84                Chip_OTP_Init
 .text.Chip_RGU_TriggerReset
                0x1a013054       0x40 /home/gary9555/Desktop/pushbot_new/lpc_chip_43xx/Debug/liblpc_chip_43xx.a(rgu_18xx_43xx.o)
                0x1a013054                Chip_RGU_TriggerReset
 .text.Chip_RGU_ClearReset
                0x1a013094       0x34 /home/gary9555/Desktop/pushbot_new/lpc_chip_43xx/Debug/liblpc_chip_43xx.a(rgu_18xx_43xx.o)
                0x1a013094                Chip_RGU_ClearReset
 .text.Chip_RIT_Init
                0x1a0130c8       0x38 /home/gary9555/Desktop/pushbot_new/lpc_chip_43xx/Debug/liblpc_chip_43xx.a(ritimer_18xx_43xx.o)
                0x1a0130c8                Chip_RIT_Init
 .text.Chip_RTC_Init
                0x1a013100       0x4c /home/gary9555/Desktop/pushbot_new/lpc_chip_43xx/Debug/liblpc_chip_43xx.a(rtc_18xx_43xx.o)
                0x1a013100                Chip_RTC_Init
 .text.Chip_RTC_DeInit
                0x1a01314c       0x1c /home/gary9555/Desktop/pushbot_new/lpc_chip_43xx/Debug/liblpc_chip_43xx.a(rtc_18xx_43xx.o)
                0x1a01314c                Chip_RTC_DeInit
 .text.Chip_RTC_ResetClockTickCounter
                0x1a013168       0x44 /home/gary9555/Desktop/pushbot_new/lpc_chip_43xx/Debug/liblpc_chip_43xx.a(rtc_18xx_43xx.o)
                0x1a013168                Chip_RTC_ResetClockTickCounter
 .text.Chip_RTC_Enable
                0x1a0131ac       0x44 /home/gary9555/Desktop/pushbot_new/lpc_chip_43xx/Debug/liblpc_chip_43xx.a(rtc_18xx_43xx.o)
                0x1a0131ac                Chip_RTC_Enable
 .text.Chip_RTC_SetFullTime
                0x1a0131f0       0x5c /home/gary9555/Desktop/pushbot_new/lpc_chip_43xx/Debug/liblpc_chip_43xx.a(rtc_18xx_43xx.o)
                0x1a0131f0                Chip_RTC_SetFullTime
 .text.Chip_RTC_CalibCounterCmd
                0x1a01324c       0x44 /home/gary9555/Desktop/pushbot_new/lpc_chip_43xx/Debug/liblpc_chip_43xx.a(rtc_18xx_43xx.o)
                0x1a01324c                Chip_RTC_CalibCounterCmd
 .text.Chip_SetupCoreClock
                0x1a013290       0xb0 /home/gary9555/Desktop/pushbot_new/lpc_chip_43xx/Debug/liblpc_chip_43xx.a(sysinit_18xx_43xx.o)
                0x1a013290                Chip_SetupCoreClock
 .text.Chip_TIMER_GetClockIndex
                0x1a013340       0x50 /home/gary9555/Desktop/pushbot_new/lpc_chip_43xx/Debug/liblpc_chip_43xx.a(timer_18xx_43xx.o)
 .text.Chip_TIMER_Init
                0x1a013390       0x20 /home/gary9555/Desktop/pushbot_new/lpc_chip_43xx/Debug/liblpc_chip_43xx.a(timer_18xx_43xx.o)
                0x1a013390                Chip_TIMER_Init
 .text.Chip_TIMER_DeInit
                0x1a0133b0       0x20 /home/gary9555/Desktop/pushbot_new/lpc_chip_43xx/Debug/liblpc_chip_43xx.a(timer_18xx_43xx.o)
                0x1a0133b0                Chip_TIMER_DeInit
 .text.Chip_TIMER_Reset
                0x1a0133d0       0x3c /home/gary9555/Desktop/pushbot_new/lpc_chip_43xx/Debug/liblpc_chip_43xx.a(timer_18xx_43xx.o)
                0x1a0133d0                Chip_TIMER_Reset
 .text.Chip_TIMER_ExtMatchControlSet
                0x1a01340c       0x74 /home/gary9555/Desktop/pushbot_new/lpc_chip_43xx/Debug/liblpc_chip_43xx.a(timer_18xx_43xx.o)
                0x1a01340c                Chip_TIMER_ExtMatchControlSet
 .text.Chip_UART_TXDisable
                0x1a013480       0x1c /home/gary9555/Desktop/pushbot_new/lpc_chip_43xx/Debug/liblpc_chip_43xx.a(uart_18xx_43xx.o)
 .text.Chip_UART_SetupFIFOS
                0x1a01349c       0x1c /home/gary9555/Desktop/pushbot_new/lpc_chip_43xx/Debug/liblpc_chip_43xx.a(uart_18xx_43xx.o)
 .text.Chip_UART_ConfigData
                0x1a0134b8       0x1c /home/gary9555/Desktop/pushbot_new/lpc_chip_43xx/Debug/liblpc_chip_43xx.a(uart_18xx_43xx.o)
 .text.Chip_UART_EnableDivisorAccess
                0x1a0134d4       0x20 /home/gary9555/Desktop/pushbot_new/lpc_chip_43xx/Debug/liblpc_chip_43xx.a(uart_18xx_43xx.o)
 .text.Chip_UART_DisableDivisorAccess
                0x1a0134f4       0x20 /home/gary9555/Desktop/pushbot_new/lpc_chip_43xx/Debug/liblpc_chip_43xx.a(uart_18xx_43xx.o)
 .text.Chip_UART_SetDivisorLatches
                0x1a013514       0x28 /home/gary9555/Desktop/pushbot_new/lpc_chip_43xx/Debug/liblpc_chip_43xx.a(uart_18xx_43xx.o)
 .text.Chip_UART_GetClockIndex
                0x1a01353c       0x50 /home/gary9555/Desktop/pushbot_new/lpc_chip_43xx/Debug/liblpc_chip_43xx.a(uart_18xx_43xx.o)
 .text.Chip_UART_Init