Archive member included to satisfy reference by file (symbol)

/home/gary9555/Desktop/pushbot_new/EDVSBoardOS/MotionDriver/mpl/libmpllib.a(accel_auto_cal.o)
                              ./src/mpu9150.o (inv_enable_in_use_auto_calibration)
/home/gary9555/Desktop/pushbot_new/EDVSBoardOS/MotionDriver/mpl/libmpllib.a(compass_vec_cal.o)
                              /home/gary9555/Desktop/pushbot_new/EDVSBoardOS/MotionDriver/mpl/libmpllib.a(accel_auto_cal.o) (inv_combine_compass_data)
/home/gary9555/Desktop/pushbot_new/EDVSBoardOS/MotionDriver/mpl/libmpllib.a(fast_no_motion.o)
                              /home/gary9555/Desktop/pushbot_new/EDVSBoardOS/MotionDriver/mpl/libmpllib.a(accel_auto_cal.o) (inv_fast_nomot_parameter)
/home/gary9555/Desktop/pushbot_new/EDVSBoardOS/MotionDriver/mpl/libmpllib.a(fusion_9axis.o)
                              ./src/mpu9150.o (inv_9x_fusion_use_timestamps)
/home/gary9555/Desktop/pushbot_new/EDVSBoardOS/MotionDriver/mpl/libmpllib.a(gyro_tc.o)
                              ./src/mpu9150.o (inv_enable_gyro_tc)
/home/gary9555/Desktop/pushbot_new/EDVSBoardOS/MotionDriver/mpl/libmpllib.a(heading_from_gyro.o)
                              ./src/mpu9150.o (inv_enable_heading_from_gyro)
/home/gary9555/Desktop/pushbot_new/EDVSBoardOS/MotionDriver/mpl/libmpllib.a(mag_disturb.o)
                              /home/gary9555/Desktop/pushbot_new/EDVSBoardOS/MotionDriver/mpl/libmpllib.a(compass_vec_cal.o) (inv_set_magnetic_disturbance)
/home/gary9555/Desktop/pushbot_new/EDVSBoardOS/MotionDriver/mpl/libmpllib.a(quaternion_supervisor.o)
                              ./src/mpu9150.o (inv_enable_quaternion)
/home/gary9555/Desktop/pushbot_new/lpc_chip_43xx/Debug/liblpc_chip_43xx.a(adc_18xx_43xx.o)
                              ./src/sensors.o (Chip_ADC_Init)
/home/gary9555/Desktop/pushbot_new/lpc_chip_43xx/Debug/liblpc_chip_43xx.a(chip_18xx_43xx.o)
                              ./src/uart.o (SystemCoreClock)
/home/gary9555/Desktop/pushbot_new/lpc_chip_43xx/Debug/liblpc_chip_43xx.a(clock_18xx_43xx.o)
                              /home/gary9555/Desktop/pushbot_new/lpc_chip_43xx/Debug/liblpc_chip_43xx.a(chip_18xx_43xx.o) (Chip_Clock_GetClockInputHz)
/home/gary9555/Desktop/pushbot_new/lpc_chip_43xx/Debug/liblpc_chip_43xx.a(dac_18xx_43xx.o)
                              ./src/sleep.o (Chip_DAC_Init)
/home/gary9555/Desktop/pushbot_new/lpc_chip_43xx/Debug/liblpc_chip_43xx.a(evrt_18xx_43xx.o)
                              ./src/sleep.o (Chip_EVRT_ConfigIntSrcActiveType)
/home/gary9555/Desktop/pushbot_new/lpc_chip_43xx/Debug/liblpc_chip_43xx.a(fpu_init.o)
                              ./src/sysinit.o (fpuInit)
/home/gary9555/Desktop/pushbot_new/lpc_chip_43xx/Debug/liblpc_chip_43xx.a(i2c_18xx_43xx.o)
                              ./src/mpu9150.o (Chip_I2C_EventHandlerPolling)
/home/gary9555/Desktop/pushbot_new/lpc_chip_43xx/Debug/liblpc_chip_43xx.a(iap_18xx_43xx.o)
                              ./src/utils.o (Chip_IAP_ReinvokeISP)
/home/gary9555/Desktop/pushbot_new/lpc_chip_43xx/Debug/liblpc_chip_43xx.a(otp_18xx_43xx.o)
                              ./src/sysinit.o (Chip_OTP_Init)
/home/gary9555/Desktop/pushbot_new/lpc_chip_43xx/Debug/liblpc_chip_43xx.a(pmc_18xx_43xx.o)
                              ./src/sleep.o (Chip_PMC_Set_PwrState)
/home/gary9555/Desktop/pushbot_new/lpc_chip_43xx/Debug/liblpc_chip_43xx.a(rgu_18xx_43xx.o)
                              ./src/uart.o (Chip_RGU_TriggerReset)
/home/gary9555/Desktop/pushbot_new/lpc_chip_43xx/Debug/liblpc_chip_43xx.a(ritimer_18xx_43xx.o)
                              ./src/main.o (Chip_RIT_Init)
/home/gary9555/Desktop/pushbot_new/lpc_chip_43xx/Debug/liblpc_chip_43xx.a(rtc_18xx_43xx.o)
                              ./src/uart.o (Chip_RTC_Init)
/home/gary9555/Desktop/pushbot_new/lpc_chip_43xx/Debug/liblpc_chip_43xx.a(sysinit_18xx_43xx.o)
                              ./src/sysinit.o (Chip_SetupCoreClock)
/home/gary9555/Desktop/pushbot_new/lpc_chip_43xx/Debug/liblpc_chip_43xx.a(timer_18xx_43xx.o)
                              ./src/DVS128Chip.o (Chip_TIMER_Init)
/home/gary9555/Desktop/pushbot_new/lpc_chip_43xx/Debug/liblpc_chip_43xx.a(uart_18xx_43xx.o)
                              ./src/uart.o (Chip_UART_Init)
/home/gary9555/Desktop/pushbot_new/lpc_chip_43xx/Debug/liblpc_chip_43xx.a(ring_buffer.o)
                              /home/gary9555/Desktop/pushbot_new/lpc_chip_43xx/Debug/liblpc_chip_43xx.a(uart_18xx_43xx.o) (RingBuffer_Insert)
/usr/local/lpcxpresso_8.1.4_606/lpcxpresso/tools/bin/../lib/gcc/arm-none-eabi/5.2.1/armv7e-m/softfp/libgcc.a(_arm_addsubdf3.o)
                              ./src/xprintf.o (__aeabi_dsub)
/usr/local/lpcxpresso_8.1.4_606/lpcxpresso/tools/bin/../lib/gcc/arm-none-eabi/5.2.1/armv7e-m/softfp/libgcc.a(_arm_muldivdf3.o)
                              ./src/xprintf.o (__aeabi_dmul)
/usr/local/lpcxpresso_8.1.4_606/lpcxpresso/tools/bin/../lib/gcc/arm-none-eabi/5.2.1/armv7e-m/softfp/libgcc.a(_arm_cmpdf2.o)
[...]
Memory Configuration

Name             Origin             Length             Attributes
MFlashA512       0x1a000000         0x00040000         xr
MFlashA512_256   0x1a040000         0x00040000         xr
MFlashB512       0x1b000000         0x00080000         xr
RamLoc40         0x10086014         0x00003fec         xrw
M0CodeRam        0x20008000         0x00000400         xrw
RamLoc32         0x10002014         0x00005fec         xrw
EventsBuffer32   0x10080000         0x00006010         xrw
UartBuffer       0x10000000         0x00002014         xrw
M0Start          0x10086010         0x00000004         xrw
RamAHB32         0x20000000         0x00008000         xrw
RamAHB16         0x20008400         0x00003c00         xrw
RamAHB_ETB16     0x2000c000         0x00004000         xrw
*default*        0x00000000         0xffffffff

Linker script and memory map

LOAD ./src/DVS128Chip.o
LOAD ./src/cr_start_m0.o
LOAD ./src/cr_startup_lpc43xx.o
LOAD ./src/extra_pins.o
LOAD ./src/itd.o
LOAD ./src/main.o
LOAD ./src/motors.o
LOAD ./src/mpu9150.o
LOAD ./src/pushbot.o
LOAD ./src/pwm.o
LOAD ./src/sdcard.o
LOAD ./src/sensors.o
LOAD ./src/sleep.o
LOAD ./src/sysinit.o
LOAD ./src/test.o
LOAD ./src/uart.o
LOAD ./src/utils.o
LOAD ./src/xprintf.o
LOAD ./MotionDriver/mllite/data_builder.o
LOAD ./MotionDriver/mllite/hal_outputs.o
LOAD ./MotionDriver/mllite/message_layer.o
LOAD ./MotionDriver/mllite/ml_math_func.o
LOAD ./MotionDriver/mllite/mlmath.o
LOAD ./MotionDriver/mllite/mpl.o
LOAD ./MotionDriver/mllite/results_holder.o
LOAD ./MotionDriver/mllite/start_manager.o
LOAD ./MotionDriver/mllite/storage_manager.o
LOAD ./MotionDriver/eMPL-hal/eMPL_outputs.o
LOAD ./MotionDriver/driver/eMPL/inv_mpu.o
LOAD ./MotionDriver/driver/eMPL/inv_mpu_dmp_motion_driver.o
LOAD ./FatFs/src/option/ccsbcs.o
LOAD ./FatFs/src/option/syscall.o
LOAD ./FatFs/src/ff.o
LOAD /home/gary9555/Desktop/pushbot_new/EDVSBoardOSM0/Debug/EDVSBoardOSM0.axf.o
LOAD /home/gary9555/Desktop/pushbot_new/EDVSBoardOS/MotionDriver/mpl/libmpllib.a
LOAD /home/gary9555/Desktop/pushbot_new/lpc_chip_43xx/Debug/liblpc_chip_43xx.a
START GROUP
LOAD /usr/local/lpcxpresso_8.1.4_606/lpcxpresso/tools/bin/../lib/gcc/arm-none-eabi/5.2.1/armv7e-m/softfp/libgcc.a
LOAD /usr/local/lpcxpresso_8.1.4_606/lpcxpresso/tools/bin/../lib/gcc/arm-none-eabi/5.2.1/../../../../arm-none-eabi/lib/armv7e-m/softfp/libc.a
LOAD /usr/local/lpcxpresso_8.1.4_606/lpcxpresso/tools/bin/../lib/gcc/arm-none-eabi/5.2.1/../../../../arm-none-eabi/lib/armv7e-m/softfp/libm.a
LOAD /usr/local/lpcxpresso_8.1.4_606/lpcxpresso/tools/bin/../lib/gcc/arm-none-eabi/5.2.1/../../../../arm-none-eabi/lib/armv7e-m/softfp/libcr_newlib_nohost.a
END GROUP
                0x1a000000                __base_MFlashA512 = 0x1a000000
                0x1a000000                __base_Flash = 0x1a000000
                0x1a040000                __top_MFlashA512 = 0x1a040000
                0x1a040000                __top_Flash = 0x1a040000
                0x1a040000                __base_MFlashA512_256 = 0x1a040000
                0x1a040000                __base_Flash2 = 0x1a040000
                0x1a080000                __top_MFlashA512_256 = 0x1a080000
                0x1a080000                __top_Flash2 = 0x1a080000
                0x1b000000                __base_MFlashB512 = 0x1b000000
                0x1b000000                __base_Flash3 = 0x1b000000
                0x1b080000                __top_MFlashB512 = 0x1b080000
                0x1b080000                __top_Flash3 = 0x1b080000
                0x10086014                __base_RamLoc40 = 0x10086014
                0x10086014                __base_RAM = 0x10086014
                0x1008a000                __top_RamLoc40 = 0x1008a000
                0x1008a000                __top_RAM = 0x1008a000
                0x20008000                __base_M0CodeRam = 0x20008000
                0x20008000                __base_RAM2 = 0x20008000
                0x20008400                __top_M0CodeRam = 0x20008400
                0x20008400                __top_RAM2 = 0x20008400
                0x10002014                __base_RamLoc32 = 0x10002014
                0x10002014                __base_RAM3 = 0x10002014
                0x10008000                __top_RamLoc32 = 0x10008000
                0x10008000                __top_RAM3 = 0x10008000
                0x10080000                __base_EventsBuffer32 = 0x10080000
                0x10080000                __base_RAM4 = 0x10080000
                0x10086010                __top_EventsBuffer32 = 0x10086010
                0x10086010                __top_RAM4 = 0x10086010
                0x10000000                __base_UartBuffer = 0x10000000
                0x10000000                __base_RAM5 = 0x10000000
                0x10002014                __top_UartBuffer = 0x10002014
                0x10002014                __top_RAM5 = 0x10002014
                0x10086010                __base_M0Start = 0x10086010
                0x10086010                __base_RAM6 = 0x10086010
                0x10086014                __top_M0Start = 0x10086014
                0x10086014                __top_RAM6 = 0x10086014
                0x20000000                __base_RamAHB32 = 0x20000000
                0x20000000                __base_RAM7 = 0x20000000
                0x20008000                __top_RamAHB32 = 0x20008000
                0x20008000                __top_RAM7 = 0x20008000
                0x20008400                __base_RamAHB16 = 0x20008400
                0x20008400                __base_RAM8 = 0x20008400
                0x2000c000                __top_RamAHB16 = 0x2000c000
                0x2000c000                __top_RAM8 = 0x2000c000
                0x2000c000                __base_RamAHB_ETB16 = 0x2000c000
                0x2000c000                __base_RAM9 = 0x2000c000
                0x20010000                __top_RamAHB_ETB16 = 0x20010000
                0x20010000                __top_RAM9 = 0x20010000

.text.core_m0app_text
                0x1a040000      0x490
 FILL mask 0xff
                0x1a040000                __core_m0app_START__ = .
 *(.core_m0app)
 .core_m0app    0x1a040000      0x490 /home/gary9555/Desktop/pushbot_new/EDVSBoardOSM0/Debug/EDVSBoardOSM0.axf.o

.text.core_m0app_ARM_extab
                0x1a040490        0x0
 FILL mask 0xff
 *(.core_m0app.ARM.extab)

.text.core_m0app_ARM_exidx
                0x1a040490        0x0
 FILL mask 0xff
 *(.core_m0app.ARM.exidx)

.text.core_m0app_data
                0x1a040490      0x270
 FILL mask 0xff
 *(.core_m0app.data_*)
 .core_m0app.data_RAM2
                0x1a040490        0x0 /home/gary9555/Desktop/pushbot_new/EDVSBoardOSM0/Debug/EDVSBoardOSM0.axf.o
 .core_m0app.data_RAM3
                0x1a040490        0x0 /home/gary9555/Desktop/pushbot_new/EDVSBoardOSM0/Debug/EDVSBoardOSM0.axf.o
 .core_m0app.data_RAM4
                0x1a040490        0x0 /home/gary9555/Desktop/pushbot_new/EDVSBoardOSM0/Debug/EDVSBoardOSM0.axf.o
 .core_m0app.data_RAM5
                0x1a040490        0x0 /home/gary9555/Desktop/pushbot_new/EDVSBoardOSM0/Debug/EDVSBoardOSM0.axf.o
 .core_m0app.data_RAM6
                0x1a040490        0x0 /home/gary9555/Desktop/pushbot_new/EDVSBoardOSM0/Debug/EDVSBoardOSM0.axf.o
 .core_m0app.data_RAM7
                0x1a040490        0x0 /home/gary9555/Desktop/pushbot_new/EDVSBoardOSM0/Debug/EDVSBoardOSM0.axf.o
 .core_m0app.data_RAM8
                0x1a040490        0x0 /home/gary9555/Desktop/pushbot_new/EDVSBoardOSM0/Debug/EDVSBoardOSM0.axf.o
 .core_m0app.data_RAM9
                0x1a040490        0x0 /home/gary9555/Desktop/pushbot_new/EDVSBoardOSM0/Debug/EDVSBoardOSM0.axf.o
 *(.core_m0app.data)
 .core_m0app.data
                0x1a040490      0x270 /home/gary9555/Desktop/pushbot_new/EDVSBoardOSM0/Debug/EDVSBoardOSM0.axf.o
                0x1a040490                __start_data_core_m0app
                0x1a040700                __end_data_core_m0app
                0x1a040700                __core_m0app_END__ = .
                0x00000001                ASSERT (! ((__core_m0app_START__ == __core_m0app_END__)), No slave code for _core_m0app)
                0x00000001                ASSERT ((ABSOLUTE (__core_m0app_START__) == __vectors_start___core_m0app), M0APP execute address differs from address provided in source image)

.text_Flash2    0x1a040490        0x0
 FILL mask 0xff
 *(.text_Flash2*)
 *(.text_MFlashA512_256*)
 *(.text.$Flash2*)
 *(.text.$MFlashA512_256*)
 *(.rodata.$Flash2*)
 *(.rodata.$MFlashA512_256*)

.text_Flash3    0x1b000000        0x0
 FILL mask 0xff
 *(.text_Flash3*)
 *(.text_MFlashB512*)
 *(.text.$Flash3*)
 *(.text.$MFlashB512*)
 *(.rodata.$Flash3*)
 *(.rodata.$MFlashB512*)

.text           0x1a000000    0x1b194
 FILL mask 0xff
                0x1a000000                __vectors_start__ = ABSOLUTE (.)
 *(.isr_vector)
 .isr_vector    0x1a000000      0x114 ./src/cr_startup_lpc43xx.o
                0x1a000000                g_pfnVectors
                0x1a000114                . = ALIGN (0x4)
                0x1a000114                __section_table_start = .
                0x1a000114                __data_section_table = .
                0x1a000114        0x4 LONG 0x1a01b1a0 LOADADDR (.data)
                0x1a000118        0x4 LONG 0x10086018 ADDR (.data)
                0x1a00011c        0x4 LONG 0x4cc SIZEOF (.data)
                0x1a000120        0x4 LONG 0x1a01b19c LOADADDR (.data_RAM2)
                0x1a000124        0x4 LONG 0x20008000 ADDR (.data_RAM2)
                0x1a000128        0x4 LONG 0x0 SIZEOF (.data_RAM2)
                0x1a00012c        0x4 LONG 0x1a01b19c LOADADDR (.data_RAM3)
                0x1a000130        0x4 LONG 0x10002014 ADDR (.data_RAM3)
                0x1a000134        0x4 LONG 0x0 SIZEOF (.data_RAM3)
                0x1a000138        0x4 LONG 0x1a01b19c LOADADDR (.data_RAM4)
                0x1a00013c        0x4 LONG 0x10080000 ADDR (.data_RAM4)
                0x1a000140        0x4 LONG 0x0 SIZEOF (.data_RAM4)
                0x1a000144        0x4 LONG 0x1a01b19c LOADADDR (.data_RAM5)
                0x1a000148        0x4 LONG 0x10000000 ADDR (.data_RAM5)
                0x1a00014c        0x4 LONG 0x0 SIZEOF (.data_RAM5)
                0x1a000150        0x4 LONG 0x1a01b19c LOADADDR (.data_RAM6)
                0x1a000154        0x4 LONG 0x10086010 ADDR (.data_RAM6)
                0x1a000158        0x4 LONG 0x4 SIZEOF (.data_RAM6)
                0x1a00015c        0x4 LONG 0x1a01b1a0 LOADADDR (.data_RAM7)
                0x1a000160        0x4 LONG 0x20000000 ADDR (.data_RAM7)
                0x1a000164        0x4 LONG 0x0 SIZEOF (.data_RAM7)
                0x1a000168        0x4 LONG 0x1a01b1a0 LOADADDR (.data_RAM8)
                0x1a00016c        0x4 LONG 0x20008400 ADDR (.data_RAM8)
                0x1a000170        0x4 LONG 0x0 SIZEOF (.data_RAM8)
                0x1a000174        0x4 LONG 0x1a01b1a0 LOADADDR (.data_RAM9)
                0x1a000178        0x4 LONG 0x2000c000 ADDR (.data_RAM9)
                0x1a00017c        0x4 LONG 0x0 SIZEOF (.data_RAM9)
                0x1a000180                __data_section_table_end = .
                0x1a000180                __bss_section_table = .
                0x1a000180        0x4 LONG 0x100864e8 ADDR (.bss)
                0x1a000184        0x4 LONG 0x2c1c SIZEOF (.bss)
                0x1a000188        0x4 LONG 0x20008000 ADDR (.bss_RAM2)
                0x1a00018c        0x4 LONG 0x0 SIZEOF (.bss_RAM2)
                0x1a000190        0x4 LONG 0x10002014 ADDR (.bss_RAM3)
                0x1a000194        0x4 LONG 0x0 SIZEOF (.bss_RAM3)
                0x1a000198        0x4 LONG 0x10080000 ADDR (.bss_RAM4)
                0x1a00019c        0x4 LONG 0x0 SIZEOF (.bss_RAM4)
                0x1a0001a0        0x4 LONG 0x10000000 ADDR (.bss_RAM5)
                0x1a0001a4        0x4 LONG 0x0 SIZEOF (.bss_RAM5)
                0x1a0001a8        0x4 LONG 0x10086014 ADDR (.bss_RAM6)
                0x1a0001ac        0x4 LONG 0x0 SIZEOF (.bss_RAM6)
                0x1a0001b0        0x4 LONG 0x20000000 ADDR (.bss_RAM7)
                0x1a0001b4        0x4 LONG 0x0 SIZEOF (.bss_RAM7)
                0x1a0001b8        0x4 LONG 0x20008400 ADDR (.bss_RAM8)
                0x1a0001bc        0x4 LONG 0x0 SIZEOF (.bss_RAM8)
                0x1a0001c0        0x4 LONG 0x2000c000 ADDR (.bss_RAM9)
                0x1a0001c4        0x4 LONG 0x0 SIZEOF (.bss_RAM9)
                0x1a0001c8                __bss_section_table_end = .
                0x1a0001c8                __section_table_end = .
 *(.after_vectors*)
 .after_vectors
                0x1a0001c8       0x3e ./src/cr_startup_lpc43xx.o
                0x1a0001c8                NMI_Handler
                0x1a0001ca                HardFault_Handler
                0x1a0001cc                MemManage_Handler
                0x1a0001ce                BusFault_Handler
                0x1a0001d0                UsageFault_Handler
                0x1a0001d2                SVC_Handler
                0x1a0001d4                DebugMon_Handler
                0x1a0001d6                PendSV_Handler
                0x1a0001da                TIMER2_IRQHandler
                0x1a0001da                RIT_IRQHandler
                0x1a0001da                ADCHS_IRQHandler
                0x1a0001da                FLASH_EEPROM_IRQHandler
                0x1a0001da                I2C0_IRQHandler
                0x1a0001da                SDIO_IRQHandler
                0x1a0001da                ATIMER_IRQHandler
                0x1a0001da                I2C1_IRQHandler
                0x1a0001da                UART1_IRQHandler
                0x1a0001da                GPIO5_IRQHandler
                0x1a0001da                CAN1_IRQHandler
                0x1a0001da                USB1_IRQHandler
                0x1a0001da                I2S0_IRQHandler
                0x1a0001da                TIMER3_IRQHandler
                0x1a0001da                UART0_IRQHandler
                0x1a0001da                SGPIO_IRQHandler
                0x1a0001da                ADC0_IRQHandler
                0x1a0001da                GPIO6_IRQHandler
                0x1a0001da                IntDefaultHandler
                0x1a0001da                GPIO1_IRQHandler
                0x1a0001da                SSP0_IRQHandler
                0x1a0001da                ADC1_IRQHandler
                0x1a0001da                RTC_IRQHandler
                0x1a0001da                TIMER0_IRQHandler
                0x1a0001da                SPI_IRQHandler
                0x1a0001da                LCD_IRQHandler
                0x1a0001da                TIMER1_IRQHandler
                0x1a0001da                UART2_IRQHandler
                0x1a0001da                GPIO2_IRQHandler
                0x1a0001da                I2S1_IRQHandler
                0x1a0001da                SSP1_IRQHandler
                0x1a0001da                USB0_IRQHandler
                0x1a0001da                GPIO3_IRQHandler
                0x1a0001da                SCT_IRQHandler
                0x1a0001da                WDT_IRQHandler
                0x1a0001da                GPIO7_IRQHandler
                0x1a0001da                SPIFI_IRQHandler
                0x1a0001da                QEI_IRQHandler
                0x1a0001da                ETH_IRQHandler
                0x1a0001da                CAN0_IRQHandler
                0x1a0001da                GINT0_IRQHandler
                0x1a0001da                DAC_IRQHandler
                0x1a0001da                M0SUB_IRQHandler
                0x1a0001da                GPIO0_IRQHandler
                0x1a0001da                DMA_IRQHandler
                0x1a0001da                EVRT_IRQHandler
                0x1a0001da                UART3_IRQHandler
                0x1a0001da                MCPWM_IRQHandler
                0x1a0001da                M0APP_IRQHandler
                0x1a0001da                GINT1_IRQHandler
                0x1a0001da                GPIO4_IRQHandler
                0x1a0001dc                data_init
                0x1a0001f2                bss_init
                0x000002fc                . = 0x2fc
 *fill*         0x1a000206       0xf6 ff
                0x1a0002fc                PROVIDE (__CRP_WORD_START__, .)
 *(.crp)
 .crp           0x1a0002fc        0x4 ./src/main.o
                0x1a0002fc                CRP_WORD
                0x1a000300                PROVIDE (__CRP_WORD_END__, .)
                0x00000001                ASSERT (! ((__CRP_WORD_START__ == __CRP_WORD_END__)), Linker CRP Enabled, but no CRP_WORD provided within application)
 *(.text*)
 .text.Chip_SCU_PinMuxSet
                0x1a000300       0x34 ./src/DVS128Chip.o
 .text.Chip_GPIO_SetPinOutHigh
                0x1a000334       0x34 ./src/DVS128Chip.o
 .text.Chip_GPIO_SetPinOutLow
                0x1a000368       0x34 ./src/DVS128Chip.o
 .text.Chip_TIMER_Enable
                0x1a00039c       0x20 ./src/DVS128Chip.o
 .text.Chip_TIMER_PrescaleSet
                0x1a0003bc       0x1c ./src/DVS128Chip.o
 .text.Chip_TIMER_MatchDisableInt
                0x1a0003d8       0x38 ./src/DVS128Chip.o
 .text.Chip_TIMER_ResetOnMatchDisable
                0x1a000410       0x38 ./src/DVS128Chip.o
 .text.Chip_TIMER_StopOnMatchDisable
                0x1a000448       0x38 ./src/DVS128Chip.o
 .text.Chip_TIMER_CaptureRisingEdgeDisable
                0x1a000480       0x38 ./src/DVS128Chip.o
 .text.Chip_TIMER_CaptureFallingEdgeEnable
                0x1a0004b8       0x38 ./src/DVS128Chip.o
 .text.Chip_TIMER_CaptureDisableInt
                0x1a0004f0       0x38 ./src/DVS128Chip.o
 .text.DVS128InitTimer
                0x1a000528       0x64 ./src/DVS128Chip.o
                0x1a000528                DVS128InitTimer
 .text.DVS128BiasSet
                0x1a00058c       0x2c ./src/DVS128Chip.o
                0x1a00058c                DVS128BiasSet
 .text.DVS128BiasGet
                0x1a0005b8       0x2c ./src/DVS128Chip.o
                0x1a0005b8                DVS128BiasGet
 .text.DVS128BiasLoadDefaultSet
                0x1a0005e4      0x27c ./src/DVS128Chip.o
                0x1a0005e4                DVS128BiasLoadDefaultSet
 .text.DVS128BiasFlush
                0x1a000860      0x678 ./src/DVS128Chip.o
                0x1a000860                DVS128BiasFlush
 .text.startSlave
                0x1a000ed8       0x44 ./src/cr_start_m0.o
 .text.haltSlave
                0x1a000f1c       0x44 ./src/cr_start_m0.o
                0x1a000f1c                haltSlave
 .text.cr_start_m0
                0x1a000f60       0x38 ./src/cr_start_m0.o
                0x1a000f60                cr_start_m0
 .text.ResetISR
                0x1a000f98       0x78 ./src/cr_startup_lpc43xx.o
                0x1a000f98                ResetISR
 .text.Chip_SCU_PinMuxSet
                0x1a001010       0x34 ./src/extra_pins.o
 .text.Chip_GPIO_SetPinDIROutput
                0x1a001044       0x40 ./src/extra_pins.o
 .text.Chip_GPIO_SetPinOutHigh
                0x1a001084       0x34 ./src/extra_pins.o
 .text.Chip_GPIO_SetPinOutLow
                0x1a0010b8       0x34 ./src/extra_pins.o
 .text.ExtraPinsInit
                0x1a0010ec       0x98 ./src/extra_pins.o
                0x1a0010ec                ExtraPinsInit
 .text.itd      0x1a001184       0x48 ./src/itd.o
                0x1a001184                itd
 .text.Chip_GPIO_SetPinOutHigh
                0x1a0011cc       0x34 ./src/main.o
 .text.Chip_GPIO_SetPinOutLow
                0x1a001200       0x34 ./src/main.o
 .text.Chip_GPIO_SetPinToggle
                0x1a001234       0x34 ./src/main.o
 .text.bytesReceived
                0x1a001268       0x34 ./src/main.o
 .text.popByteFromReceptionBuffer
                0x1a00129c       0x4c ./src/main.o
 .text.LED0SetOn
                0x1a0012e8       0x18 ./src/main.o
 .text.LED0Toggle
                0x1a001300       0x18 ./src/main.o
 .text.LED1SetOff
                0x1a001318       0x18 ./src/main.o
 .text.LED1SetOn
                0x1a001330       0x18 ./src/main.o
 .text.LED0SetBlinking
                0x1a001348       0x2c ./src/main.o
 .text.main     0x1a001374      0x2c4 ./src/main.o
                0x1a001374                main
 .text.Chip_SCU_PinMuxSet
                0x1a001638       0x34 ./src/motors.o
 .text.Chip_GPIO_SetPinDIROutput
                0x1a00166c       0x40 ./src/motors.o
 .text.Chip_GPIO_SetPinDIRInput
                0x1a0016ac       0x40 ./src/motors.o
 .text.Chip_GPIO_SetPinOutHigh
                0x1a0016ec       0x34 ./src/motors.o
 .text.Chip_GPIO_SetPinOutLow
                0x1a001720       0x34 ./src/motors.o
 .text.updateMotorPWMPeriod
                0x1a001754       0xe0 ./src/motors.o
                0x1a001754                updateMotorPWMPeriod
 .text.updateMotorMode
                0x1a001834       0x40 ./src/motors.o
                0x1a001834                updateMotorMode
 .text.getMotorDutycycle
                0x1a001874       0x58 ./src/motors.o
                0x1a001874                getMotorDutycycle
 .text.getMotorWidth
                0x1a0018cc      0x114 ./src/motors.o
                0x1a0018cc                getMotorWidth
 .text.updateMotorPID
                0x1a0019e0       0x5c ./src/motors.o
                0x1a0019e0                updateMotorPID
 .text.updateMotorVelocity
                0x1a001a3c       0xa4 ./src/motors.o
                0x1a001a3c                updateMotorVelocity
 .text.updateMotorController
                0x1a001ae0      0x1f4 ./src/motors.o
                0x1a001ae0                updateMotorController
 .text.updateMotorVelocityDecay
                0x1a001cd4       0x58 ./src/motors.o
                0x1a001cd4                updateMotorVelocityDecay
 .text.updateMotorDutyCycleDecay
                0x1a001d2c       0x90 ./src/motors.o
                0x1a001d2c                updateMotorDutyCycleDecay
 .text.updateMotorWidthUsDecay
                0x1a001dbc       0x78 ./src/motors.o
                0x1a001dbc                updateMotorWidthUsDecay
 .text.updateMotorWidthDecay
                0x1a001e34       0x9c ./src/motors.o
                0x1a001e34                updateMotorWidthDecay
 .text.updateMotorDutyCycle
                0x1a001ed0       0x90 ./src/motors.o
                0x1a001ed0                updateMotorDutyCycle
 .text.updateMotorWidthUs
                0x1a001f60       0x78 ./src/motors.o
                0x1a001f60                updateMotorWidthUs
 .text.updateMotorWidth
                0x1a001fd8      0x1a4 ./src/motors.o
                0x1a001fd8                updateMotorWidth
 .text.enableMotorDriver
                0x1a00217c       0x48 ./src/motors.o
                0x1a00217c                enableMotorDriver
 .text.initMotors
                0x1a0021c4      0x1e8 ./src/motors.o
                0x1a0021c4                initMotors
 .text.Chip_SCU_PinMuxSet
                0x1a0023ac       0x34 ./src/mpu9150.o
 .text.Chip_GPIO_ReadPortBit
                0x1a0023e0       0x34 ./src/mpu9150.o
 .text.Chip_GPIO_SetPinDIRInput
                0x1a002414       0x40 ./src/mpu9150.o
 .text.fixedpt_str
                0x1a002454      0x1c8 ./src/mpu9150.o
 .text.fixedpt_cstr
                0x1a00261c       0x28 ./src/mpu9150.o
 .text.printLongHexData
                0x1a002644       0x3c ./src/mpu9150.o
 .text.printShortData
                0x1a002680       0x40 ./src/mpu9150.o
 .text.readFromMpl
                0x1a0026c0      0x22c ./src/mpu9150.o
 .text.RawGyroReport
                0x1a0028ec       0x10 ./src/mpu9150.o
                0x1a0028ec                RawGyroReport
 .text.RawAccelerometerReport
                0x1a0028fc       0x10 ./src/mpu9150.o
                0x1a0028fc                RawAccelerometerReport
 .text.RawCompassReport
                0x1a00290c       0x10 ./src/mpu9150.o
                0x1a00290c                RawCompassReport
 .text.CalGyroReport
                0x1a00291c       0x10 ./src/mpu9150.o
                0x1a00291c                CalGyroReport
 .text.CalAccelerometerReport
                0x1a00292c       0x10 ./src/mpu9150.o
                0x1a00292c                CalAccelerometerReport
 .text.CalCompassReport
                0x1a00293c       0x10 ./src/mpu9150.o
                0x1a00293c                CalCompassReport
 .text.IMUStatusReport
                0x1a00294c       0x10 ./src/mpu9150.o
                0x1a00294c                IMUStatusReport
 .text.QuaternionReport
                0x1a00295c       0x10 ./src/mpu9150.o
                0x1a00295c                QuaternionReport
 .text.EulerAnglesReport
                0x1a00296c       0x10 ./src/mpu9150.o
                0x1a00296c                EulerAnglesReport
 .text.RotationMatrixReport
                0x1a00297c       0x10 ./src/mpu9150.o
                0x1a00297c                RotationMatrixReport
 .text.HeadingReport
                0x1a00298c       0x10 ./src/mpu9150.o
                0x1a00298c                HeadingReport
 .text.LinearAccelReport
                0x1a00299c       0x10 ./src/mpu9150.o
                0x1a00299c                LinearAccelReport
 .text.updateIMUData
                0x1a0029ac      0x110 ./src/mpu9150.o
                0x1a0029ac                updateIMUData
 .text.MPU9105Init
                0x1a002abc      0x23c ./src/mpu9150.o
                0x1a002abc                MPU9105Init
 .text.i2c_write
                0x1a002cf8       0x5c ./src/mpu9150.o
                0x1a002cf8                i2c_write
 .text.i2c_read
                0x1a002d54       0x3c ./src/mpu9150.o
                0x1a002d54                i2c_read
 .text._MLPrintLog
                0x1a002d90       0x1c ./src/mpu9150.o
                0x1a002d90                _MLPrintLog
 .text.Chip_SCU_PinMuxSet
                0x1a002dac       0x34 ./src/pushbot.o
 .text.Chip_GPIO_ReadPortBit
                0x1a002de0       0x34 ./src/pushbot.o
 .text.Chip_GPIO_SetPinDIRInput
                0x1a002e14       0x40 ./src/pushbot.o
 .text.refreshMiniRobSensors
                0x1a002e54      0x13c ./src/pushbot.o
                0x1a002e54                refreshMiniRobSensors
 .text.reportValues
                0x1a002f90       0x24 ./src/pushbot.o
                0x1a002f90                reportValues
 .text.MiniRobInit
                0x1a002fb4      0x108 ./src/pushbot.o
                0x1a002fb4                MiniRobInit
 .text.Chip_SCU_PinMuxSet
                0x1a0030bc       0x34 ./src/pwm.o
 .text.Chip_GPIO_SetPinDIROutput
                0x1a0030f0       0x40 ./src/pwm.o
 .text.Chip_GPIO_SetPinDIRInput
                0x1a003130       0x40 ./src/pwm.o
 .text.Chip_GPIO_SetPinOutHigh
                0x1a003170       0x34 ./src/pwm.o
 .text.Chip_GPIO_SetPinOutLow
                0x1a0031a4       0x34 ./src/pwm.o
 .text.Chip_TIMER_Enable
                0x1a0031d8       0x20 ./src/pwm.o
 .text.Chip_TIMER_Disable
                0x1a0031f8       0x20 ./src/pwm.o
 .text.Chip_TIMER_PrescaleSet
                0x1a003218       0x1c ./src/pwm.o
 .text.Chip_TIMER_SetMatch
                0x1a003234       0x28 ./src/pwm.o
 .text.Chip_TIMER_MatchDisableInt
                0x1a00325c       0x38 ./src/pwm.o
 .text.Chip_TIMER_ResetOnMatchEnable
                0x1a003294       0x38 ./src/pwm.o
 .text.Chip_TIMER_ResetOnMatchDisable
                0x1a0032cc       0x38 ./src/pwm.o
 .text.Chip_TIMER_StopOnMatchDisable
                0x1a003304       0x38 ./src/pwm.o
 .text.PWMInit  0x1a00333c      0x38c ./src/pwm.o
                0x1a00333c                PWMInit
 .text.PWMSetPeriod
                0x1a0036c8      0x294 ./src/pwm.o
                0x1a0036c8                PWMSetPeriod
 .text.PWMSetDutyCycle
                0x1a00395c       0x7c ./src/pwm.o
                0x1a00395c                PWMSetDutyCycle
 .text.PWMSetWidth
                0x1a0039d8      0x284 ./src/pwm.o
                0x1a0039d8                PWMSetWidth
 .text.Chip_SCU_PinMuxSet
                0x1a003c5c       0x34 ./src/sensors.o
 .text.SysTick_Handler
                0x1a003c90      0x2d8 ./src/sensors.o
                0x1a003c90                SysTick_Handler
 .text.printADCRead
                0x1a003f68       0x50 ./src/sensors.o
 .text.batteryInit
                0x1a003fb8       0x28 ./src/sensors.o
                0x1a003fb8                batteryInit
 .text.batteryReport
                0x1a003fe0       0x4c ./src/sensors.o
                0x1a003fe0                batteryReport
 .text.ADC0Init
                0x1a00402c       0x28 ./src/sensors.o
                0x1a00402c                ADC0Init
 .text.ADC0Report
                0x1a004054       0x10 ./src/sensors.o
                0x1a004054                ADC0Report
 .text.ADC1Init
                0x1a004064       0x28 ./src/sensors.o
                0x1a004064                ADC1Init
 .text.ADC1Report
                0x1a00408c       0x10 ./src/sensors.o
                0x1a00408c                ADC1Report
 .text.ADC2Init
                0x1a00409c       0x28 ./src/sensors.o
                0x1a00409c                ADC2Init
 .text.ADC2Report
                0x1a0040c4       0x10 ./src/sensors.o
                0x1a0040c4                ADC2Report
 .text.ADC3Init
                0x1a0040d4       0x28 ./src/sensors.o
                0x1a0040d4                ADC3Init
 .text.ADC3Report
                0x1a0040fc       0x10 ./src/sensors.o
                0x1a0040fc                ADC3Report
 .text.ADC4Init
                0x1a00410c       0x28 ./src/sensors.o
                0x1a00410c                ADC4Init
 .text.ADC4Report
                0x1a004134       0x10 ./src/sensors.o
                0x1a004134                ADC4Report
 .text.ADC5Init
                0x1a004144       0x28 ./src/sensors.o
                0x1a004144                ADC5Init
 .text.ADC5Report
                0x1a00416c       0x10 ./src/sensors.o
                0x1a00416c                ADC5Report
 .text.MotorPWMReport
                0x1a00417c       0x44 ./src/sensors.o
                0x1a00417c                MotorPWMReport
 .text.MotorCurrentsInit
                0x1a0041c0       0x5c ./src/sensors.o
                0x1a0041c0                MotorCurrentsInit
 .text.MotorCurrentsReport
                0x1a00421c       0xf4 ./src/sensors.o
                0x1a00421c                MotorCurrentsReport
 .text.EventCountReport
                0x1a004310       0x20 ./src/sensors.o
                0x1a004310                EventCountReport
 .text.sensorsInit
                0x1a004330      0x208 ./src/sensors.o
                0x1a004330                sensorsInit
 .text.enableSensors
                0x1a004538       0x48 ./src/sensors.o
                0x1a004538                enableSensors
 .text.enableSensor
                0x1a004580      0x1fc ./src/sensors.o
                0x1a004580                enableSensor
 .text.getSensorsOutput
                0x1a00477c       0xb8 ./src/sensors.o
                0x1a00477c                getSensorsOutput
 .text.Chip_DAC_ConfigDAConverterControl
                0x1a004834       0x2c ./src/sleep.o
 .text.DacInit  0x1a004860       0x2c ./src/sleep.o
                0x1a004860                DacInit
 .text.SystemInit
                0x1a00488c       0x3c ./src/sysinit.o
                0x1a00488c                SystemInit
 .text.NVIC_DisableIRQ
                0x1a0048c8       0x34 ./src/uart.o
 .text.Chip_SCU_PinMuxSet
                0x1a0048fc       0x34 ./src/uart.o
 .text.Chip_GPIO_SetPinDIROutput
                0x1a004930       0x40 ./src/uart.o
 .text.Chip_GPIO_SetPinDIRInput
                0x1a004970       0x40 ./src/uart.o
 .text.Chip_GPIO_SetPinOutHigh
                0x1a0049b0       0x34 ./src/uart.o
 .text.Chip_GPIO_SetPinOutLow
                0x1a0049e4       0x34 ./src/uart.o
 .text.Chip_RTC_GetTime
                0x1a004a18       0x24 ./src/uart.o
 .text.Chip_TIMER_Enable
                0x1a004a3c       0x20 ./src/uart.o
 .text.Chip_TIMER_Disable
                0x1a004a5c       0x20 ./src/uart.o
 .text.Chip_TIMER_PrescaleSet
                0x1a004a7c       0x1c ./src/uart.o
 .text.Chip_TIMER_SetMatch
                0x1a004a98       0x28 ./src/uart.o
 .text.Chip_TIMER_MatchDisableInt
                0x1a004ac0       0x38 ./src/uart.o
 .text.Chip_TIMER_ResetOnMatchEnable
                0x1a004af8       0x38 ./src/uart.o
 .text.Chip_TIMER_StopOnMatchDisable
                0x1a004b30       0x38 ./src/uart.o
 .text.Chip_TIMER_CaptureRisingEdgeEnable
                0x1a004b68       0x34 ./src/uart.o
 .text.Chip_TIMER_CaptureFallingEdgeEnable
                0x1a004b9c       0x38 ./src/uart.o
 .text.Chip_TIMER_CaptureDisableInt
                0x1a004bd4       0x38 ./src/uart.o
 .text.Chip_TIMER_TIMER_SetCountClockSrc
                0x1a004c0c       0x2c ./src/uart.o
 .text.Chip_UART_TXEnable
                0x1a004c38       0x1c ./src/uart.o
 .text.Chip_UART_SetModemControl
                0x1a004c54       0x24 ./src/uart.o
 .text.LED0SetOff
                0x1a004c78       0x18 ./src/uart.o
 .text.LED0SetOn
                0x1a004c90       0x18 ./src/uart.o
 .text.LED0SetBlinking
                0x1a004ca8       0x2c ./src/uart.o
 .text.pushByteToTransmission
                0x1a004cd4       0x3c ./src/uart.o
 .text.freeSpaceForReception
                0x1a004d10       0x30 ./src/uart.o
 .text.freeSpaceForTranmission
                0x1a004d40       0x30 ./src/uart.o
 .text.Chip_RTC_Clock_Running
                0x1a004d70       0x24 ./src/uart.o
 .text.DVS128FetchEventsEnable
                0x1a004d94       0x3c ./src/uart.o
 .text.UARTWriteChar
                0x1a004dd0       0x30 ./src/uart.o
                0x1a004dd0                UARTWriteChar
 .text.UARTInit
                0x1a004e00      0x108 ./src/uart.o
                0x1a004e00                UARTInit
 .text.UARTShowVersion
                0x1a004f08       0x64 ./src/uart.o
                0x1a004f08                UARTShowVersion
 .text.UARTShowUsage
                0x1a004f6c      0x1ac ./src/uart.o
 .text.UARTShowEventDataOptions
                0x1a005118       0x5c ./src/uart.o
 .text.UARTShowSensorOptions
                0x1a005174      0x108 ./src/uart.o
 .text.parseUInt32
                0x1a00527c       0x58 ./src/uart.o
 .text.parseInt32
                0x1a0052d4       0x4c ./src/uart.o
 .text.UARTParseGetCommand
                0x1a005320      0x2a8 ./src/uart.o
 .text.UARTParseSetCommand
                0x1a0055c8      0xc34 ./src/uart.o
 .text.parseRS232CommandLine
                0x1a0061fc      0x250 ./src/uart.o
 .text.UART0ParseNewChar
                0x1a00644c      0x11c ./src/uart.o
                0x1a00644c                UART0ParseNewChar
 .text.Chip_RIT_GetCounter
                0x1a006568       0x18 ./src/utils.o
 .text.timerDelayUs
                0x1a006580       0x78 ./src/utils.o
                0x1a006580                timerDelayUs
 .text.timerDelayMs
                0x1a0065f8       0x7c ./src/utils.o
                0x1a0065f8                timerDelayMs
 .text.getTimerMs
                0x1a006674       0x2c ./src/utils.o
                0x1a006674                getTimerMs
 .text.resetDevice
                0x1a0066a0       0x14 ./src/utils.o
                0x1a0066a0                resetDevice
 .text.enterReprogrammingMode
                0x1a0066b4       0x64 ./src/utils.o
                0x1a0066b4                enterReprogrammingMode
 .text.disablePeripherals
                0x1a006718      0x100 ./src/utils.o
                0x1a006718                disablePeripherals
 .text.xputc    0x1a006818       0x44 ./src/xprintf.o
                0x1a006818                xputc
 .text.xputs    0x1a00685c       0x28 ./src/xprintf.o
                0x1a00685c                xputs
 .text.xvprintf
                0x1a006884      0x2f8 ./src/xprintf.o
 .text.xprintf  0x1a006b7c       0x24 ./src/xprintf.o
                0x1a006b7c                xprintf
 .text.inv_db_load_func
                0x1a006ba0       0x58 ./MotionDriver/mllite/data_builder.o
 .text.inv_db_save_func
                0x1a006bf8       0x20 ./MotionDriver/mllite/data_builder.o
 .text.inv_init_data_builder
                0x1a006c18       0x44 ./MotionDriver/mllite/data_builder.o
                0x1a006c18                inv_init_data_builder
 .text.set_sensor_orientation_and_scale
                0x1a006c5c       0x24 ./MotionDriver/mllite/data_builder.o
                0x1a006c5c                set_sensor_orientation_and_scale
 .text.inv_set_gyro_orientation_and_scale
                0x1a006c80       0x20 ./MotionDriver/mllite/data_builder.o
                0x1a006c80                inv_set_gyro_orientation_and_scale
 .text.inv_set_gyro_sample_rate
                0x1a006ca0       0x4c ./MotionDriver/mllite/data_builder.o
                0x1a006ca0                inv_set_gyro_sample_rate
 .text.inv_set_accel_sample_rate
                0x1a006cec       0x50 ./MotionDriver/mllite/data_builder.o
                0x1a006cec                inv_set_accel_sample_rate
 .text.inv_set_compass_sample_rate
                0x1a006d3c       0x54 ./MotionDriver/mllite/data_builder.o
                0x1a006d3c                inv_set_compass_sample_rate
 .text.inv_get_compass_on
                0x1a006d90       0x28 ./MotionDriver/mllite/data_builder.o
                0x1a006d90                inv_get_compass_on
 .text.inv_get_gyro_on
                0x1a006db8       0x24 ./MotionDriver/mllite/data_builder.o
                0x1a006db8                inv_get_gyro_on
 .text.inv_get_accel_on
                0x1a006ddc       0x24 ./MotionDriver/mllite/data_builder.o
                0x1a006ddc                inv_get_accel_on
 .text.inv_get_last_timestamp
                0x1a006e00       0x90 ./MotionDriver/mllite/data_builder.o
                0x1a006e00                inv_get_last_timestamp
 .text.inv_set_accel_orientation_and_scale
                0x1a006e90       0x20 ./MotionDriver/mllite/data_builder.o
                0x1a006e90                inv_set_accel_orientation_and_scale
 .text.inv_set_compass_orientation_and_scale
                0x1a006eb0       0x20 ./MotionDriver/mllite/data_builder.o
                0x1a006eb0                inv_set_compass_orientation_and_scale
 .text.inv_apply_calibration
                0x1a006ed0       0x94 ./MotionDriver/mllite/data_builder.o
                0x1a006ed0                inv_apply_calibration
 .text.inv_get_compass_bias
                0x1a006f64       0x24 ./MotionDriver/mllite/data_builder.o
                0x1a006f64                inv_get_compass_bias
 .text.inv_set_compass_bias
                0x1a006f88       0x60 ./MotionDriver/mllite/data_builder.o
                0x1a006f88                inv_set_compass_bias
 .text.inv_set_compass_disturbance
                0x1a006fe8       0x20 ./MotionDriver/mllite/data_builder.o
                0x1a006fe8                inv_set_compass_disturbance
 .text.inv_set_accel_accuracy
                0x1a007008       0x30 ./MotionDriver/mllite/data_builder.o
                0x1a007008                inv_set_accel_accuracy
 .text.inv_set_accel_bias_mask
                0x1a007038       0x88 ./MotionDriver/mllite/data_builder.o
                0x1a007038                inv_set_accel_bias_mask
 .text.inv_set_gyro_bias
                0x1a0070c0       0x88 ./MotionDriver/mllite/data_builder.o
                0x1a0070c0                inv_set_gyro_bias
 .text.inv_get_gyro_bias_tc_set
                0x1a007148       0x34 ./MotionDriver/mllite/data_builder.o
                0x1a007148                inv_get_gyro_bias_tc_set
 .text.inv_get_gyro_bias
                0x1a00717c       0x3c ./MotionDriver/mllite/data_builder.o
                0x1a00717c                inv_get_gyro_bias
 .text.inv_build_accel
                0x1a0071b8       0xc4 ./MotionDriver/mllite/data_builder.o
                0x1a0071b8                inv_build_accel
 .text.inv_build_gyro
                0x1a00727c       0x4c ./MotionDriver/mllite/data_builder.o
                0x1a00727c                inv_build_gyro
 .text.inv_build_compass
                0x1a0072c8       0xe4 ./MotionDriver/mllite/data_builder.o
                0x1a0072c8                inv_build_compass
 .text.inv_build_temp
                0x1a0073ac       0x48 ./MotionDriver/mllite/data_builder.o
                0x1a0073ac                inv_build_temp
 .text.inv_build_quat
                0x1a0073f4       0x54 ./MotionDriver/mllite/data_builder.o
                0x1a0073f4                inv_build_quat
 .text.inv_register_data_cb
                0x1a007448      0x14c ./MotionDriver/mllite/data_builder.o
                0x1a007448                inv_register_data_cb
 .text.inv_execute_on_data
                0x1a007594       0xe8 ./MotionDriver/mllite/data_builder.o
                0x1a007594                inv_execute_on_data
 .text.inv_set_contiguous
                0x1a00767c      0x130 ./MotionDriver/mllite/data_builder.o
 .text.inv_get_accel_set
                0x1a0077ac       0x4c ./MotionDriver/mllite/data_builder.o
                0x1a0077ac                inv_get_accel_set
 .text.inv_get_gyro_set
                0x1a0077f8       0x44 ./MotionDriver/mllite/data_builder.o
                0x1a0077f8                inv_get_gyro_set
 .text.inv_get_gyro
                0x1a00783c       0x20 ./MotionDriver/mllite/data_builder.o
                0x1a00783c                inv_get_gyro
 .text.inv_get_compass_set
                0x1a00785c       0x60 ./MotionDriver/mllite/data_builder.o
                0x1a00785c                inv_get_compass_set
 .text.inv_get_gyro_accuracy
                0x1a0078bc       0x18 ./MotionDriver/mllite/data_builder.o
                0x1a0078bc                inv_get_gyro_accuracy
 .text.inv_get_mag_accuracy
                0x1a0078d4       0x2c ./MotionDriver/mllite/data_builder.o
                0x1a0078d4                inv_get_mag_accuracy
 .text.inv_get_accel_accuracy
                0x1a007900       0x18 ./MotionDriver/mllite/data_builder.o
                0x1a007900                inv_get_accel_accuracy
 .text.inv_get_compass_soft_iron_output_data
                0x1a007918       0x40 ./MotionDriver/mllite/data_builder.o
                0x1a007918                inv_get_compass_soft_iron_output_data
 .text.inv_set_compass_soft_iron_input_data
                0x1a007958       0x80 ./MotionDriver/mllite/data_builder.o
                0x1a007958                inv_set_compass_soft_iron_input_data
 .text.inv_reset_compass_soft_iron_matrix
                0x1a0079d8       0x80 ./MotionDriver/mllite/data_builder.o
                0x1a0079d8                inv_reset_compass_soft_iron_matrix
 .text.inv_disable_compass_soft_iron_matrix
                0x1a007a58       0x1c ./MotionDriver/mllite/data_builder.o
                0x1a007a58                inv_disable_compass_soft_iron_matrix
 .text.inv_get_sensor_type_linear_acceleration
                0x1a007a74       0xa4 ./MotionDriver/mllite/hal_outputs.o
                0x1a007a74                inv_get_sensor_type_linear_acceleration
 .text.inv_set_message
                0x1a007b18       0x3c ./MotionDriver/mllite/message_layer.o
                0x1a007b18                inv_set_message
 .text.inv_q30_to_float
                0x1a007b54       0x30 ./MotionDriver/mllite/ml_math_func.o
 .text.inv_compass_angle
                0x1a007b84      0x110 ./MotionDriver/mllite/ml_math_func.o
                0x1a007b84                inv_compass_angle
 .text.inv_get_gyro_sum_of_sqr
                0x1a007c94       0x4c ./MotionDriver/mllite/ml_math_func.o
                0x1a007c94                inv_get_gyro_sum_of_sqr
 .text.inv_q29_mult
                0x1a007ce0       0x4c ./MotionDriver/mllite/ml_math_func.o
                0x1a007ce0                inv_q29_mult
 .text.inv_q30_mult
                0x1a007d2c       0x4c ./MotionDriver/mllite/ml_math_func.o
                0x1a007d2c                inv_q30_mult
 .text.inv_q_mult
                0x1a007d78      0x198 ./MotionDriver/mllite/ml_math_func.o
                0x1a007d78                inv_q_mult
 .text.inv_q_add
                0x1a007f10       0x64 ./MotionDriver/mllite/ml_math_func.o
                0x1a007f10                inv_q_add
 .text.inv_q_invert
                0x1a007f74       0x48 ./MotionDriver/mllite/ml_math_func.o
                0x1a007f74                inv_q_invert
 .text.inv_q_rotate
                0x1a007fbc       0x68 ./MotionDriver/mllite/ml_math_func.o
                0x1a007fbc                inv_q_rotate
 .text.inv_q_multf
                0x1a008024      0x198 ./MotionDriver/mllite/ml_math_func.o
                0x1a008024                inv_q_multf
 .text.inv_q_addf
                0x1a0081bc       0x84 ./MotionDriver/mllite/ml_math_func.o
                0x1a0081bc                inv_q_addf
 .text.inv_q_normalizef
                0x1a008240      0x220 ./MotionDriver/mllite/ml_math_func.o
                0x1a008240                inv_q_normalizef
 .text.inv_q_norm4
                0x1a008460      0x104 ./MotionDriver/mllite/ml_math_func.o
                0x1a008460                inv_q_norm4
 .text.inv_q_invertf
                0x1a008564       0x5c ./MotionDriver/mllite/ml_math_func.o
                0x1a008564                inv_q_invertf
 .text.inv_quaternion_to_rotation
                0x1a0085c0      0x1e8 ./MotionDriver/mllite/ml_math_func.o
                0x1a0085c0                inv_quaternion_to_rotation
 .text.inv_row_2_scale
                0x1a0087a8       0x84 ./MotionDriver/mllite/ml_math_func.o
 .text.inv_orientation_matrix_to_scalar
                0x1a00882c       0x4c ./MotionDriver/mllite/ml_math_func.o
                0x1a00882c                inv_orientation_matrix_to_scalar
 .text.inv_convert_to_body_with_scale
                0x1a008878       0xbc ./MotionDriver/mllite/ml_math_func.o
                0x1a008878                inv_convert_to_body_with_scale
 .text.mlMatrixVectorMult
                0x1a008934       0x74 ./MotionDriver/mllite/ml_math_func.o
                0x1a008934                mlMatrixVectorMult
 .text.__print_result_location
                0x1a0089a8       0x34 ./MotionDriver/mllite/mpl.o
 .text.inv_init_mpl
                0x1a0089dc       0x78 ./MotionDriver/mllite/mpl.o
                0x1a0089dc                inv_init_mpl
 .text.inv_start_mpl
                0x1a008a54       0x34 ./MotionDriver/mllite/mpl.o
                0x1a008a54                inv_start_mpl
 .text.inv_store_gaming_quaternion
                0x1a008a88       0x38 ./MotionDriver/mllite/results_holder.o
                0x1a008a88                inv_store_gaming_quaternion
 .text.inv_set_compass_correction
                0x1a008ac0       0x38 ./MotionDriver/mllite/results_holder.o
                0x1a008ac0                inv_set_compass_correction
 .text.inv_get_compass_correction
                0x1a008af8       0x2c ./MotionDriver/mllite/results_holder.o
                0x1a008af8                inv_get_compass_correction
 .text.inv_get_large_mag_field
                0x1a008b24       0x18 ./MotionDriver/mllite/results_holder.o
                0x1a008b24                inv_get_large_mag_field
 .text.inv_get_acc_state
                0x1a008b3c       0x18 ./MotionDriver/mllite/results_holder.o
                0x1a008b3c                inv_get_acc_state
 .text.inv_get_motion_state
                0x1a008b54       0x28 ./MotionDriver/mllite/results_holder.o
                0x1a008b54                inv_get_motion_state
 .text.inv_set_motion_state
                0x1a008b7c       0x64 ./MotionDriver/mllite/results_holder.o
                0x1a008b7c                inv_set_motion_state
 .text.inv_get_local_field
                0x1a008be0       0x20 ./MotionDriver/mllite/results_holder.o
                0x1a008be0                inv_get_local_field
 .text.inv_get_gravity
                0x1a008c00       0xa0 ./MotionDriver/mllite/results_holder.o
                0x1a008c00                inv_get_gravity
 .text.inv_get_6axis_quaternion
                0x1a008ca0       0x20 ./MotionDriver/mllite/results_holder.o
                0x1a008ca0                inv_get_6axis_quaternion
 .text.inv_get_quaternion
                0x1a008cc0       0x4c ./MotionDriver/mllite/results_holder.o
                0x1a008cc0                inv_get_quaternion
 .text.inv_get_quaternion_set
                0x1a008d0c       0x6c ./MotionDriver/mllite/results_holder.o
                0x1a008d0c                inv_get_quaternion_set
 .text.inv_generate_results
                0x1a008d78       0x24 ./MotionDriver/mllite/results_holder.o
                0x1a008d78                inv_generate_results
 .text.inv_start_results_holder
                0x1a008d9c       0x1c ./MotionDriver/mllite/results_holder.o
                0x1a008d9c                inv_start_results_holder
 .text.inv_init_results_holder
                0x1a008db8       0x54 ./MotionDriver/mllite/results_holder.o
                0x1a008db8                inv_init_results_holder
 .text.inv_enable_results_holder
                0x1a008e0c       0x2c ./MotionDriver/mllite/results_holder.o
                0x1a008e0c                inv_enable_results_holder
 .text.inv_set_accel_bias_found
                0x1a008e38       0x20 ./MotionDriver/mllite/results_holder.o
                0x1a008e38                inv_set_accel_bias_found
 .text.inv_got_compass_bias
                0x1a008e58       0x18 ./MotionDriver/mllite/results_holder.o
                0x1a008e58                inv_got_compass_bias
 .text.inv_set_compass_bias_found
                0x1a008e70       0x20 ./MotionDriver/mllite/results_holder.o
                0x1a008e70                inv_set_compass_bias_found
 .text.inv_set_compass_state
                0x1a008e90       0x20 ./MotionDriver/mllite/results_holder.o
                0x1a008e90                inv_set_compass_state
 .text.inv_get_compass_state
                0x1a008eb0       0x18 ./MotionDriver/mllite/results_holder.o
                0x1a008eb0                inv_get_compass_state
 .text.inv_set_compass_bias_error
                0x1a008ec8       0x20 ./MotionDriver/mllite/results_holder.o
                0x1a008ec8                inv_set_compass_bias_error
 .text.inv_get_compass_bias_error
                0x1a008ee8       0x20 ./MotionDriver/mllite/results_holder.o
                0x1a008ee8                inv_get_compass_bias_error
 .text.inv_get_linear_accel
                0x1a008f08       0x64 ./MotionDriver/mllite/results_holder.o
                0x1a008f08                inv_get_linear_accel
 .text.inv_get_linear_accel_float
                0x1a008f6c       0x6c ./MotionDriver/mllite/results_holder.o
                0x1a008f6c                inv_get_linear_accel_float
 .text.inv_init_start_manager
                0x1a008fd8       0x18 ./MotionDriver/mllite/start_manager.o
                0x1a008fd8                inv_init_start_manager
 .text.inv_register_mpl_start_notification
                0x1a008ff0       0x40 ./MotionDriver/mllite/start_manager.o
                0x1a008ff0                inv_register_mpl_start_notification
 .text.inv_execute_mpl_start_notification
                0x1a009030       0x4c ./MotionDriver/mllite/start_manager.o
                0x1a009030                inv_execute_mpl_start_notification
 .text.inv_init_storage_manager
                0x1a00907c       0x20 ./MotionDriver/mllite/storage_manager.o
                0x1a00907c                inv_init_storage_manager
 .text.inv_register_load_store
                0x1a00909c       0xc0 ./MotionDriver/mllite/storage_manager.o
                0x1a00909c                inv_register_load_store
 .text.inv_get_sensor_type_accel
                0x1a00915c       0x34 ./MotionDriver/eMPL-hal/eMPL_outputs.o
                0x1a00915c                inv_get_sensor_type_accel
 .text.inv_get_sensor_type_gyro
                0x1a009190       0x34 ./MotionDriver/eMPL-hal/eMPL_outputs.o
                0x1a009190                inv_get_sensor_type_gyro
 .text.inv_get_sensor_type_compass
                0x1a0091c4       0x34 ./MotionDriver/eMPL-hal/eMPL_outputs.o
                0x1a0091c4                inv_get_sensor_type_compass
 .text.inv_get_sensor_type_quat
                0x1a0091f8       0x38 ./MotionDriver/eMPL-hal/eMPL_outputs.o
                0x1a0091f8                inv_get_sensor_type_quat
 .text.inv_get_sensor_type_heading
                0x1a009230      0x108 ./MotionDriver/eMPL-hal/eMPL_outputs.o
                0x1a009230                inv_get_sensor_type_heading
 .text.inv_get_sensor_type_euler
                0x1a009338      0x300 ./MotionDriver/eMPL-hal/eMPL_outputs.o
                0x1a009338                inv_get_sensor_type_euler
 .text.inv_get_sensor_type_rot_mat
                0x1a009638       0x38 ./MotionDriver/eMPL-hal/eMPL_outputs.o
                0x1a009638                inv_get_sensor_type_rot_mat
 .text.inv_generate_eMPL_outputs
                0x1a009670      0x168 ./MotionDriver/eMPL-hal/eMPL_outputs.o
 .text.inv_start_eMPL_outputs
                0x1a0097d8       0x1c ./MotionDriver/eMPL-hal/eMPL_outputs.o
 .text.inv_init_eMPL_outputs
                0x1a0097f4       0x18 ./MotionDriver/eMPL-hal/eMPL_outputs.o
 .text.inv_enable_eMPL_outputs
                0x1a00980c       0x2c ./MotionDriver/eMPL-hal/eMPL_outputs.o
                0x1a00980c                inv_enable_eMPL_outputs
 .text.reg_int_cb
                0x1a009838       0x18 ./MotionDriver/driver/eMPL/inv_mpu.o
 .text.set_int_enable
                0x1a009850       0xb4 ./MotionDriver/driver/eMPL/inv_mpu.o
 .text.mpu_init
                0x1a009904      0x16c ./MotionDriver/driver/eMPL/inv_mpu.o
                0x1a009904                mpu_init
 .text.mpu_lp_accel_mode
                0x1a009a70       0xf8 ./MotionDriver/driver/eMPL/inv_mpu.o
                0x1a009a70                mpu_lp_accel_mode
 .text.mpu_get_temperature
                0x1a009b68       0xb8 ./MotionDriver/driver/eMPL/inv_mpu.o
                0x1a009b68                mpu_get_temperature
 .text.mpu_reset_fifo
                0x1a009c20      0x208 ./MotionDriver/driver/eMPL/inv_mpu.o
                0x1a009c20                mpu_reset_fifo
 .text.mpu_get_gyro_fsr
                0x1a009e28       0x68 ./MotionDriver/driver/eMPL/inv_mpu.o
                0x1a009e28                mpu_get_gyro_fsr
 .text.mpu_set_gyro_fsr
                0x1a009e90       0xa4 ./MotionDriver/driver/eMPL/inv_mpu.o
                0x1a009e90                mpu_set_gyro_fsr
 .text.mpu_get_accel_fsr
                0x1a009f34       0x74 ./MotionDriver/driver/eMPL/inv_mpu.o
                0x1a009f34                mpu_get_accel_fsr
 .text.mpu_set_accel_fsr
                0x1a009fa8       0xd0 ./MotionDriver/driver/eMPL/inv_mpu.o
                0x1a009fa8                mpu_set_accel_fsr
 .text.mpu_set_lpf
                0x1a00a078       0x9c ./MotionDriver/driver/eMPL/inv_mpu.o
                0x1a00a078                mpu_set_lpf
 .text.mpu_get_sample_rate
                0x1a00a114       0x34 ./MotionDriver/driver/eMPL/inv_mpu.o
                0x1a00a114                mpu_get_sample_rate
 .text.mpu_set_sample_rate
                0x1a00a148       0xdc ./MotionDriver/driver/eMPL/inv_mpu.o
                0x1a00a148                mpu_set_sample_rate
 .text.mpu_set_compass_sample_rate
                0x1a00a224       0x80 ./MotionDriver/driver/eMPL/inv_mpu.o
                0x1a00a224                mpu_set_compass_sample_rate
 .text.mpu_configure_fifo
                0x1a00a2a4       0xa4 ./MotionDriver/driver/eMPL/inv_mpu.o
                0x1a00a2a4                mpu_configure_fifo
 .text.mpu_set_sensors
                0x1a00a348      0x1bc ./MotionDriver/driver/eMPL/inv_mpu.o
                0x1a00a348                mpu_set_sensors
 .text.mpu_read_fifo_stream
                0x1a00a504       0xfc ./MotionDriver/driver/eMPL/inv_mpu.o
                0x1a00a504                mpu_read_fifo_stream
 .text.mpu_set_bypass
                0x1a00a600      0x18c ./MotionDriver/driver/eMPL/inv_mpu.o
                0x1a00a600                mpu_set_bypass
 .text.mpu_set_int_level
                0x1a00a78c       0x24 ./MotionDriver/driver/eMPL/inv_mpu.o
                0x1a00a78c                mpu_set_int_level
 .text.mpu_set_int_latched
                0x1a00a7b0       0x88 ./MotionDriver/driver/eMPL/inv_mpu.o
                0x1a00a7b0                mpu_set_int_latched
 .text.mpu_write_mem
                0x1a00a838       0xa4 ./MotionDriver/driver/eMPL/inv_mpu.o
                0x1a00a838                mpu_write_mem
 .text.mpu_read_mem
                0x1a00a8dc       0xa4 ./MotionDriver/driver/eMPL/inv_mpu.o
                0x1a00a8dc                mpu_read_mem
 .text.mpu_load_firmware
                0x1a00a980       0xfc ./MotionDriver/driver/eMPL/inv_mpu.o
                0x1a00a980                mpu_load_firmware
 .text.mpu_set_dmp_state
                0x1a00aa7c       0xa8 ./MotionDriver/driver/eMPL/inv_mpu.o
                0x1a00aa7c                mpu_set_dmp_state
 .text.setup_compass
                0x1a00ab24      0x2ac ./MotionDriver/driver/eMPL/inv_mpu.o
 .text.mpu_get_compass_reg
                0x1a00add0      0x110 ./MotionDriver/driver/eMPL/inv_mpu.o
                0x1a00add0                mpu_get_compass_reg
 .text.mpu_get_compass_fsr
                0x1a00aee0       0x24 ./MotionDriver/driver/eMPL/inv_mpu.o
                0x1a00aee0                mpu_get_compass_fsr
 .text.dmp_load_motion_driver_firmware
                0x1a00af04       0x20 ./MotionDriver/driver/eMPL/inv_mpu_dmp_motion_driver.o
                0x1a00af04                dmp_load_motion_driver_firmware
 .text.dmp_set_orientation
                0x1a00af24      0x1cc ./MotionDriver/driver/eMPL/inv_mpu_dmp_motion_driver.o
                0x1a00af24                dmp_set_orientation
 .text.dmp_set_fifo_rate
                0x1a00b0f0       0x94 ./MotionDriver/driver/eMPL/inv_mpu_dmp_motion_driver.o
                0x1a00b0f0                dmp_set_fifo_rate
 .text.dmp_set_tap_thresh
                0x1a00b184      0x27c ./MotionDriver/driver/eMPL/inv_mpu_dmp_motion_driver.o
                0x1a00b184                dmp_set_tap_thresh
 .text.dmp_set_tap_axes
                0x1a00b400       0x64 ./MotionDriver/driver/eMPL/inv_mpu_dmp_motion_driver.o
                0x1a00b400                dmp_set_tap_axes
 .text.dmp_set_tap_count
                0x1a00b464       0x44 ./MotionDriver/driver/eMPL/inv_mpu_dmp_motion_driver.o
                0x1a00b464                dmp_set_tap_count
 .text.dmp_set_tap_time
                0x1a00b4a8       0x44 ./MotionDriver/driver/eMPL/inv_mpu_dmp_motion_driver.o
                0x1a00b4a8                dmp_set_tap_time
 .text.dmp_set_tap_time_multi
                0x1a00b4ec       0x44 ./MotionDriver/driver/eMPL/inv_mpu_dmp_motion_driver.o
                0x1a00b4ec                dmp_set_tap_time_multi
 .text.dmp_set_shake_reject_thresh
                0x1a00b530       0x60 ./MotionDriver/driver/eMPL/inv_mpu_dmp_motion_driver.o
                0x1a00b530                dmp_set_shake_reject_thresh
 .text.dmp_set_shake_reject_time
                0x1a00b590       0x44 ./MotionDriver/driver/eMPL/inv_mpu_dmp_motion_driver.o
                0x1a00b590                dmp_set_shake_reject_time
 .text.dmp_set_shake_reject_timeout
                0x1a00b5d4       0x44 ./MotionDriver/driver/eMPL/inv_mpu_dmp_motion_driver.o
                0x1a00b5d4                dmp_set_shake_reject_timeout
 .text.dmp_enable_feature
                0x1a00b618      0x250 ./MotionDriver/driver/eMPL/inv_mpu_dmp_motion_driver.o
                0x1a00b618                dmp_enable_feature
 .text.dmp_enable_gyro_cal
                0x1a00b868       0x68 ./MotionDriver/driver/eMPL/inv_mpu_dmp_motion_driver.o
                0x1a00b868                dmp_enable_gyro_cal
 .text.dmp_enable_lp_quat
                0x1a00b8d0       0x50 ./MotionDriver/driver/eMPL/inv_mpu_dmp_motion_driver.o
                0x1a00b8d0                dmp_enable_lp_quat
 .text.dmp_enable_6x_lp_quat
                0x1a00b920       0x50 ./MotionDriver/driver/eMPL/inv_mpu_dmp_motion_driver.o
                0x1a00b920                dmp_enable_6x_lp_quat
 .text.decode_gesture
                0x1a00b970       0x88 ./MotionDriver/driver/eMPL/inv_mpu_dmp_motion_driver.o
 .text.dmp_read_fifo
                0x1a00b9f8      0x2e4 ./MotionDriver/driver/eMPL/inv_mpu_dmp_motion_driver.o
                0x1a00b9f8                dmp_read_fifo
 .text.inv_start_in_use_auto_calibration
                0x1a00bcdc       0x10 /home/gary9555/Desktop/pushbot_new/EDVSBoardOS/MotionDriver/mpl/libmpllib.a(accel_auto_cal.o)
                0x1a00bcdc                inv_start_in_use_auto_calibration
 .text.set_sample_rate
                0x1a00bcec       0x4c /home/gary9555/Desktop/pushbot_new/EDVSBoardOS/MotionDriver/mpl/libmpllib.a(accel_auto_cal.o)
 .text.inv_combine_data_calculate_bias.part.1
                0x1a00bd38       0xb8 /home/gary9555/Desktop/pushbot_new/EDVSBoardOS/MotionDriver/mpl/libmpllib.a(accel_auto_cal.o)
 .text.inv_get_current_calibrated_accel
                0x1a00bdf0       0x44 /home/gary9555/Desktop/pushbot_new/EDVSBoardOS/MotionDriver/mpl/libmpllib.a(accel_auto_cal.o)
                0x1a00bdf0                inv_get_current_calibrated_accel
 .text.inv_sort_order_4_T
                0x1a00be34       0x98 /home/gary9555/Desktop/pushbot_new/EDVSBoardOS/MotionDriver/mpl/libmpllib.a(accel_auto_cal.o)
                0x1a00be34                inv_sort_order_4_T
 .text.inv_init_check_sample_balance_parameter
                0x1a00becc       0x28 /home/gary9555/Desktop/pushbot_new/EDVSBoardOS/MotionDriver/mpl/libmpllib.a(accel_auto_cal.o)
                0x1a00becc                inv_init_check_sample_balance_parameter
 .text.inv_add_accel_block_data
                0x1a00bef4       0xa0 /home/gary9555/Desktop/pushbot_new/EDVSBoardOS/MotionDriver/mpl/libmpllib.a(accel_auto_cal.o)
                0x1a00bef4                inv_add_accel_block_data
 *fill*         0x1a00bf94        0x4 ff
 .text.inv_check_sample_balance
                0x1a00bf98      0x1a8 /home/gary9555/Desktop/pushbot_new/EDVSBoardOS/MotionDriver/mpl/libmpllib.a(accel_auto_cal.o)
                0x1a00bf98                inv_check_sample_balance
 .text.inv_auto_calibrate
                0x1a00c140      0x770 /home/gary9555/Desktop/pushbot_new/EDVSBoardOS/MotionDriver/mpl/libmpllib.a(accel_auto_cal.o)
                0x1a00c140                inv_auto_calibrate
 .text.inv_init_in_use_auto_calibration
                0x1a00c8b0       0x80 /home/gary9555/Desktop/pushbot_new/EDVSBoardOS/MotionDriver/mpl/libmpllib.a(accel_auto_cal.o)
                0x1a00c8b0                inv_init_in_use_auto_calibration
 .text.inv_enable_in_use_auto_calibration
                0x1a00c930       0x18 /home/gary9555/Desktop/pushbot_new/EDVSBoardOS/MotionDriver/mpl/libmpllib.a(accel_auto_cal.o)
                0x1a00c930                inv_enable_in_use_auto_calibration
 .text.inv_start_vector_compass_cal
                0x1a00c948       0x10 /home/gary9555/Desktop/pushbot_new/EDVSBoardOS/MotionDriver/mpl/libmpllib.a(compass_vec_cal.o)
                0x1a00c948                inv_start_vector_compass_cal
 .text.inv_check_peaks.part.0.constprop.4
                0x1a00c958      0x1ec /home/gary9555/Desktop/pushbot_new/EDVSBoardOS/MotionDriver/mpl/libmpllib.a(compass_vec_cal.o)
 .text.inv_cheap_rand
                0x1a00cb44       0x40 /home/gary9555/Desktop/pushbot_new/EDVSBoardOS/MotionDriver/mpl/libmpllib.a(compass_vec_cal.o)
                0x1a00cb44                inv_cheap_rand
 .text.inv_cheap_gaussian
                0x1a00cb84       0x6c /home/gary9555/Desktop/pushbot_new/EDVSBoardOS/MotionDriver/mpl/libmpllib.a(compass_vec_cal.o)
                0x1a00cb84                inv_cheap_gaussian
 .text.inv_combine_compass_data
                0x1a00cbf0      0x154 /home/gary9555/Desktop/pushbot_new/EDVSBoardOS/MotionDriver/mpl/libmpllib.a(compass_vec_cal.o)
                0x1a00cbf0                inv_combine_compass_data
 .text.inv_set_terms
                0x1a00cd44      0x30c /home/gary9555/Desktop/pushbot_new/EDVSBoardOS/MotionDriver/mpl/libmpllib.a(compass_vec_cal.o)
                0x1a00cd44                inv_set_terms
 .text.inv_compute_bias
                0x1a00d050      0x78c /home/gary9555/Desktop/pushbot_new/EDVSBoardOS/MotionDriver/mpl/libmpllib.a(compass_vec_cal.o)
                0x1a00d050                inv_compute_bias
 .text.inv_center_sum
                0x1a00d7dc      0x6dc /home/gary9555/Desktop/pushbot_new/EDVSBoardOS/MotionDriver/mpl/libmpllib.a(compass_vec_cal.o)
                0x1a00d7dc                inv_center_sum
 .text.inv_get_current_calibrated_compass
                0x1a00deb8       0x54 /home/gary9555/Desktop/pushbot_new/EDVSBoardOS/MotionDriver/mpl/libmpllib.a(compass_vec_cal.o)
                0x1a00deb8                inv_get_current_calibrated_compass
 .text.inv_add_compass_block_data
                0x1a00df0c       0x9c /home/gary9555/Desktop/pushbot_new/EDVSBoardOS/MotionDriver/mpl/libmpllib.a(compass_vec_cal.o)
                0x1a00df0c                inv_add_compass_block_data
 .text.inv_check_sim
                0x1a00dfa8      0x158 /home/gary9555/Desktop/pushbot_new/EDVSBoardOS/MotionDriver/mpl/libmpllib.a(compass_vec_cal.o)
                0x1a00dfa8                inv_check_sim
 .text.inv_reset_data_collection
                0x1a00e100       0x50 /home/gary9555/Desktop/pushbot_new/EDVSBoardOS/MotionDriver/mpl/libmpllib.a(compass_vec_cal.o)
                0x1a00e100                inv_reset_data_collection
 .text.inv_process_compass_only_cal
                0x1a00e150      0x9d0 /home/gary9555/Desktop/pushbot_new/EDVSBoardOS/MotionDriver/mpl/libmpllib.a(compass_vec_cal.o)
                0x1a00e150                inv_process_compass_only_cal
 .text.inv_generate_vector_compass_cal
                0x1a00eb20       0xa8 /home/gary9555/Desktop/pushbot_new/EDVSBoardOS/MotionDriver/mpl/libmpllib.a(compass_vec_cal.o)
                0x1a00eb20                inv_generate_vector_compass_cal
 .text.inv_init_vector_compass_cal
                0x1a00ebc8       0x6c /home/gary9555/Desktop/pushbot_new/EDVSBoardOS/MotionDriver/mpl/libmpllib.a(compass_vec_cal.o)
                0x1a00ebc8                inv_init_vector_compass_cal
 .text.inv_enable_vector_compass_cal
                0x1a00ec34       0x18 /home/gary9555/Desktop/pushbot_new/EDVSBoardOS/MotionDriver/mpl/libmpllib.a(compass_vec_cal.o)
                0x1a00ec34                inv_enable_vector_compass_cal
 .text.inv_init_maxmin
                0x1a00ec4c       0x6c /home/gary9555/Desktop/pushbot_new/EDVSBoardOS/MotionDriver/mpl/libmpllib.a(fast_no_motion.o)
                0x1a00ec4c                inv_init_maxmin
 .text.inv_start_fast_nomot
                0x1a00ecb8       0x40 /home/gary9555/Desktop/pushbot_new/EDVSBoardOS/MotionDriver/mpl/libmpllib.a(fast_no_motion.o)
                0x1a00ecb8                inv_start_fast_nomot
 .text.inv_reset_packet
                0x1a00ecf8       0x2c /home/gary9555/Desktop/pushbot_new/EDVSBoardOS/MotionDriver/mpl/libmpllib.a(fast_no_motion.o)
 .text.inv_fast_nomot_parameter
                0x1a00ed24      0x170 /home/gary9555/Desktop/pushbot_new/EDVSBoardOS/MotionDriver/mpl/libmpllib.a(fast_no_motion.o)
                0x1a00ed24                inv_fast_nomot_parameter
 .text.inv_fast_nomot_parameter_3rd
                0x1a00ee94       0xd8 /home/gary9555/Desktop/pushbot_new/EDVSBoardOS/MotionDriver/mpl/libmpllib.a(fast_no_motion.o)
                0x1a00ee94                inv_fast_nomot_parameter_3rd
 .text.inv_fast_nomot_set_gyro_bias
                0x1a00ef6c       0xcc /home/gary9555/Desktop/pushbot_new/EDVSBoardOS/MotionDriver/mpl/libmpllib.a(fast_no_motion.o)
                0x1a00ef6c                inv_fast_nomot_set_gyro_bias
 .text.inv_fast_nomot_store_data
                0x1a00f038       0xb0 /home/gary9555/Desktop/pushbot_new/EDVSBoardOS/MotionDriver/mpl/libmpllib.a(fast_no_motion.o)
                0x1a00f038                inv_fast_nomot_store_data
 .text.inv_fast_nomot_store_data_compass
                0x1a00f0e8       0x44 /home/gary9555/Desktop/pushbot_new/EDVSBoardOS/MotionDriver/mpl/libmpllib.a(fast_no_motion.o)
                0x1a00f0e8                inv_fast_nomot_store_data_compass
 .text.inv_reset_min_max_gyro_accel_statistics
                0x1a00f12c       0x34 /home/gary9555/Desktop/pushbot_new/EDVSBoardOS/MotionDriver/mpl/libmpllib.a(fast_no_motion.o)
                0x1a00f12c                inv_reset_min_max_gyro_accel_statistics
 .text.inv_detect_motion_by_gyro_accel
                0x1a00f160      0x134 /home/gary9555/Desktop/pushbot_new/EDVSBoardOS/MotionDriver/mpl/libmpllib.a(fast_no_motion.o)
                0x1a00f160                inv_detect_motion_by_gyro_accel
 .text.inv_sensor_data_preprocess
                0x1a00f294       0x9c /home/gary9555/Desktop/pushbot_new/EDVSBoardOS/MotionDriver/mpl/libmpllib.a(fast_no_motion.o)
                0x1a00f294                inv_sensor_data_preprocess
 .text.inv_generate_fast_nomot
                0x1a00f330      0x350 /home/gary9555/Desktop/pushbot_new/EDVSBoardOS/MotionDriver/mpl/libmpllib.a(fast_no_motion.o)
                0x1a00f330                inv_generate_fast_nomot
 .text.inv_set_default_number_of_samples
                0x1a00f680       0x3c /home/gary9555/Desktop/pushbot_new/EDVSBoardOS/MotionDriver/mpl/libmpllib.a(fast_no_motion.o)
                0x1a00f680                inv_set_default_number_of_samples
 .text.inv_init_fast_nomot
                0x1a00f6bc       0x64 /home/gary9555/Desktop/pushbot_new/EDVSBoardOS/MotionDriver/mpl/libmpllib.a(fast_no_motion.o)
                0x1a00f6bc                inv_init_fast_nomot
 .text.inv_enable_fast_nomot
                0x1a00f720       0x18 /home/gary9555/Desktop/pushbot_new/EDVSBoardOS/MotionDriver/mpl/libmpllib.a(fast_no_motion.o)
                0x1a00f720                inv_enable_fast_nomot
 .text.inv_start_9x_sensor_fusion
                0x1a00f738       0x10 /home/gary9555/Desktop/pushbot_new/EDVSBoardOS/MotionDriver/mpl/libmpllib.a(fusion_9axis.o)
                0x1a00f738                inv_start_9x_sensor_fusion
 .text.inv_filter_correction_angle
                0x1a00f748      0x1f0 /home/gary9555/Desktop/pushbot_new/EDVSBoardOS/MotionDriver/mpl/libmpllib.a(fusion_9axis.o)
                0x1a00f748                inv_filter_correction_angle
 .text.inv_perform_9x_fusion
                0x1a00f938      0x39c /home/gary9555/Desktop/pushbot_new/EDVSBoardOS/MotionDriver/mpl/libmpllib.a(fusion_9axis.o)
                0x1a00f938                inv_perform_9x_fusion
 .text.inv_process_9x_sensor_fusion_cb
                0x1a00fcd4       0x98 /home/gary9555/Desktop/pushbot_new/EDVSBoardOS/MotionDriver/mpl/libmpllib.a(fusion_9axis.o)
                0x1a00fcd4                inv_process_9x_sensor_fusion_cb
 .text.inv_init_9x_fusion
                0x1a00fd6c       0x3c /home/gary9555/Desktop/pushbot_new/EDVSBoardOS/MotionDriver/mpl/libmpllib.a(fusion_9axis.o)
                0x1a00fd6c                inv_init_9x_fusion
 .text.inv_9x_fusion_use_timestamps
                0x1a00fda8       0x10 /home/gary9555/Desktop/pushbot_new/EDVSBoardOS/MotionDriver/mpl/libmpllib.a(fusion_9axis.o)
                0x1a00fda8                inv_9x_fusion_use_timestamps
 .text.inv_enable_9x_sensor_fusion
                0x1a00fdb8       0x24 /home/gary9555/Desktop/pushbot_new/EDVSBoardOS/MotionDriver/mpl/libmpllib.a(fusion_9axis.o)
                0x1a00fdb8                inv_enable_9x_sensor_fusion
 .text.inv_gtc_store
                0x1a00fddc       0x34 /home/gary9555/Desktop/pushbot_new/EDVSBoardOS/MotionDriver/mpl/libmpllib.a(gyro_tc.o)
 .text.inv_gtc_load
                0x1a00fe10       0x34 /home/gary9555/Desktop/pushbot_new/EDVSBoardOS/MotionDriver/mpl/libmpllib.a(gyro_tc.o)
 .text.inv_gtc_data_cb
                0x1a00fe44      0x44c /home/gary9555/Desktop/pushbot_new/EDVSBoardOS/MotionDriver/mpl/libmpllib.a(gyro_tc.o)
 .text.inv_start_gyro_tc
                0x1a010290       0x10 /home/gary9555/Desktop/pushbot_new/EDVSBoardOS/MotionDriver/mpl/libmpllib.a(gyro_tc.o)
                0x1a010290                inv_start_gyro_tc
 .text.inv_init_gyro_ts
                0x1a0102a0       0x38 /home/gary9555/Desktop/pushbot_new/EDVSBoardOS/MotionDriver/mpl/libmpllib.a(gyro_tc.o)
                0x1a0102a0                inv_init_gyro_ts
 .text.inv_enable_gyro_tc
                0x1a0102d8       0x40 /home/gary9555/Desktop/pushbot_new/EDVSBoardOS/MotionDriver/mpl/libmpllib.a(gyro_tc.o)
                0x1a0102d8                inv_enable_gyro_tc
 .text.inv_start_heading_from_gyro
                0x1a010318       0x10 /home/gary9555/Desktop/pushbot_new/EDVSBoardOS/MotionDriver/mpl/libmpllib.a(heading_from_gyro.o)
                0x1a010318                inv_start_heading_from_gyro
 .text.inv_run_heading_from_gyro
                0x1a010328      0x5a8 /home/gary9555/Desktop/pushbot_new/EDVSBoardOS/MotionDriver/mpl/libmpllib.a(heading_from_gyro.o)
                0x1a010328                inv_run_heading_from_gyro
 .text.inv_init_heading_from_gyro
                0x1a0108d0       0x24 /home/gary9555/Desktop/pushbot_new/EDVSBoardOS/MotionDriver/mpl/libmpllib.a(heading_from_gyro.o)
                0x1a0108d0                inv_init_heading_from_gyro
 .text.inv_enable_heading_from_gyro
                0x1a0108f4       0x14 /home/gary9555/Desktop/pushbot_new/EDVSBoardOS/MotionDriver/mpl/libmpllib.a(heading_from_gyro.o)
                0x1a0108f4                inv_enable_heading_from_gyro
 .text.inv_start_magnetic_disturbance
                0x1a010908       0x10 /home/gary9555/Desktop/pushbot_new/EDVSBoardOS/MotionDriver/mpl/libmpllib.a(mag_disturb.o)
                0x1a010908                inv_start_magnetic_disturbance
 .text.inv_set_magnetic_disturbance
                0x1a010918       0x18 /home/gary9555/Desktop/pushbot_new/EDVSBoardOS/MotionDriver/mpl/libmpllib.a(mag_disturb.o)
                0x1a010918                inv_set_magnetic_disturbance
 .text.inv_init_magnetic_disturbance
                0x1a010930       0x4c /home/gary9555/Desktop/pushbot_new/EDVSBoardOS/MotionDriver/mpl/libmpllib.a(mag_disturb.o)
                0x1a010930                inv_init_magnetic_disturbance
 .text.inv_enable_magnetic_disturbance
                0x1a01097c       0x2c /home/gary9555/Desktop/pushbot_new/EDVSBoardOS/MotionDriver/mpl/libmpllib.a(mag_disturb.o)
                0x1a01097c                inv_enable_magnetic_disturbance
 .text.inv_track_dip_angle
                0x1a0109a8       0x9c /home/gary9555/Desktop/pushbot_new/EDVSBoardOS/MotionDriver/mpl/libmpllib.a(mag_disturb.o)
                0x1a0109a8                inv_track_dip_angle
 .text.ComputeAngleVelocity
                0x1a010a44       0x54 /home/gary9555/Desktop/pushbot_new/EDVSBoardOS/MotionDriver/mpl/libmpllib.a(mag_disturb.o)
                0x1a010a44                ComputeAngleVelocity
 .text.Mag3ofNormalizedLong
                0x1a010a98       0x58 /home/gary9555/Desktop/pushbot_new/EDVSBoardOS/MotionDriver/mpl/libmpllib.a(mag_disturb.o)
                0x1a010a98                Mag3ofNormalizedLong
 .text.MagDisturbSetDisturbance
                0x1a010af0       0x78 /home/gary9555/Desktop/pushbot_new/EDVSBoardOS/MotionDriver/mpl/libmpllib.a(mag_disturb.o)
                0x1a010af0                MagDisturbSetDisturbance
 .text.MagDisturbCheckSettling
                0x1a010b68       0x48 /home/gary9555/Desktop/pushbot_new/EDVSBoardOS/MotionDriver/mpl/libmpllib.a(mag_disturb.o)
                0x1a010b68                MagDisturbCheckSettling
 .text.inv_check_magnetic_disturbance
                0x1a010bb0      0x30c /home/gary9555/Desktop/pushbot_new/EDVSBoardOS/MotionDriver/mpl/libmpllib.a(mag_disturb.o)
                0x1a010bb0                inv_check_magnetic_disturbance
 .text.inv_magnetic_disturbance_process
                0x1a010ebc       0x38 /home/gary9555/Desktop/pushbot_new/EDVSBoardOS/MotionDriver/mpl/libmpllib.a(mag_disturb.o)
                0x1a010ebc                inv_magnetic_disturbance_process
 .text.inv_get_magnetic_disturbance_state
                0x1a010ef4        0xc /home/gary9555/Desktop/pushbot_new/EDVSBoardOS/MotionDriver/mpl/libmpllib.a(mag_disturb.o)
                0x1a010ef4                inv_get_magnetic_disturbance_state
 .text.inv_normalize_quat
                0x1a010f00       0xec /home/gary9555/Desktop/pushbot_new/EDVSBoardOS/MotionDriver/mpl/libmpllib.a(quaternion_supervisor.o)
 .text.inv_start_quaternion
                0x1a010fec       0x30 /home/gary9555/Desktop/pushbot_new/EDVSBoardOS/MotionDriver/mpl/libmpllib.a(quaternion_supervisor.o)
                0x1a010fec                inv_start_quaternion
 *fill*         0x1a01101c        0x4 ff
 .text.inv_generate_gyro_quaternion
                0x1a011020      0x128 /home/gary9555/Desktop/pushbot_new/EDVSBoardOS/MotionDriver/mpl/libmpllib.a(quaternion_supervisor.o)
                0x1a011020                inv_generate_gyro_quaternion
 .text.inv_generate_accel_gyro_quaternion
                0x1a011148      0x74c /home/gary9555/Desktop/pushbot_new/EDVSBoardOS/MotionDriver/mpl/libmpllib.a(quaternion_supervisor.o)
                0x1a011148                inv_generate_accel_gyro_quaternion
 .text.inv_generate_quaternion
                0x1a011894       0x58 /home/gary9555/Desktop/pushbot_new/EDVSBoardOS/MotionDriver/mpl/libmpllib.a(quaternion_supervisor.o)
 .text.inv_init_quaternion
                0x1a0118ec       0x24 /home/gary9555/Desktop/pushbot_new/EDVSBoardOS/MotionDriver/mpl/libmpllib.a(quaternion_supervisor.o)
                0x1a0118ec                inv_init_quaternion
 .text.inv_enable_quaternion
                0x1a011910       0x18 /home/gary9555/Desktop/pushbot_new/EDVSBoardOS/MotionDriver/mpl/libmpllib.a(quaternion_supervisor.o)
                0x1a011910                inv_enable_quaternion
 .text.getFullConvClk
                0x1a011928       0x10 /home/gary9555/Desktop/pushbot_new/lpc_chip_43xx/Debug/liblpc_chip_43xx.a(adc_18xx_43xx.o)
 .text.Chip_ADC_GetClockIndex
                0x1a011938       0x2c /home/gary9555/Desktop/pushbot_new/lpc_chip_43xx/Debug/liblpc_chip_43xx.a(adc_18xx_43xx.o)
 .text.getClkDiv
                0x1a011964       0x68 /home/gary9555/Desktop/pushbot_new/lpc_chip_43xx/Debug/liblpc_chip_43xx.a(adc_18xx_43xx.o)
 .text.setStartMode
                0x1a0119cc       0x30 /home/gary9555/Desktop/pushbot_new/lpc_chip_43xx/Debug/liblpc_chip_43xx.a(adc_18xx_43xx.o)
                0x1a0119cc                setStartMode
 .text.readAdcVal
                0x1a0119fc       0x44 /home/gary9555/Desktop/pushbot_new/lpc_chip_43xx/Debug/liblpc_chip_43xx.a(adc_18xx_43xx.o)
                0x1a0119fc                readAdcVal
 .text.Chip_ADC_Init
                0x1a011a40       0x88 /home/gary9555/Desktop/pushbot_new/lpc_chip_43xx/Debug/liblpc_chip_43xx.a(adc_18xx_43xx.o)
                0x1a011a40                Chip_ADC_Init
 .text.Chip_ADC_ReadValue
                0x1a011ac8       0x24 /home/gary9555/Desktop/pushbot_new/lpc_chip_43xx/Debug/liblpc_chip_43xx.a(adc_18xx_43xx.o)
                0x1a011ac8                Chip_ADC_ReadValue
 .text.Chip_ADC_SetStartMode
                0x1a011aec       0x50 /home/gary9555/Desktop/pushbot_new/lpc_chip_43xx/Debug/liblpc_chip_43xx.a(adc_18xx_43xx.o)
                0x1a011aec                Chip_ADC_SetStartMode
 .text.Chip_ADC_EnableChannel
                0x1a011b3c       0x58 /home/gary9555/Desktop/pushbot_new/lpc_chip_43xx/Debug/liblpc_chip_43xx.a(adc_18xx_43xx.o)
                0x1a011b3c                Chip_ADC_EnableChannel
 .text.Chip_ADC_SetBurstCmd
                0x1a011b94       0x3c /home/gary9555/Desktop/pushbot_new/lpc_chip_43xx/Debug/liblpc_chip_43xx.a(adc_18xx_43xx.o)
                0x1a011b94                Chip_ADC_SetBurstCmd
 .text.SystemCoreClockUpdate
                0x1a011bd0       0x18 /home/gary9555/Desktop/pushbot_new/lpc_chip_43xx/Debug/liblpc_chip_43xx.a(chip_18xx_43xx.o)
                0x1a011bd0                SystemCoreClockUpdate
 .text.Chip_Clock_TestMainPLLMultiplier
                0x1a011be8       0x48 /home/gary9555/Desktop/pushbot_new/lpc_chip_43xx/Debug/liblpc_chip_43xx.a(clock_18xx_43xx.o)
 .text.Chip_Clock_GetDivRate
                0x1a011c30       0x40 /home/gary9555/Desktop/pushbot_new/lpc_chip_43xx/Debug/liblpc_chip_43xx.a(clock_18xx_43xx.o)
 .text.Chip_Clock_FindBaseClock
                0x1a011c70       0x90 /home/gary9555/Desktop/pushbot_new/lpc_chip_43xx/Debug/liblpc_chip_43xx.a(clock_18xx_43xx.o)
 .text.Chip_Clock_EnableCrystal
                0x1a011d00       0x70 /home/gary9555/Desktop/pushbot_new/lpc_chip_43xx/Debug/liblpc_chip_43xx.a(clock_18xx_43xx.o)
                0x1a011d00                Chip_Clock_EnableCrystal
 .text.Chip_Clock_SetupMainPLLHz
                0x1a011d70      0x128 /home/gary9555/Desktop/pushbot_new/lpc_chip_43xx/Debug/liblpc_chip_43xx.a(clock_18xx_43xx.o)
                0x1a011d70                Chip_Clock_SetupMainPLLHz
 .text.Chip_Clock_SetupMainPLLMult
                0x1a011e98       0xfc /home/gary9555/Desktop/pushbot_new/lpc_chip_43xx/Debug/liblpc_chip_43xx.a(clock_18xx_43xx.o)
                0x1a011e98                Chip_Clock_SetupMainPLLMult
 .text.Chip_Clock_GetMainPLLHz
                0x1a011f94       0xc0 /home/gary9555/Desktop/pushbot_new/lpc_chip_43xx/Debug/liblpc_chip_43xx.a(clock_18xx_43xx.o)
                0x1a011f94                Chip_Clock_GetMainPLLHz
 .text.Chip_Clock_DisableMainPLL
                0x1a012054       0x20 /home/gary9555/Desktop/pushbot_new/lpc_chip_43xx/Debug/liblpc_chip_43xx.a(clock_18xx_43xx.o)
                0x1a012054                Chip_Clock_DisableMainPLL
 .text.Chip_Clock_GetDividerSource
                0x1a012074       0x40 /home/gary9555/Desktop/pushbot_new/lpc_chip_43xx/Debug/liblpc_chip_43xx.a(clock_18xx_43xx.o)
                0x1a012074                Chip_Clock_GetDividerSource
 .text.Chip_Clock_GetDividerDivisor
                0x1a0120b4       0x38 /home/gary9555/Desktop/pushbot_new/lpc_chip_43xx/Debug/liblpc_chip_43xx.a(clock_18xx_43xx.o)
                0x1a0120b4                Chip_Clock_GetDividerDivisor
 .text.Chip_Clock_GetClockInputHz
                0x1a0120ec      0x140 /home/gary9555/Desktop/pushbot_new/lpc_chip_43xx/Debug/liblpc_chip_43xx.a(clock_18xx_43xx.o)
                0x1a0120ec                Chip_Clock_GetClockInputHz
 .text.Chip_Clock_GetBaseClocktHz
                0x1a01222c       0x24 /home/gary9555/Desktop/pushbot_new/lpc_chip_43xx/Debug/liblpc_chip_43xx.a(clock_18xx_43xx.o)
                0x1a01222c                Chip_Clock_GetBaseClocktHz
 .text.Chip_Clock_SetBaseClock
                0x1a012250       0x9c /home/gary9555/Desktop/pushbot_new/lpc_chip_43xx/Debug/liblpc_chip_43xx.a(clock_18xx_43xx.o)
                0x1a012250                Chip_Clock_SetBaseClock
 .text.Chip_Clock_DisableBaseClock
                0x1a0122ec       0x40 /home/gary9555/Desktop/pushbot_new/lpc_chip_43xx/Debug/liblpc_chip_43xx.a(clock_18xx_43xx.o)
                0x1a0122ec                Chip_Clock_DisableBaseClock
 .text.Chip_Clock_GetBaseClock
                0x1a01232c       0x4c /home/gary9555/Desktop/pushbot_new/lpc_chip_43xx/Debug/liblpc_chip_43xx.a(clock_18xx_43xx.o)
                0x1a01232c                Chip_Clock_GetBaseClock
 .text.Chip_Clock_EnableOpts
                0x1a012378       0x7c /home/gary9555/Desktop/pushbot_new/lpc_chip_43xx/Debug/liblpc_chip_43xx.a(clock_18xx_43xx.o)
                0x1a012378                Chip_Clock_EnableOpts
 .text.Chip_Clock_Enable
                0x1a0123f4       0x60 /home/gary9555/Desktop/pushbot_new/lpc_chip_43xx/Debug/liblpc_chip_43xx.a(clock_18xx_43xx.o)
                0x1a0123f4                Chip_Clock_Enable
 .text.Chip_Clock_RTCEnable
                0x1a012454       0x2c /home/gary9555/Desktop/pushbot_new/lpc_chip_43xx/Debug/liblpc_chip_43xx.a(clock_18xx_43xx.o)
                0x1a012454                Chip_Clock_RTCEnable
 .text.Chip_Clock_Disable
                0x1a012480       0x60 /home/gary9555/Desktop/pushbot_new/lpc_chip_43xx/Debug/liblpc_chip_43xx.a(clock_18xx_43xx.o)
                0x1a012480                Chip_Clock_Disable
 .text.Chip_Clock_GetRate
                0x1a0124e0       0x88 /home/gary9555/Desktop/pushbot_new/lpc_chip_43xx/Debug/liblpc_chip_43xx.a(clock_18xx_43xx.o)
                0x1a0124e0                Chip_Clock_GetRate
 .text.Chip_Clock_DisablePLL
                0x1a012568       0x38 /home/gary9555/Desktop/pushbot_new/lpc_chip_43xx/Debug/liblpc_chip_43xx.a(clock_18xx_43xx.o)
                0x1a012568                Chip_Clock_DisablePLL
 .text.Chip_DAC_Init
                0x1a0125a0       0x24 /home/gary9555/Desktop/pushbot_new/lpc_chip_43xx/Debug/liblpc_chip_43xx.a(dac_18xx_43xx.o)
                0x1a0125a0                Chip_DAC_Init
 .text.Chip_DAC_UpdateValue
                0x1a0125c4       0x34 /home/gary9555/Desktop/pushbot_new/lpc_chip_43xx/Debug/liblpc_chip_43xx.a(dac_18xx_43xx.o)
                0x1a0125c4                Chip_DAC_UpdateValue
 .text.Chip_DAC_SetBias
                0x1a0125f8       0x34 /home/gary9555/Desktop/pushbot_new/lpc_chip_43xx/Debug/liblpc_chip_43xx.a(dac_18xx_43xx.o)
                0x1a0125f8                Chip_DAC_SetBias
 .text.fpuInit  0x1a01262c       0x74 /home/gary9555/Desktop/pushbot_new/lpc_chip_43xx/Debug/liblpc_chip_43xx.a(fpu_init.o)
                0x1a01262c                fpuInit
 .text.enableClk
                0x1a0126a0       0x30 /home/gary9555/Desktop/pushbot_new/lpc_chip_43xx/Debug/liblpc_chip_43xx.a(i2c_18xx_43xx.o)
 .text.disableClk
                0x1a0126d0       0x30 /home/gary9555/Desktop/pushbot_new/lpc_chip_43xx/Debug/liblpc_chip_43xx.a(i2c_18xx_43xx.o)
 .text.getClkRate
                0x1a012700       0x30 /home/gary9555/Desktop/pushbot_new/lpc_chip_43xx/Debug/liblpc_chip_43xx.a(i2c_18xx_43xx.o)
 .text.startMasterXfer
                0x1a012730       0x20 /home/gary9555/Desktop/pushbot_new/lpc_chip_43xx/Debug/liblpc_chip_43xx.a(i2c_18xx_43xx.o)
 .text.startSlaverXfer
                0x1a012750       0x20 /home/gary9555/Desktop/pushbot_new/lpc_chip_43xx/Debug/liblpc_chip_43xx.a(i2c_18xx_43xx.o)
 .text.isI2CBusFree
                0x1a012770       0x28 /home/gary9555/Desktop/pushbot_new/lpc_chip_43xx/Debug/liblpc_chip_43xx.a(i2c_18xx_43xx.o)
 .text.getCurState
                0x1a012798       0x1c /home/gary9555/Desktop/pushbot_new/lpc_chip_43xx/Debug/liblpc_chip_43xx.a(i2c_18xx_43xx.o)
 .text.handleMasterXferState
                0x1a0127b4      0x298 /home/gary9555/Desktop/pushbot_new/lpc_chip_43xx/Debug/liblpc_chip_43xx.a(i2c_18xx_43xx.o)
                0x1a0127b4                handleMasterXferState
 .text.Chip_I2C_EventHandler
                0x1a012a4c       0x4c /home/gary9555/Desktop/pushbot_new/lpc_chip_43xx/Debug/liblpc_chip_43xx.a(i2c_18xx_43xx.o)
                0x1a012a4c                Chip_I2C_EventHandler
 .text.Chip_I2C_EventHandlerPolling
                0x1a012a98       0x60 /home/gary9555/Desktop/pushbot_new/lpc_chip_43xx/Debug/liblpc_chip_43xx.a(i2c_18xx_43xx.o)
                0x1a012a98                Chip_I2C_EventHandlerPolling
 .text.Chip_I2C_Init
                0x1a012af8       0x34 /home/gary9555/Desktop/pushbot_new/lpc_chip_43xx/Debug/liblpc_chip_43xx.a(i2c_18xx_43xx.o)
                0x1a012af8                Chip_I2C_Init
 .text.Chip_I2C_DeInit
                0x1a012b2c       0x34 /home/gary9555/Desktop/pushbot_new/lpc_chip_43xx/Debug/liblpc_chip_43xx.a(i2c_18xx_43xx.o)
                0x1a012b2c                Chip_I2C_DeInit
 .text.Chip_I2C_SetClockRate
                0x1a012b60       0x68 /home/gary9555/Desktop/pushbot_new/lpc_chip_43xx/Debug/liblpc_chip_43xx.a(i2c_18xx_43xx.o)
                0x1a012b60                Chip_I2C_SetClockRate
 .text.Chip_I2C_SetMasterEventHandler
                0x1a012bc8       0x4c /home/gary9555/Desktop/pushbot_new/lpc_chip_43xx/Debug/liblpc_chip_43xx.a(i2c_18xx_43xx.o)
                0x1a012bc8                Chip_I2C_SetMasterEventHandler
 .text.Chip_I2C_MasterTransfer
                0x1a012c14       0x9c /home/gary9555/Desktop/pushbot_new/lpc_chip_43xx/Debug/liblpc_chip_43xx.a(i2c_18xx_43xx.o)
                0x1a012c14                Chip_I2C_MasterTransfer
 .text.Chip_I2C_MasterSend
                0x1a012cb0       0x74 /home/gary9555/Desktop/pushbot_new/lpc_chip_43xx/Debug/liblpc_chip_43xx.a(i2c_18xx_43xx.o)
                0x1a012cb0                Chip_I2C_MasterSend
 .text.Chip_I2C_MasterCmdRead
                0x1a012d24       0x78 /home/gary9555/Desktop/pushbot_new/lpc_chip_43xx/Debug/liblpc_chip_43xx.a(i2c_18xx_43xx.o)
                0x1a012d24                Chip_I2C_MasterCmdRead
 .text.Chip_I2C_MasterStateHandler
                0x1a012d9c       0x60 /home/gary9555/Desktop/pushbot_new/lpc_chip_43xx/Debug/liblpc_chip_43xx.a(i2c_18xx_43xx.o)
                0x1a012d9c                Chip_I2C_MasterStateHandler
 .text.Chip_I2C_IsStateChanged
                0x1a012dfc       0x3c /home/gary9555/Desktop/pushbot_new/lpc_chip_43xx/Debug/liblpc_chip_43xx.a(i2c_18xx_43xx.o)
                0x1a012dfc                Chip_I2C_IsStateChanged
 .text.iap_entry
                0x1a012e38       0x20 /home/gary9555/Desktop/pushbot_new/lpc_chip_43xx/Debug/liblpc_chip_43xx.a(iap_18xx_43xx.o)
 .text.Chip_IAP_ReinvokeISP
                0x1a012e58       0x24 /home/gary9555/Desktop/pushbot_new/lpc_chip_43xx/Debug/liblpc_chip_43xx.a(iap_18xx_43xx.o)
                0x1a012e58                Chip_IAP_ReinvokeISP
 .text.Chip_OTP_Init
                0x1a012e7c       0xd0 /home/gary9555/Desktop/pushbot_new/lpc_chip_43xx/Debug/liblpc_chip_43xx.a(otp_18xx_43xx.o)
                0x1a012e7c                Chip_OTP_Init
 .text.Chip_RGU_TriggerReset
                0x1a012f4c       0x40 /home/gary9555/Desktop/pushbot_new/lpc_chip_43xx/Debug/liblpc_chip_43xx.a(rgu_18xx_43xx.o)
                0x1a012f4c                Chip_RGU_TriggerReset
 .text.Chip_RGU_ClearReset
                0x1a012f8c       0x34 /home/gary9555/Desktop/pushbot_new/lpc_chip_43xx/Debug/liblpc_chip_43xx.a(rgu_18xx_43xx.o)
                0x1a012f8c                Chip_RGU_ClearReset
 .text.Chip_RIT_Init
                0x1a012fc0       0x38 /home/gary9555/Desktop/pushbot_new/lpc_chip_43xx/Debug/liblpc_chip_43xx.a(ritimer_18xx_43xx.o)
                0x1a012fc0                Chip_RIT_Init
 .text.Chip_RTC_Init
                0x1a012ff8       0x4c /home/gary9555/Desktop/pushbot_new/lpc_chip_43xx/Debug/liblpc_chip_43xx.a(rtc_18xx_43xx.o)
                0x1a012ff8                Chip_RTC_Init
 .text.Chip_RTC_DeInit
                0x1a013044       0x1c /home/gary9555/Desktop/pushbot_new/lpc_chip_43xx/Debug/liblpc_chip_43xx.a(rtc_18xx_43xx.o)
                0x1a013044                Chip_RTC_DeInit
 .text.Chip_RTC_ResetClockTickCounter
                0x1a013060       0x44 /home/gary9555/Desktop/pushbot_new/lpc_chip_43xx/Debug/liblpc_chip_43xx.a(rtc_18xx_43xx.o)
                0x1a013060                Chip_RTC_ResetClockTickCounter
 .text.Chip_RTC_Enable
                0x1a0130a4       0x44 /home/gary9555/Desktop/pushbot_new/lpc_chip_43xx/Debug/liblpc_chip_43xx.a(rtc_18xx_43xx.o)
                0x1a0130a4                Chip_RTC_Enable
 .text.Chip_RTC_SetFullTime
                0x1a0130e8       0x5c /home/gary9555/Desktop/pushbot_new/lpc_chip_43xx/Debug/liblpc_chip_43xx.a(rtc_18xx_43xx.o)
                0x1a0130e8                Chip_RTC_SetFullTime
 .text.Chip_RTC_CalibCounterCmd
                0x1a013144       0x44 /home/gary9555/Desktop/pushbot_new/lpc_chip_43xx/Debug/liblpc_chip_43xx.a(rtc_18xx_43xx.o)
                0x1a013144                Chip_RTC_CalibCounterCmd
 .text.Chip_SetupCoreClock
                0x1a013188       0xb0 /home/gary9555/Desktop/pushbot_new/lpc_chip_43xx/Debug/liblpc_chip_43xx.a(sysinit_18xx_43xx.o)
                0x1a013188                Chip_SetupCoreClock
 .text.Chip_TIMER_GetClockIndex
                0x1a013238       0x50 /home/gary9555/Desktop/pushbot_new/lpc_chip_43xx/Debug/liblpc_chip_43xx.a(timer_18xx_43xx.o)
 .text.Chip_TIMER_Init
                0x1a013288       0x20 /home/gary9555/Desktop/pushbot_new/lpc_chip_43xx/Debug/liblpc_chip_43xx.a(timer_18xx_43xx.o)
                0x1a013288                Chip_TIMER_Init
 .text.Chip_TIMER_DeInit
                0x1a0132a8       0x20 /home/gary9555/Desktop/pushbot_new/lpc_chip_43xx/Debug/liblpc_chip_43xx.a(timer_18xx_43xx.o)
                0x1a0132a8                Chip_TIMER_DeInit
 .text.Chip_TIMER_Reset
                0x1a0132c8       0x3c /home/gary9555/Desktop/pushbot_new/lpc_chip_43xx/Debug/liblpc_chip_43xx.a(timer_18xx_43xx.o)
                0x1a0132c8                Chip_TIMER_Reset
 .text.Chip_TIMER_ExtMatchControlSet
                0x1a013304       0x74 /home/gary9555/Desktop/pushbot_new/lpc_chip_43xx/Debug/liblpc_chip_43xx.a(timer_18xx_43xx.o)
                0x1a013304                Chip_TIMER_ExtMatchControlSet
 .text.Chip_UART_TXDisable
                0x1a013378       0x1c /home/gary9555/Desktop/pushbot_new/lpc_chip_43xx/Debug/liblpc_chip_43xx.a(uart_18xx_43xx.o)
 .text.Chip_UART_SetupFIFOS
                0x1a013394       0x1c /home/gary9555/Desktop/pushbot_new/lpc_chip_43xx/Debug/liblpc_chip_43xx.a(uart_18xx_43xx.o)
 .text.Chip_UART_ConfigData
                0x1a0133b0       0x1c /home/gary9555/Desktop/pushbot_new/lpc_chip_43xx/Debug/liblpc_chip_43xx.a(uart_18xx_43xx.o)
 .text.Chip_UART_EnableDivisorAccess
                0x1a0133cc       0x20 /home/gary9555/Desktop/pushbot_new/lpc_chip_43xx/Debug/liblpc_chip_43xx.a(uart_18xx_43xx.o)
 .text.Chip_UART_DisableDivisorAccess
                0x1a0133ec       0x20 /home/gary9555/Desktop/pushbot_new/lpc_chip_43xx/Debug/liblpc_chip_43xx.a(uart_18xx_43xx.o)
 .text.Chip_UART_SetDivisorLatches
                0x1a01340c       0x28 /home/gary9555/Desktop/pushbot_new/lpc_chip_43xx/Debug/liblpc_chip_43xx.a(uart_18xx_43xx.o)
 .text.Chip_UART_GetClockIndex
                0x1a013434       0x50 /home/gary9555/Desktop/pushbot_new/lpc_chip_43xx/Debug/liblpc_chip_43xx.a(uart_18xx_43xx.o)
 .text.Chip_UART_Init
                0x1a013484       0x7c /home/gary9555/Desktop/pushbot_new/lpc_chip_43xx/Debug/liblpc_chip_43xx.a(uart_18xx_43xx.o)